cwd: /Users/radudiaconu/Desktop/Code/Rust/sockudo
command: cargo test -p sockudo-adapter --features ai-transport
    Blocking waiting for file lock on package cache
    Blocking waiting for file lock on package cache
    Blocking waiting for file lock on package cache
   Compiling tracing v0.1.44
   Compiling rustls-webpki v0.103.13
   Compiling num-integer v0.1.46
   Compiling sockudo-protocol v5.0.1 (/Users/radudiaconu/Desktop/Code/Rust/sockudo/crates/sockudo-protocol)
   Compiling prost v0.14.4
   Compiling env_filter v2.0.0
   Compiling ordered-float v5.3.0
   Compiling crossbeam-deque v0.8.7
   Compiling prost-types v0.14.4
   Compiling sha2 v0.10.9
   Compiling futures-executor v0.3.33
   Compiling saa v5.6.0
   Compiling tokio v1.53.1
   Compiling axum-core v0.5.6
   Compiling env_logger v0.11.11
   Compiling rayon-core v1.13.0
   Compiling num-bigint v0.4.8
   Compiling futures v0.3.33
   Compiling metrics-util v0.20.4
   Compiling sdd v4.8.8
   Compiling oxidelta v0.1.4
   Compiling rustls v0.23.42
   Compiling rayon v1.12.0
   Compiling scc v3.8.5
   Compiling metrics-exporter-prometheus v0.18.3
   Compiling prost-build v0.14.4
   Compiling simple_asn1 v0.6.4
   Compiling jsonwebtoken v11.0.0
   Compiling metrics-exporter-tcp v0.11.2
   Compiling criterion v0.7.0
   Compiling tokio-util v0.7.19
   Compiling tower v0.5.3
   Compiling tokio-rustls v0.26.4
   Compiling crossfire v3.1.19
   Compiling tokio-native-tls v0.3.1
   Compiling tower-http v0.6.11
   Compiling h2 v0.4.16
   Compiling combine v4.6.7
   Compiling hyper v1.11.0
   Compiling redis v1.4.1
   Compiling hyper-util v0.1.20
   Compiling axum v0.8.9
   Compiling hyper-tls v0.6.0
   Compiling hyper-rustls v0.27.9
   Compiling reqwest v0.12.28
   Compiling sockudo-ws v2.0.1
   Compiling sockudo-core v5.0.1 (/Users/radudiaconu/Desktop/Code/Rust/sockudo/crates/sockudo-core)
   Compiling sockudo-webhook v5.0.1 (/Users/radudiaconu/Desktop/Code/Rust/sockudo/crates/sockudo-webhook)
   Compiling sockudo-metrics v5.0.1 (/Users/radudiaconu/Desktop/Code/Rust/sockudo/crates/sockudo-metrics)
   Compiling sockudo-ai-transport v5.0.1 (/Users/radudiaconu/Desktop/Code/Rust/sockudo/crates/sockudo-ai-transport)
   Compiling sockudo-delta v5.0.1 (/Users/radudiaconu/Desktop/Code/Rust/sockudo/crates/sockudo-delta)
   Compiling sockudo-queue v5.0.1 (/Users/radudiaconu/Desktop/Code/Rust/sockudo/crates/sockudo-queue)
   Compiling sockudo-cache v5.0.1 (/Users/radudiaconu/Desktop/Code/Rust/sockudo/crates/sockudo-cache)
   Compiling sockudo-app v5.0.1 (/Users/radudiaconu/Desktop/Code/Rust/sockudo/crates/sockudo-app)
   Compiling sockudo-adapter v5.0.1 (/Users/radudiaconu/Desktop/Code/Rust/sockudo/crates/sockudo-adapter)
    Finished `test` profile [unoptimized + debuginfo] target(s) in 47.57s
     Running unittests src/lib.rs (target/debug/deps/sockudo_adapter-40b8637c86bf810d)

running 140 tests
test handler::ai_rollup::tests::full_retry_queue_requires_reset ... ok
test handler::ai_rollup::tests::failed_delivery_retries_then_requires_reset ... ok
test handler::connection_management::tests::test_different_channels_same_key_produce_different_cache_keys ... ok
test filter_index::tests::test_eq_index_key_hashing ... ok
test handler::connection_management::tests::test_ephemeral_explicitly_false ... ok
test handler::connection_management::tests::test_ephemeral_false_when_extras_present_but_ephemeral_not_set ... ok
test handler::connection_management::tests::test_ephemeral_with_idempotency_key_both_present ... ok
test handler::connection_management::tests::test_ephemeral_message_is_detected ... ok
test handler::connection_management::tests::test_ephemeral_preserves_echo_control ... ok
test handler::connection_management::tests::test_message_with_extras_key_returns_key ... ok
test handler::connection_management::tests::test_extras_idempotency_key_cache_key_format ... ok
test handler::connection_management::tests::test_broadcast_message_ephemeral_flag ... ok
test handler::connection_management::tests::test_broadcast_message_ephemeral_skipped_when_false ... ok
test handler::connection_management::tests::test_message_without_extras_key_proceeds ... ok
test handler::connection_management::tests::test_non_ephemeral_message ... ok
test handler::connection_management::tests::test_resolve_idempotency_partial_app_override ... ok
test handler::connection_management::tests::test_resolve_idempotency_app_disables_globally_enabled ... ok
test handler::connection_management::tests::test_rest_publish_no_socket_delivers_to_all ... ok
test handler::connection_management::tests::test_resolve_idempotency_uses_global_when_no_app_override ... ok
test handler::connection_management::tests::test_resolve_idempotency_app_override_enabled ... ok
test handler::connection_management::tests::test_same_channel_same_key_different_apps_produce_different_cache_keys ... ok
test handler::connection_management::tests::test_should_echo_connection_disabled ... ok
test handler::connection_management::tests::test_should_echo_message_override_false ... ok
test handler::connection_management::tests::test_should_echo_default_true ... ok
test handler::connection_management::tests::test_should_echo_message_override_true ... ok
test handler::connection_management::tests::test_v1_always_excludes_publisher ... ok
test handler::connection_management::tests::test_disabled_ephemeral_strips_ephemeral_flag ... ok
test handler::connection_management::tests::test_v2_echo_messages_false_excludes_publisher ... ok
test handler::connection_management::tests::test_v2_echo_messages_true_includes_publisher ... ok
test handler::connection_management::tests::test_disabled_echo_control_strips_echo_override_only ... ok
test handler::connection_management::tests::test_echo_messages_default_is_true ... ok
test handler::presence_update::tests::presence_update_rate_key_preserves_member_scope ... ok
test handler::connection_management::tests::test_runtime_message_from_record_uses_sockudo_action_event ... ok
test handler::presence_update::tests::parse_presence_update_accepts_json_data ... ok
test handler::presence_update::tests::parse_presence_update_rejects_missing_data_field ... ok
test handler::history_frames::tests::channel_history_frame_accepts_additive_v2_fields_and_aliases ... ok
test handler::connection_management::tests::test_v1_delivery_strips_extras_including_ephemeral ... ok
test handler::history_frames::tests::channel_history_frame_defaults_to_current_contract ... ok
test filter_index::tests::test_filter_index_no_filter ... ok
test handler::recovery::tests::hot_recovery_success_uses_replay_buffer ... ok
test handler::ai_rollup::tests::lifecycle_shutdown_cancels_and_joins_workers ... ok
test handler::recovery::tests::fully_evicted_durable_history_does_not_look_like_a_new_empty_stream ... ok
test handler::recovery::tests::epoch_mismatch_fails_explicitly ... ok
test handler::recovery::tests::durable_recovery_rejects_gap_larger_than_configured_window ... ok
test handler::recovery::tests::history_state_lookup_failure_fails_closed_as_persistence_unavailable ... ok
test handler::ai_orphans::tests::evictable_counter_is_not_stream_limit_authority ... ok
test handler::recovery::tests::recovery_rejects_position_ahead_of_durable_stream ... ok
test handler::recovery::tests::parse_resume_positions_supports_legacy_serials ... ok
test handler::recovery::tests::parse_resume_positions_supports_continuity_tokens ... ok
test handler::recovery::tests::recovery_rejects_has_more_page_without_cursor ... ok
test handler::recovery::tests::per_channel_recovery_outcomes_are_independent ... ok
test handler::recovery::tests::cold_recovery_rejects_non_contiguous_history ... ok
test handler::recovery::tests::cold_recovery_keeps_frozen_bounds_across_multiple_pages ... ok
test handler::recovery::tests::hot_position_ahead_falls_back_to_authoritative_durable_history ... ok
test handler::recovery::tests::cold_recovery_success_uses_durable_history ... ok
test handler::ai_orphans::tests::stale_terminal_cannot_remove_a_newer_streaming_registration ... ok
test handler::ai_orphans::tests::janitor_refreshes_registry_when_latest_version_advanced ... ok
test handler::recovery::tests::replay_buffer_loss_falls_back_to_cold_history ... ok
test handler::connection_management::tests::horizontal_broadcast_round_trip_preserves_commit_envelope ... ok
test handler::recovery::tests::terminal_recovery_position_advances_over_suppressed_messages ... ok
test handler::signin_management::tests::non_token_connections_can_use_legacy_signin ... ok
test handler::signin_management::tests::token_authenticated_connections_cannot_sign_in_again ... ok
test handler::rate_limiting::tests::socket_cleanup_removes_all_socket_scoped_limiters ... ok
test handler::recovery::tests::retention_boundary_crossed_mid_reconnect_fails_as_position_expired ... ok
test handler::recovery::tests::reset_required_state_fails_cold_recovery_as_stream_reset ... ok
test handler::subscription_management::rewind_tests::buffered_rewind_messages_drop_duplicates_and_preserve_gap_free_order ... ok
test handler::subscription_management::rewind_tests::clean_attach_keeps_messages_buffered_at_or_before_high_watermark ... ok
test handler::subscription_management::rewind_tests::rewind_count_builds_newest_first_request ... ok
test handler::subscription_management::rewind_tests::rewind_count_items_are_reordered_oldest_to_newest_for_delivery ... ok
test handler::recovery::tests::retention_gap_fails_explicitly ... ok
test handler::ai_orphans::tests::janitor_closes_streaming_orphan_once_from_another_node ... ok
test handler::subscription_management::rewind_tests::rewind_duration_builds_time_bounded_request ... ok
test handler::subscription_management::tests::test_presence_subscription_includes_self ... ok
test handler::subscription_management::tests::test_presence_subscription_no_double_counting ... ok
test handler::recovery::tests::stream_change_mid_reconnect_fails_as_stream_reset ... ok
test handler::types::rewind_tests::rewind_parser_accepts_count_and_seconds_shapes ... ok
test handler::types::rewind_tests::rewind_parser_rejects_invalid_shapes ... ok
test handler::types::tests::non_string_event_filter_entry_fails_closed ... ok
test handler::types::tests::test_annotation_subscribe_mode_parses_from_modes_array ... ok
test handler::subscription_management::rewind_tests::subscription_success_includes_attach_serial_when_captured ... ok
test handler::recovery::tests::shared_degraded_state_blocks_cross_node_cold_recovery ... ok
test handler::types::tests::test_annotation_subscribe_mode_rejects_non_array ... ok
test handler::recovery::tests::shared_history_store_allows_cross_node_cold_recovery ... ok
test handler::types::tests::test_event_name_filtering_disabled_ignores_filter_events ... ok
test handler::types::tests::test_extract_event_name_filter_compound_events_only ... ok
test handler::types::tests::test_extract_event_name_filter_compound_with_events ... ok
test handler::types::tests::malformed_tag_filter_fails_closed ... ok
test handler::types::tests::test_extract_event_name_filter_empty_events_array ... ok
test handler::types::tests::test_extract_event_name_filter_legacy_filter_passthrough ... ok
test handler::types::tests::test_extract_event_name_filter_none_when_no_filter ... ok
test handler::types::tests::test_compound_filter_parses_tags_filter_node ... ok
test handler::types::tests::test_no_filter_results_in_none ... ok
test handler::types::tests::test_validation_event_name_exactly_200_chars_ok ... ok
test handler::types::tests::compound_expression_compiles_once_at_subscription_boundary ... ok
test handler::types::tests::realtime_subscribe_message_builds_compound_predicate ... ok
test handler::types::tests::test_validation_event_name_max_200_chars ... ok
test handler::types::tests::test_validation_max_50_event_names ... ok
test handler::ai_orphans::tests::concurrent_registry_writers_keep_the_newest_delivery_serial ... ok
test handler::validation::tests::ai_client_id_headers_allow_empty_native_unknown_owners_for_trusted_app ... ok
test handler::validation::tests::ai_client_id_headers_allow_trusted_app_publish ... ok
test handler::validation::tests::ai_client_id_headers_reject_empty_unknown_owner_from_untrusted_clients ... ok
test handler::validation::tests::ai_client_id_headers_reject_spoofed_client_identity ... ok
test handler::validation::tests::capability_permission_allows_matching_presence_pattern ... ok
test handler::validation::tests::capability_permission_denies_publish_when_pattern_missing ... ok
test handler::validation::tests::capability_permission_denies_subscribe_when_pattern_missing ... ok
test handler::validation::tests::namespace_permission_denies_publish_when_flag_disabled ... ok
test handler::validation::tests::namespace_permission_denies_subscribe_when_flag_disabled ... ok
test handler::validation::tests::presence_capability_does_not_satisfy_subscribe_gate ... ok
test handler::validation::tests::rewind_validation_namespace_override_beats_app_default ... ok
test handler::validation::tests::rewind_validation_rejects_disabled_policy ... ok
test handler::validation::tests::subscribe_capability_does_not_satisfy_presence_gate ... ok
test horizontal_adapter::tests::test_is_fire_and_forget_false_for_all_query_types ... ok
test horizontal_adapter::tests::test_is_fire_and_forget_true_for_all_eight ... ok
test horizontal_adapter::tests::legacy_horizontal_payloads_default_to_empty_trace_context ... ok
test local_adapter::tests::v1_compatible_message_delivers_versioned_creates_as_plain_events ... ok
test local_adapter::tests::v1_compatible_message_drops_versioned_mutation_events ... ok
test local_adapter::tests::v1_compatible_message_rewrites_versioned_create_protocol_prefix_to_v1 ... ok
test local_adapter::tests::v1_compatible_message_strips_v2_only_fields_for_plain_messages ... ok
test local_adapter::tests::v2_runtime_message_id_skips_protocol_heartbeats ... ok
test local_adapter::tests::v2_runtime_message_id_still_assigns_regular_messages ... ok
test local_adapter::tests::read_only_queries_do_not_create_empty_namespaces ... ok
test message_predicate::tests::projection_exposes_public_filter_fields_and_hides_internal_headers ... ok
test presence::tests::presence_manager_suppresses_duplicate_authoritative_join_reports ... ok
test presence::tests::presence_manager_records_authoritative_join_and_leave_history ... ok
test presence::tests::presence_manager_skips_non_authoritative_socket_churn_history ... ok
test presence::tests::test_presence_lock_key_format ... ok
test presence::tests::test_presence_manager_creation ... ok
test presence::tests::presence_manager_suppresses_duplicate_authoritative_remove_reports ... ok
test presence::tests::test_cleanup_stale_locks_threshold ... ok
test services::tests::fingerprint_is_stable_across_transport_origin_and_commit_metadata ... ok
test services::tests::fingerprint_changes_with_publisher_identity_or_payload ... ok
test v2_broadcast::predicate_tests::annotation_permission_is_part_of_the_accepting_view ... ok
test services::tests::mutation_fingerprint_includes_supplied_version_identity_and_timestamp ... ok
test watchlist::tests::preserves_watcher_placeholders_when_user_goes_offline ... ok
test v2_broadcast::predicate_tests::subscription_components_are_anded_within_one_view ... ok
test watchlist::tests::removes_empty_placeholder_entries_when_watchlist_changes ... ok
test horizontal_adapter::tests::send_request_wakes_on_notify_without_polling_delay ... ok
test horizontal_adapter::tests::request_cleanup_operates_on_live_pending_requests ... ok
test memory_rate_limiter::tests::expired_entries_reset_without_background_cleanup_tasks ... ok
test memory_rate_limiter::tests::shared_cleanup_reaps_idle_expired_entries ... ok

test result: ok. 140 passed; 0 failed; 0 ignored; 0 measured; 0 filtered out; finished in 2.01s

     Running tests/cleanup_fallback_tests.rs (target/debug/deps/cleanup_fallback_tests-a0f74eb69d9254b7)

running 2 tests
test tests::test_presence_channel_cleanup_info ... ok
test tests::test_fallback_when_queue_full ... ok

test result: ok. 2 passed; 0 failed; 0 ignored; 0 measured; 0 filtered out; finished in 0.00s

     Running tests/cleanup_sender_tests.rs (target/debug/deps/cleanup_sender_tests-d755353b3e1c45d8)

running 6 tests
test tests::test_cleanup_sender_clone_semantics ... ok
test tests::test_cleanup_sender_direct_backpressure ... ok
test tests::test_cleanup_sender_try_send_interface ... ok
test tests::test_cleanup_sender_direct_variant ... ok
test tests::test_cleanup_sender_error_types ... ok
test tests::test_cleanup_sender_is_closed ... ok

test result: ok. 6 passed; 0 failed; 0 ignored; 0 measured; 0 filtered out; finished in 0.01s

     Running tests/integration.rs (target/debug/deps/integration-833a13ec24e5e8a0)

running 286 tests
test adapter::auth_test::test_api_auth_rejects_route_app_id_mismatch ... ok
test adapter::auth_test::test_api_auth_post_with_wrong_body_md5 ... ok
test adapter::auth_test::test_api_auth_expired_timestamp ... ok
test adapter::auth_test::test_api_auth_empty_parameter_values ... ok
test adapter::auth_test::test_api_auth_invalid_signature ... ok
test adapter::auth_test::test_api_auth_post_empty_body_with_wrong_body_md5_should_fail ... ok
test adapter::auth_test::test_api_auth_post_with_body_md5 ... ok
test adapter::auth_test::test_api_auth_valid_signature ... ok
test adapter::auth_test::test_api_auth_post_empty_body_with_body_md5 ... ok
test adapter::auth_test::test_api_auth_get_with_body_md5_should_fail ... ok
test adapter::auth_test::test_api_auth_special_characters_in_keys ... ok
test adapter::auth_test::test_api_auth_post_no_body_with_body_md5_should_fail ... ok
test adapter::auth_test::test_api_auth_case_insensitive_query_keys ... ok
test adapter::auth_test::test_api_auth_case_insensitive_sorting_order ... ok
test adapter::auth_test::test_api_auth_large_number_of_parameters ... ok
test adapter::auth_test::test_validate_channel_auth_invalid_key ... ok
test adapter::auth_test::test_sign_in_token_generation ... ok
test adapter::auth_test::test_validate_channel_auth_invalid_signature ... ok
test adapter::auth_test::test_validate_channel_auth_valid ... ok
test adapter::auth_test::test_validate_channel_auth_with_app_key_prefix ... ok
test adapter::cluster_health_integration_tests::test_cluster_health_configuration_applied ... ok
test adapter::cluster_health_integration_tests::test_dead_node_detection_logic ... ok
test adapter::cluster_health_tests::test_cluster_health_config_default_values ... ok
test adapter::cluster_health_tests::test_cluster_health_config_default_values_ratios ... ok
test adapter::cluster_health_tests::test_cluster_health_config_validation_cleanup_interval_too_high ... ok
test adapter::cluster_health_tests::test_cluster_health_config_validation_heartbeat_too_high ... ok
test adapter::cluster_health_tests::test_cluster_health_config_validation_success ... ok
test adapter::cluster_health_tests::test_cluster_health_config_validation_zero_heartbeat ... ok
test adapter::cluster_health_tests::test_cluster_health_config_validation_boundary_case ... ok
test adapter::cluster_health_tests::test_cluster_health_config_validation_zero_node_timeout ... ok
test adapter::cluster_health_tests::test_cluster_health_config_validation_zero_cleanup_interval ... ok
test adapter::cluster_health_tests::test_cluster_health_disabled_flag_behavior ... ok
test adapter::cluster_health_integration_tests::test_leader_election_algorithm ... ok
test adapter::cluster_health_tests::test_cluster_health_field_direct_access ... ok
test adapter::cluster_health_tests::test_set_cluster_health_with_invalid_config_uses_defaults ... ok
test adapter::cluster_health_tests::test_set_cluster_health_applies_configuration ... ok
test adapter::active_channels_gauge_tests::join_channel_fast_reports_transition_only_on_first_join ... ok
test adapter::async_disconnect_cleanup_tests::delayed_worker_cannot_delay_cancellation ... ok
test adapter::cluster_presence_registry_tests::test_local_channel_members_skips_own_node ... ok
test adapter::cluster_presence_registry_tests::test_local_channel_members_merges_registry ... ok
test adapter::async_disconnect_cleanup_tests::queue_fallback_remains_idempotent ... ok
test adapter::clustered_active_channels_gauge_tests::batch_socket_counts_use_registry_when_aggregate_counts_enabled ... ok
test adapter::cluster_presence_registry_tests::test_local_channel_members_filters_by_app_id ... ok
test adapter::connected_gauge_regression_tests::drain_guard_is_accepting_false_when_running_false ... ok
test adapter::connected_gauge_regression_tests::is_accepting_defaults_to_true ... ok
test adapter::cross_node_sync_tests::test_channel_members_aggregation_deduplication ... ok
test adapter::cross_node_sync_tests::test_channels_with_socket_count_aggregation ... ok
test adapter::cross_node_sync_tests::test_empty_response_aggregation ... ok
test adapter::cross_node_sync_tests::test_exists_flag_aggregation_logic ... ok
test adapter::cross_node_sync_tests::test_request_response_aggregation_logic ... ok
test adapter::connected_gauge_regression_tests::connected_gauge_no_double_decrement_on_close_and_cleanup ... ok
test adapter::connected_gauge_regression_tests::connected_gauge_setup_failure_decrements_on_cleanup ... ok
test adapter::connected_gauge_regression_tests::connected_gauge_over_quota_never_increments ... ok
test adapter::cross_node_sync_tests::test_request_with_no_other_nodes_returns_immediately ... ok
test adapter::dead_node_detection_tests::test_cleanup_leader_election_excludes_dead_nodes ... ok
test adapter::dead_node_detection_tests::test_cleanup_leader_election_logic ... ok
test adapter::dead_node_detection_tests::test_dead_node_detection_identifies_timeout_nodes ... ok
test adapter::connected_gauge_regression_tests::connected_gauge_socket_replacement_nets_zero ... ok
test adapter::filter_index_disconnect_cleanup_tests::remove_from_channel_cleans_filter_index_when_socket_already_gone ... ok
test adapter::dead_node_detection_tests::test_heartbeat_tracking_updates_node_registry ... ok
test adapter::dead_node_detection_tests::test_follower_cleanup_only_removes_registry_data ... ok
test adapter::graceful_departure_tests::test_mock_transport_node_count_is_not_real_time ... ok
test adapter::cluster_presence_registry_tests::test_concurrent_read_write_registry ... ok
test adapter::graceful_departure_tests::test_receiving_node_dead_prunes_peer_heartbeat ... ok
test adapter::dead_node_detection_tests::test_dead_node_cleanup_removes_presence_data ... ok
test adapter::dead_node_detection_tests::test_dead_node_event_structure_contains_required_data ... ok
test adapter::dead_node_detection_tests::dead_node_cleanup_keeps_each_ably_connection_for_same_client ... ok
test adapter::handler::annotations_test::distinct_summary_tracks_per_name_buckets_and_named_deletes ... ok
test adapter::handler::annotations_test::flag_publish_rejects_unidentified_client ... ok
test adapter::handler::activity_timeout_test::initial_activity_timeout_task_is_installed_only_for_v1 ... ok
test adapter::handler::annotations_test::flag_summary_deduplicates_deletes_and_requires_client ... ok
test adapter::handler::annotations_test::identified_summary_clips_client_ids_at_configured_limit ... ok
test adapter::handler::annotations_test::multiple_summary_tracks_counts_unidentified_and_delete_by_client ... ok
test adapter::handler::annotations_test::multiple_summary_clips_client_counts_and_preserves_total_client_ids ... ok
test adapter::handler::annotations_test::caller_annotation_id_suppresses_sequential_retry_delivery_and_counting ... ok
test adapter::handler::annotations_test::caller_annotation_id_suppresses_concurrent_retry_counting ... ok
test adapter::clustered_active_channels_gauge_tests::subscribe_does_not_fan_out_for_cluster_count ... ok
test adapter::clustered_active_channels_gauge_tests::unsubscribe_local_does_not_fan_out_for_cluster_count ... ok
test adapter::handler::annotations_test::shared_annotation_store_converges_under_two_node_concurrent_counting_publishes ... ok
test adapter::handler::annotations_test::reconnect_subscription_marks_projection_rebuild_metrics_on_cache_miss ... ok
test adapter::handler::annotations_test::shared_annotation_store_converges_after_node_failover_delete_and_replay ... ok
test adapter::handler::annotations_test::reconnect_subscription_receives_coherent_summary_snapshot ... ok
test adapter::handler::annotations_test::publish_annotation_delivers_summary_and_delete_delivers_decrement ... ok
test adapter::handler::annotations_test::total_summary_create_delete_and_duplicate_client_counts ... ok
test adapter::handler::annotations_test::unique_summary_moves_client_between_names ... ok
test adapter::handler::auth_token_user_index_tests::migration_detection_predicate_fires_for_differing_ids ... ok
test adapter::handler::auth_token_user_index_tests::presence_subscription_cannot_overwrite_token_auth_user_id ... ok
test adapter::handler::auth_token_user_index_tests::token_auth_on_fresh_connection_is_first_time_assignment ... ok
test adapter::handler::auth_token_user_index_tests::token_auth_context_prevents_signin_overwrite ... ok
test adapter::handler::auth_token_user_index_tests::token_auth_refresh_same_client_id_is_idempotent ... ok
test adapter::handler::auth_token_user_index_tests::token_auth_sets_all_expected_state_fields ... ok
test adapter::handler::annotations_test::shared_annotation_store_converges_under_two_node_concurrent_publishes ... ok
test adapter::handler::authentication_test::test_verify_channel_authentication_presence_channel ... ok
test adapter::handler::authentication_test::test_verify_channel_authentication_private_channel_no_auth ... ok
test adapter::handler::authentication_test::test_verify_channel_authentication_public_channel ... ok
test adapter::handler::authentication_test::test_verify_channel_authentication_private_channel_with_auth ... ok
test adapter::handler::presence_user_id_guard_test::test_presence_subscription_guard_preserves_signin_user_id ... ok
test adapter::handler::presence_user_id_guard_test::production_signin_rejects_disconnecting_socket_without_reindexing ... ok
test adapter::handler::presence_user_id_guard_test::production_same_id_signin_updates_user_info_without_duplicate_route ... ok
test adapter::handler::presence_user_id_guard_test::production_signin_migrates_composite_routing_identity ... ok
test adapter::handler::presence_user_id_guard_test::production_v1_presence_lifecycle_preserves_member_events_and_single_user_route ... ok
test adapter::handler::presence_user_id_guard_test::test_presence_subscription_guard_sets_user_id_when_none ... ok
test adapter::handler::runtime_rewind_recovery_e2e_test::ai_transport_recovery_replays_stream_mutations_after_disconnect_e2e ... ok
test adapter::handler::runtime_rewind_recovery_e2e_test::cold_recovery_replays_real_deliveries_e2e ... ok
test adapter::handler::runtime_rewind_recovery_e2e_test::ai_transport_streamed_response_fans_out_and_rewinds_as_latest_message_e2e ... ok
test adapter::handler::runtime_rewind_recovery_e2e_test::ai_transport_concurrent_runs_cancel_and_codec_metadata_round_trip_e2e ... ok
test adapter::handler::runtime_rewind_recovery_e2e_test::partial_per_channel_recovery_results_surface_real_deliveries_e2e ... ok
test adapter::handler::runtime_rewind_recovery_e2e_test::hot_recovery_replays_real_deliveries_e2e ... ok
test adapter::handler::runtime_rewind_recovery_e2e_test::hot_recovery_resumes_idle_subscription_e2e ... ok
test adapter::handler::runtime_rewind_recovery_e2e_test::reserved_mutation_delivery_position_is_preserved_e2e ... ok
test adapter::handler::signin_test::test_auth_validator_sign_in_token_generation ... ok
test adapter::handler::runtime_rewind_recovery_e2e_test::resume_success_precedes_live_messages_published_during_replay_e2e ... ok
test adapter::handler::runtime_rewind_recovery_e2e_test::rewind_handoff_has_no_gap_and_suppresses_duplicates_e2e ... ok
test adapter::handler::signin_test::test_auth_validator_with_different_user_data ... ok
test adapter::handler::signin_test::test_handle_signin_request_authentication_disabled ... ok
test adapter::handler::signin_test::test_handle_signin_request_early_validation_flow ... ok
test adapter::handler::signin_test::test_handle_signin_request_invalid_signature ... ok
test adapter::handler::signin_test::test_handle_signin_request_invalid_user_data ... ok
test adapter::handler::signin_test::test_handle_signin_request_missing_user_id ... ok
test adapter::handler::signin_test::test_handle_signin_request_parse_and_validate_user_data ... ok
test adapter::handler::signin_test::test_signin_request_from_message_invalid_format ... ok
test adapter::handler::signin_test::test_signin_request_from_message_json_format ... ok
test adapter::handler::signin_test::test_signin_request_from_message_missing_auth_structured ... ok
test adapter::handler::signin_test::test_parse_user_data_extracts_capabilities_and_meta ... ok
test adapter::handler::signin_test::test_signin_request_from_message_missing_user_data_json ... ok
test adapter::handler::signin_test::test_signin_request_from_message_structured_format ... ok
test adapter::handler::signin_test::test_verify_signin_authentication_with_invalid_signature ... ok
test adapter::handler::signin_test::test_verify_signin_authentication_with_prefix ... ok
test adapter::handler::signin_test::test_verify_signin_authentication_without_prefix ... ok
test adapter::handler::validation_test::client_event_validation_tests::test_client_event_allowed_on_private_channel ... ok
test adapter::handler::validation_test::client_event_validation_tests::test_binary_client_event_payload_size_limit_uses_raw_bytes ... ok
test adapter::handler::validation_test::client_event_validation_tests::test_client_event_allowed_on_presence_channel ... ok
test adapter::handler::validation_test::client_event_validation_tests::test_client_event_cannot_use_pusher_internal_prefix ... ok
test adapter::handler::validation_test::client_event_validation_tests::test_client_event_cannot_use_pusher_prefix ... ok
test adapter::handler::validation_test::client_event_validation_tests::test_client_event_channel_name_length_limit ... ok
test adapter::handler::validation_test::client_event_validation_tests::test_client_event_must_start_with_client_prefix ... ok
test adapter::handler::validation_test::client_event_validation_tests::test_client_event_name_length_limit ... ok
test adapter::handler::validation_test::client_event_validation_tests::test_client_event_payload_size_limit ... ok
test adapter::handler::validation_test::client_event_validation_tests::test_client_event_rejected_on_public_channel ... ok
test adapter::handler::validation_test::client_event_validation_tests::test_client_event_validation_edge_cases ... ok
test adapter::handler::validation_test::client_event_validation_tests::test_client_event_with_special_prefixes_variations ... ok
test adapter::handler::validation_test::client_event_validation_tests::test_client_events_disabled_for_app ... ok
test adapter::handler::validation_test::client_event_validation_tests::test_valid_client_event_passes_validation ... ok
test adapter::handler::webhook_count_gate_test::presence_subscribe_triggers_count_query ... ok
test adapter::handler::webhook_count_gate_test::non_presence_unsubscribe_skips_count_query ... ok
test adapter::handler::webhook_count_gate_test::non_presence_subscribe_skips_count_query ... ok
test adapter::horizontal_adapter_base_test::test_broadcast_message_verification ... ok
test adapter::handler::runtime_rewind_recovery_e2e_test::concurrent_publishes_are_delivered_in_reserved_serial_order_e2e ... ok
test adapter::clustered_active_channels_gauge_tests::subscribe_activates_on_local_transition_not_cluster_count ... ok
test adapter::clustered_active_channels_gauge_tests::unsubscribe_empties_local_while_cluster_still_holds_channel ... ok
test adapter::clustered_active_channels_gauge_tests::resubscribe_does_not_activate_again ... ok
test adapter::horizontal_adapter_base_test::test_connection_manager_error_propagation ... ok
test adapter::horizontal_adapter_base_test::test_channel_socket_overlap_aggregation ... ok
test adapter::horizontal_adapter_base_test::test_completed_empty_resolve_counts_as_resolved_promise ... ok
test adapter::horizontal_adapter_base_test::test_corrupt_response_handling ... ok
test adapter::horizontal_adapter_base_test::test_concurrent_request_isolation ... ok
test adapter::horizontal_adapter_base_test::test_dynamic_node_count_handling ... ok
test adapter::horizontal_adapter_base_test::test_disabled_socket_counting_returns_local_count_without_remote_request ... ok
test adapter::horizontal_adapter_base_test::test_horizontal_adapter_base_new ... ok
test adapter::horizontal_adapter_base_test::test_horizontal_adapter_base_new_failure ... ok
test adapter::horizontal_adapter_base_test::test_conflicting_data_handling ... ok
test adapter::horizontal_adapter_base_test::test_connection_manager_distributed_socket_count ... ok
test adapter::horizontal_adapter_base_test::test_presence_member_data_integrity ... ok
test adapter::horizontal_adapter_base_test::test_multi_node_socket_aggregation ... ok
test adapter::horizontal_adapter_base_test::test_realistic_socket_aggregation ... ok
test adapter::horizontal_adapter_base_test::test_connection_manager_socket_existence ... ok
test adapter::graceful_departure_tests::test_announce_node_departure_ok_when_transport_unhealthy ... ok
test adapter::graceful_departure_tests::test_announce_node_departure_publishes_node_dead ... ok
test adapter::horizontal_adapter_base_test::test_transport_health_failure_propagation ... ok
test adapter::horizontal_adapter_failure_tests::test_channel_operation_edge_cases ... ok
test adapter::horizontal_adapter_base_test::test_request_id_uniqueness_under_load ... ok
test adapter::horizontal_adapter_base_test::test_connection_manager_user_operations ... ok
test adapter::horizontal_adapter_failure_tests::test_duplicate_request_id_handling ... ok
test adapter::horizontal_adapter_failure_tests::test_extreme_value_handling ... ok
test adapter::horizontal_adapter_failure_tests::test_handler_registration_race_condition ... ok
test adapter::horizontal_adapter_base_test::test_connection_manager_channel_specific_operations ... ok
test adapter::horizontal_adapter_base_test::test_user_socket_aggregation ... ok
test adapter::horizontal_adapter_failure_tests::test_corrupted_response_filtering ... ok
test adapter::horizontal_adapter_base_test::test_socket_existence_validation ... ok
test adapter::horizontal_adapter_failure_tests::test_memory_exhaustion_protection ... ok
test adapter::horizontal_adapter_failure_tests::test_request_publish_failure_recovery ... ok
test adapter::horizontal_adapter_failure_tests::test_transport_publish_failure_recovery ... ok
test adapter::horizontal_adapter_failure_tests::test_transport_health_during_active_requests ... ok
test adapter::horizontal_adapter_race_tests::test_adapter_state_isolation ... ok
test adapter::horizontal_adapter_failure_tests::test_unicode_and_special_characters ... ok
test adapter::cross_node_sync_tests::test_partial_response_handling_timeout_behavior ... ok
test adapter::horizontal_adapter_race_tests::test_concurrent_connection_manager_operations ... ok
test adapter::horizontal_adapter_race_tests::test_concurrent_health_checks_during_operations ... ok
test adapter::horizontal_adapter_race_tests::test_concurrent_listener_starts ... ok
test adapter::horizontal_adapter_race_tests::test_memory_consistency_under_concurrent_access ... ok
test adapter::horizontal_adapter_race_tests::test_node_count_changes_during_requests ... ok
test adapter::horizontal_adapter_race_tests::test_request_response_matching_under_load ... ok
test adapter::horizontal_adapter_failure_tests::test_node_join_leave_during_requests ... ok
test adapter::horizontal_adapter_race_tests::test_transport_state_consistency_under_load ... ok
test adapter::local_adapter_fallback_tests::test_local_adapter_app_isolation ... ok
test adapter::local_adapter_fallback_tests::test_local_adapter_cluster_health_disabled ... ok
test adapter::local_adapter_fallback_tests::test_local_adapter_concurrent_operations ... ok
test adapter::local_adapter_fallback_tests::test_local_adapter_error_handling ... ok
test adapter::local_adapter_fallback_tests::test_local_adapter_fallback_from_failed_distributed_adapter ... ok
test adapter::horizontal_adapter_failure_tests::test_request_timeout_boundary_conditions ... ok
test adapter::local_adapter_fallback_tests::test_local_adapter_memory_cleanup ... ok
test adapter::local_adapter_fallback_tests::test_local_adapter_no_horizontal_interface ... ok
test adapter::local_adapter_fallback_tests::test_local_adapter_presence_operations ... ok
test adapter::local_adapter_fallback_tests::test_local_adapter_with_custom_buffer ... ok
test adapter::local_channel_members_tests::test_local_members_deduplicates_multi_socket_user ... ok
test adapter::local_channel_members_tests::test_local_members_filters_app_and_excludes_self_node ... ok
test adapter::local_channel_members_tests::test_local_members_merges_local_and_remote ... ok
test adapter::presence_concurrency_tests::test_concurrent_joins_same_user ... ok
test adapter::presence_concurrency_tests::test_concurrent_leave_join_race ... ok
test adapter::presence_concurrency_tests::test_no_duplicate_member_added_on_second_join ... ok
test adapter::presence_concurrency_tests::test_no_member_removed_while_other_connections_exist ... ok
test adapter::presence_concurrency_tests::test_single_member_added_on_first_join ... ok
test adapter::presence_concurrency_tests::test_single_member_removed_on_last_leave ... ok
test adapter::presence_lock_scope_tests::test_presence_broadcast_order_with_member_removed ... ok
test adapter::presence_lock_scope_tests::test_presence_lock_prevents_duplicate_member_added ... ok
test adapter::presence_lock_scope_tests::test_presence_lock_prevents_duplicate_member_removed ... ok
test adapter::presence_lock_scope_tests::test_presence_webhook_order_with_member_added ... ok
test adapter::presence_state_consistency_tests::test_bulk_presence_cleanup ... ok
test adapter::presence_state_consistency_tests::test_presence_state_with_clock_skew ... ok
test adapter::presence_state_consistency_tests::test_sequence_number_conflict_resolution ... ok
test adapter::presence_state_sync_default_test::default_sync_sends_single_message ... ok
test adapter::presence_synchronization_tests::test_multiple_presence_members_same_channel ... ok
test adapter::presence_synchronization_tests::test_presence_broadcast_skipped_when_cluster_health_disabled ... ok
test adapter::presence_synchronization_tests::test_presence_local_registry_update_always_happens ... ok
test adapter::presence_synchronization_tests::test_presence_member_join_broadcast ... ok
test adapter::presence_synchronization_tests::test_presence_member_leave_broadcast ... ok
test adapter::presence_synchronization_tests::test_presence_state_consistency_across_join_leave ... ok
test adapter::replay_buffer_tests::replay_buffer_regression::cursor_ahead_of_hot_stream_fails_closed ... ok
test adapter::replay_buffer_tests::replay_buffer_regression::gap_and_duplicate_serials_fail_closed ... ok
test adapter::replay_buffer_tests::replay_buffer_regression::out_of_order_arrival_is_replayed_in_serial_order ... ok
test adapter::replay_buffer_tests::replay_buffer_regression::recovery_fails_closed_when_reserved_positions_leave_a_gap ... ok
test adapter::replay_buffer_tests::replay_buffer_regression::reserved_position_is_preserved_without_minting_a_second_serial ... ok
test adapter::replay_buffer_tests::replay_buffer_regression::test_concurrent_store_and_read ... ok
test adapter::replay_buffer_tests::replay_buffer_regression::test_empty_subscription_position_recovers_later_messages ... ok
test adapter::replay_buffer_tests::replay_buffer_regression::test_ensure_position_aligns_empty_stream_with_durable_history ... ok
test adapter::replay_buffer_tests::replay_buffer_regression::test_eviction_under_capacity ... ok
test adapter::replay_buffer_tests::replay_buffer_regression::test_next_serial_monotonic ... ok
test adapter::replay_buffer_tests::replay_buffer_regression::test_store_and_retrieve_messages ... ok
test adapter::replay_buffer_tests::replay_buffer_regression::test_store_updates_stream_id ... ok
test adapter::handler::annotations_test::protocol_v1_subscription_receives_no_annotation_or_summary_frames ... ok
test adapter::handler::annotations_test::annotation_subscribe_receives_raw_events_but_ordinary_subscribe_does_not ... ok
test adapter::horizontal_adapter_failure_tests::test_concurrent_request_cleanup ... ok
test adapter::server_role_tests::test_api_only_always_publishes_horizontally ... ok
test adapter::server_role_tests::test_api_only_get_sockets_count_returns_local ... ok
test adapter::server_capacity_tests::server_max_connections_rejects_over_capacity ... ok
test adapter::server_role_tests::test_api_only_request_reply_short_circuits ... ok
test adapter::server_role_tests::test_api_only_should_skip_horizontal_communication_is_false ... ok
test adapter::server_role_tests::test_default_should_skip_horizontal_communication_is_true ... ok
test adapter::single_node_optimization_tests::test_dead_node_optimization ... ok
test adapter::single_node_optimization_tests::test_effective_node_count_detection ... ok
test adapter::local_adapter_fallback_tests::test_local_adapter_large_scale ... ok
test adapter::single_node_optimization_tests::test_cluster_health_node_count_overrides_transport_hint_for_requests ... ok
test adapter::single_node_optimization_tests::test_multi_node_sends_presence_broadcasts ... ok
test adapter::single_node_optimization_tests::test_should_skip_horizontal_communication ... ok
test adapter::horizontal_adapter_race_tests::test_broadcast_during_listener_changes ... ok
test adapter::horizontal_adapter_race_tests::test_response_handler_race_conditions ... ok
test adapter::single_node_optimization_tests::test_single_node_skips_presence_broadcasts ... ok
test adapter::single_node_optimization_tests::test_single_node_skips_requests ... ok
test adapter::single_node_optimization_tests::test_transition_single_to_multi_node ... ok
test adapter::user_has_connections_tests::test_count_user_connections_in_channel_uses_registry_when_fast_transitions_enabled ... ok
test adapter::user_has_connections_tests::test_presence_member_count_uses_registry_without_channel_members_request ... ok
test adapter::single_node_optimization_tests::test_multi_node_sends_requests ... ok
test adapter::user_has_connections_tests::test_user_has_connections_returns_true_from_local_without_remote_request ... ok
test adapter::user_has_connections_tests::test_user_has_connections_uses_presence_registry_when_fast_transitions_enabled ... ok
test adapter::single_node_optimization_tests::test_multi_node_sends_broadcast ... ok
test adapter::user_socket_index_regression_tests::force_reconnect_closes_live_socket ... ok
test adapter::handler::runtime_rewind_recovery_e2e_test::writer_queue_full_fault_rejects_publish_without_live_delivery ... ok
test adapter::user_socket_index_regression_tests::stale_id_is_ignored_by_routing_and_counting ... ok
test adapter::user_socket_index_regression_tests::terminate_user_connections_closes_live_socket ... ok
test adapter::single_node_optimization_tests::test_single_node_skips_broadcast ... ok
test adapter::horizontal_adapter_failure_tests::test_all_nodes_timeout_scenario ... ok
test adapter::user_socket_index_regression_tests::server_to_user_fanout_reaches_all_live_sockets ... ok
test adapter::horizontal_adapter_race_tests::test_cleanup_after_abandoned_operations ... ok
test adapter::replay_buffer_tests::replay_buffer_regression::test_ttl_expiry ... ok
test adapter::cluster_health_integration_tests::test_cluster_health_disabled_no_heartbeat ... ok
test adapter::horizontal_adapter_base_test::test_timed_out_resolve_counts_as_uncomplete_promise ... ok
test adapter::horizontal_adapter_base_test::test_send_request_timeout_with_partial_responses ... ok
test adapter::horizontal_adapter_failure_tests::test_partial_node_response_aggregation ... ok
test adapter::user_has_connections_tests::test_count_user_connections_in_channel_uses_remote_request_for_presence_by_default ... ok
test adapter::user_has_connections_tests::test_user_has_connections_falls_back_to_remote_for_non_presence_channel ... ok
test adapter::user_has_connections_tests::test_user_has_connections_uses_remote_request_for_presence_by_default ... ok
test adapter::dead_node_detection_tests::test_dead_nodes_expire_locally_when_node_dead_publish_hangs ... ok
test adapter::server_capacity_tests::server_max_connections_zero_disables_limit ... ok
test adapter::handler::activity_timeout_test::native_ping_resets_activity_timer_and_receives_pong ... ok
test adapter::handler::activity_timeout_test::v1_pong_resets_activity_timer ... ok
test adapter::handler::activity_timeout_test::v1_connection_closes_without_pong ... ok

test result: ok. 286 passed; 0 failed; 0 ignored; 0 measured; 0 filtered out; finished in 35.02s

     Running tests/redis_sentinel_live.rs (target/debug/deps/redis_sentinel_live-8f5026513fd8ac37)

running 0 tests

test result: ok. 0 passed; 0 failed; 0 ignored; 0 measured; 0 filtered out; finished in 0.00s

   Doc-tests sockudo_adapter

running 0 tests

test result: ok. 0 passed; 0 failed; 0 ignored; 0 measured; 0 filtered out; finished in 0.00s

