    Checking tokio-tungstenite v0.29.0
    Checking sockudo-protocol v5.0.1 (/Users/radudiaconu/Desktop/Code/Rust/sockudo/crates/sockudo-protocol)
    Checking sha2 v0.10.9
    Checking byteorder v1.5.0
    Checking sqlx-core v0.9.0
    Checking axum v0.8.9
    Checking sqlx-postgres v0.9.0
    Checking sqlx-mysql v0.9.0
    Checking sockudo-ws v2.0.1
    Checking sockudo-core v5.0.1 (/Users/radudiaconu/Desktop/Code/Rust/sockudo/crates/sockudo-core)
    Checking sqlx v0.9.0
    Checking sockudo-metrics v5.0.1 (/Users/radudiaconu/Desktop/Code/Rust/sockudo/crates/sockudo-metrics)
    Checking sockudo-webhook v5.0.1 (/Users/radudiaconu/Desktop/Code/Rust/sockudo/crates/sockudo-webhook)
    Checking sockudo-cache v5.0.1 (/Users/radudiaconu/Desktop/Code/Rust/sockudo/crates/sockudo-cache)
    Checking sockudo-queue v5.0.1 (/Users/radudiaconu/Desktop/Code/Rust/sockudo/crates/sockudo-queue)
    Checking sockudo-app v5.0.1 (/Users/radudiaconu/Desktop/Code/Rust/sockudo/crates/sockudo-app)
    Checking sockudo-rate-limiter v5.0.1 (/Users/radudiaconu/Desktop/Code/Rust/sockudo/crates/sockudo-rate-limiter)
    Checking sockudo-adapter v5.0.1 (/Users/radudiaconu/Desktop/Code/Rust/sockudo/crates/sockudo-adapter)
    Checking sockudo v5.0.1 (/Users/radudiaconu/Desktop/Code/Rust/sockudo/crates/sockudo-server)
    Finished `dev` profile [unoptimized + debuginfo] target(s) in 19.16s
