[2m2026-09-08T12:53:43.406335Z[0m [32m INFO[0m [2msockudo[0m[2m:[0m logging initialized with resolved configuration [3moutput_format[0m[2m=[0m"text" [3mfilter[0m[2m=[0minfo [3mdebug[0m[2m=[0mfalse [3minclude_target[0m[2m=[0mtrue [3mcolors_enabled[0m[2m=[0mtrue [3msource_location[0m[2m=[0mfalse
[2m2026-09-08T12:53:43.406478Z[0m [32m INFO[0m [2msockudo[0m[2m:[0m configuration loading complete [3mdebug[0m[2m=[0mfalse
[2m2026-09-08T12:53:43.406508Z[0m [32m INFO[0m [2msockudo[0m[2m:[0m Starting Sockudo server initialization process with resolved configuration...
[2m2026-09-08T12:53:43.406610Z[0m [32m INFO[0m [2msockudo::bootstrap::server[0m[2m:[0m initializing sockudo server [3mdebug[0m[2m=[0mfalse
[2m2026-09-08T12:53:43.406646Z[0m [32m INFO[0m [2msockudo_cache::factory[0m[2m:[0m initializing cache manager [3mcache_driver[0m[2m=[0mMemory
[2m2026-09-08T12:53:43.406679Z[0m [32m INFO[0m [2msockudo_cache::factory[0m[2m:[0m using cache driver [3mcache_driver[0m[2m=[0m"memory"
[2m2026-09-08T12:53:43.407123Z[0m [32m INFO[0m [2msockudo::bootstrap::server[0m[2m:[0m cache manager initialized [3mcache_driver[0m[2m=[0mMemory
[2m2026-09-08T12:53:43.407201Z[0m [32m INFO[0m [2msockudo_app::factory[0m[2m:[0m app manager factory initializing [3mdriver[0m[2m=[0mMemory
[2m2026-09-08T12:53:43.407210Z[0m [32m INFO[0m [2msockudo_app::factory[0m[2m:[0m app manager factory initialized [3mapp_manager[0m[2m=[0m"memory"
[2m2026-09-08T12:53:43.407503Z[0m [32m INFO[0m [2msockudo::bootstrap::server[0m[2m:[0m app manager initialized [3mapp_manager[0m[2m=[0mMemory [3mcache_enabled[0m[2m=[0mtrue
[2m2026-09-08T12:53:43.407559Z[0m [32m INFO[0m [2msockudo_adapter::factory[0m[2m:[0m connection manager initializing [3madapter[0m[2m=[0mLocal
[2m2026-09-08T12:53:43.407579Z[0m [32m INFO[0m [2msockudo_adapter::factory[0m[2m:[0m adapter initialized [3madapter[0m[2m=[0m"local"
[2m2026-09-08T12:53:43.407669Z[0m [32m INFO[0m [2msockudo_adapter::local_adapter[0m[2m:[0m local adapter initialized [3mcpu_cores[0m[2m=[0m18 [3mbuffer_multiplier[0m[2m=[0m64 [3mmax_concurrent[0m[2m=[0m1152
[2m2026-09-08T12:53:43.408024Z[0m [32m INFO[0m [2msockudo::bootstrap::server[0m[2m:[0m adapter initialized [3madapter[0m[2m=[0mLocal
[2m2026-09-08T12:53:43.408033Z[0m [32m INFO[0m [2msockudo::bootstrap::server[0m[2m:[0m dead node cleanup event bus not required [3madapter[0m[2m=[0mLocal
[2m2026-09-08T12:53:43.408054Z[0m [32m INFO[0m [2msockudo::bootstrap::server[0m[2m:[0m metrics disabled
[2m2026-09-08T12:53:43.408085Z[0m [32m INFO[0m [2msockudo_rate_limiter::factory[0m[2m:[0m initializing rate limiter [3mlimiter[0m[2m=[0m"HTTP API" [3mdriver[0m[2m=[0mMemory
[2m2026-09-08T12:53:43.408151Z[0m [32m INFO[0m [2msockudo_rate_limiter::factory[0m[2m:[0m rate limiter using memory backend [3mlimiter[0m[2m=[0m"HTTP API" [3mbackend[0m[2m=[0m"memory"
[2m2026-09-08T12:53:43.408299Z[0m [32m INFO[0m [2msockudo::bootstrap::server[0m[2m:[0m rate limiter initialized [3mlimiter[0m[2m=[0m"http_api" [3menabled[0m[2m=[0mtrue [3mdriver[0m[2m=[0mMemory
[2m2026-09-08T12:53:43.408310Z[0m [32m INFO[0m [2msockudo_rate_limiter::factory[0m[2m:[0m initializing rate limiter [3mlimiter[0m[2m=[0m"WebSocket" [3mdriver[0m[2m=[0mMemory
[2m2026-09-08T12:53:43.408318Z[0m [32m INFO[0m [2msockudo_rate_limiter::factory[0m[2m:[0m rate limiter using memory backend [3mlimiter[0m[2m=[0m"WebSocket" [3mbackend[0m[2m=[0m"memory"
[2m2026-09-08T12:53:43.408358Z[0m [32m INFO[0m [2msockudo::bootstrap::server[0m[2m:[0m rate limiter initialized [3mlimiter[0m[2m=[0m"websocket" [3menabled[0m[2m=[0mtrue [3mdriver[0m[2m=[0mMemory
[2m2026-09-08T12:53:43.408381Z[0m [32m INFO[0m [2msockudo_rate_limiter::factory[0m[2m:[0m initializing rate limiter [3mlimiter[0m[2m=[0m"Push acceptance" [3mdriver[0m[2m=[0mMemory
[2m2026-09-08T12:53:43.408389Z[0m [32m INFO[0m [2msockudo_rate_limiter::factory[0m[2m:[0m rate limiter using memory backend [3mlimiter[0m[2m=[0m"Push acceptance" [3mbackend[0m[2m=[0m"memory"
[2m2026-09-08T12:53:43.408414Z[0m [32m INFO[0m [2msockudo::bootstrap::server[0m[2m:[0m rate limiter initialized [3mlimiter[0m[2m=[0m"push_acceptance" [3menabled[0m[2m=[0mtrue [3mdriver[0m[2m=[0mMemory [3mlimit_per_second[0m[2m=[0m100
[2m2026-09-08T12:53:43.408626Z[0m [32m INFO[0m [2msockudo_queue::manager[0m[2m:[0m queue factory initialized [3mqueue_driver[0m[2m=[0m"memory"
[2m2026-09-08T12:53:43.409136Z[0m [32m INFO[0m [2msockudo_queue::memory_queue_manager[0m[2m:[0m started reliable memory queue supervisor
[2m2026-09-08T12:53:43.409160Z[0m [32m INFO[0m [2msockudo::bootstrap::server[0m[2m:[0m queue manager initialized [3mqueue_driver[0m[2m=[0mMemory
[2m2026-09-08T12:53:43.410970Z[0m [32m INFO[0m [2msockudo::bootstrap::server[0m[2m:[0m webhook integration initialized [3menabled[0m[2m=[0mtrue [3mqueue_enabled[0m[2m=[0mtrue
[2m2026-09-08T12:53:43.411540Z[0m [32m INFO[0m [2msockudo::cleanup[0m[2m:[0m auto-detected cleanup worker thread count [3mcpu_count[0m[2m=[0m18 [3mworker_threads[0m[2m=[0m4
[2m2026-09-08T12:53:43.411561Z[0m [32m INFO[0m [2msockudo::cleanup::multi_worker[0m[2m:[0m initializing multi-worker cleanup system [3mworker_count[0m[2m=[0m4
[2m2026-09-08T12:53:43.412132Z[0m [32m INFO[0m [2msockudo::cleanup::multi_worker[0m[2m:[0m cleanup worker starting [3mworker_id[0m[2m=[0m0
[2m2026-09-08T12:53:43.412147Z[0m [32m INFO[0m [2msockudo::cleanup::multi_worker[0m[2m:[0m cleanup worker starting [3mworker_id[0m[2m=[0m1
[2m2026-09-08T12:53:43.412204Z[0m [32m INFO[0m [2msockudo::cleanup::worker[0m[2m:[0m cleanup worker started [3mbatch_size[0m[2m=[0m64 [3mbatch_timeout_ms[0m[2m=[0m100
[2m2026-09-08T12:53:43.412206Z[0m [32m INFO[0m [2msockudo::cleanup::worker[0m[2m:[0m cleanup worker started [3mbatch_size[0m[2m=[0m64 [3mbatch_timeout_ms[0m[2m=[0m100
[2m2026-09-08T12:53:43.412194Z[0m [32m INFO[0m [2msockudo::cleanup::multi_worker[0m[2m:[0m cleanup worker starting [3mworker_id[0m[2m=[0m2
[2m2026-09-08T12:53:43.412254Z[0m [32m INFO[0m [2msockudo::cleanup::worker[0m[2m:[0m cleanup worker started [3mbatch_size[0m[2m=[0m64 [3mbatch_timeout_ms[0m[2m=[0m100
[2m2026-09-08T12:53:43.412262Z[0m [32m INFO[0m [2msockudo::cleanup::multi_worker[0m[2m:[0m multi-worker cleanup system initialized [3mworker_count[0m[2m=[0m4 [3mbatch_size[0m[2m=[0m64
[2m2026-09-08T12:53:43.412286Z[0m [32m INFO[0m [2msockudo::cleanup::multi_worker[0m[2m:[0m cleanup worker starting [3mworker_id[0m[2m=[0m3
[2m2026-09-08T12:53:43.412326Z[0m [32m INFO[0m [2msockudo::cleanup::worker[0m[2m:[0m cleanup worker started [3mbatch_size[0m[2m=[0m64 [3mbatch_timeout_ms[0m[2m=[0m100
[2m2026-09-08T12:53:43.412341Z[0m [32m INFO[0m [2msockudo::bootstrap::server[0m[2m:[0m cleanup sender initialized [3mcleanup_mode[0m[2m=[0m"multi_worker"
[2m2026-09-08T12:53:43.412438Z[0m [32m INFO[0m [2msockudo::bootstrap::server[0m[2m:[0m multi-worker cleanup system initialized
[2m2026-09-08T12:53:43.412887Z[0m [32m INFO[0m [2msockudo_delta::manager[0m[2m:[0m delta compression cleanup task started [3minterval_secs[0m[2m=[0m300
[2m2026-09-08T12:53:43.412899Z[0m [32m INFO[0m [2msockudo::bootstrap::server[0m[2m:[0m cross-region idempotency configured [3madapter[0m[2m=[0mLocal [3mttl_seconds[0m[2m=[0m120
[2m2026-09-08T12:53:43.415453Z[0m [32m INFO[0m [2msockudo::bootstrap::server[0m[2m:[0m store purge worker started [3mstore[0m[2m=[0m"history" [3mretention_seconds[0m[2m=[0m86400 [3minterval_seconds[0m[2m=[0m300
[2m2026-09-08T12:53:43.415954Z[0m [32m INFO[0m [2msockudo::bootstrap::server[0m[2m:[0m connection recovery replay eviction task started [3minterval_seconds[0m[2m=[0m30
[2m2026-09-08T12:53:43.416063Z[0m [32m INFO[0m [2msockudo::bootstrap::server[0m[2m:[0m delta compression initialized [3madapter[0m[2m=[0mLocal
[2m2026-09-08T12:53:43.416100Z[0m [32m INFO[0m [2msockudo::bootstrap::server[0m[2m:[0m global tag setting configured [3menable_tags[0m[2m=[0mfalse
[2m2026-09-08T12:53:43.416113Z[0m [32m INFO[0m [2msockudo::bootstrap::server[0m[2m:[0m server init sequence started
[2m2026-09-08T12:53:43.416393Z[0m [32m INFO[0m [2msockudo_adapter::local_adapter::connection_manager[0m[2m:[0m Initializing local adapter
[2m2026-09-08T12:53:43.416455Z[0m [32m INFO[0m [2msockudo::bootstrap::server[0m[2m:[0m registering apps from configuration [3mapps_count[0m[2m=[0m1
[2m2026-09-08T12:53:43.416464Z[0m [32m INFO[0m [2msockudo::bootstrap::server[0m[2m:[0m app registration started [3mapp_id[0m[2m=[0mapp-id
[2m2026-09-08T12:53:43.417284Z[0m [32m INFO[0m [2msockudo::bootstrap::server[0m[2m:[0m new app registered [3mapp_id[0m[2m=[0mapp-id
[2m2026-09-08T12:53:43.417358Z[0m [32m INFO[0m [2msockudo::bootstrap::server[0m[2m:[0m registered apps summary [3mapps_count[0m[2m=[0m1
[2m2026-09-08T12:53:43.417366Z[0m [32m INFO[0m [2msockudo::bootstrap::server[0m[2m:[0m registered app [3mapp_id[0m[2m=[0mapp-id [3menabled[0m[2m=[0mtrue
[2m2026-09-08T12:53:43.417374Z[0m [32m INFO[0m [2msockudo::bootstrap::server[0m[2m:[0m server init sequence completed
[2m2026-09-08T12:53:43.417400Z[0m [32m INFO[0m [2msockudo[0m[2m:[0m Starting Sockudo server main services...
[2m2026-09-08T12:53:43.417498Z[0m [32m INFO[0m [2msockudo::bootstrap::runtime[0m[2m:[0m Starting Sockudo server services (after init)...
[2m2026-09-08T12:53:43.417834Z[0m [33m WARN[0m [2msockudo::bootstrap::router[0m[2m:[0m cors allow_credentials forced to false because allow_origin is wildcard
[2m2026-09-08T12:53:43.417912Z[0m [32m INFO[0m [2msockudo::bootstrap::router[0m[2m:[0m http api rate limiting middleware configured [3mtrust_hops[0m[2m=[0m0
[2m2026-09-08T12:53:43.417921Z[0m [32m INFO[0m [2msockudo::bootstrap::router[0m[2m:[0m websocket rate limiting middleware configured [3mtrust_hops[0m[2m=[0m0
[2m2026-09-08T12:53:43.421524Z[0m [32m INFO[0m [2msockudo::bootstrap::runtime[0m[2m:[0m SSL is not enabled, starting HTTP server
[2m2026-09-08T12:53:43.421532Z[0m [32m INFO[0m [2msockudo::bootstrap::runtime[0m[2m:[0m http server listening [3mlisten_addr[0m[2m=[0m127.0.0.1:25464
[2m2026-09-08T12:53:50.877242Z[0m [32m INFO[0m [2msockudo_ably_compat::runtime::realtime[0m[2m:[0m socket connected [3mprotocol[0m[2m=[0m"ably" [3mapp_id[0m[2m=[0mapp-id [3mconnection_id[0m[2m=[0msockudo-ably-e1ba1f73333a4bf0a2f8b26500066011 [3mresumed[0m[2m=[0mfalse [3mwire_format[0m[2m=[0mJson
[2m2026-09-08T12:53:50.892166Z[0m [32m INFO[0m [2msockudo_ably_compat::runtime::realtime[0m[2m:[0m channel attached [3mprotocol[0m[2m=[0m"ably" [3mapp_id[0m[2m=[0mapp-id [3mconnection_id[0m[2m=[0msockudo-ably-e1ba1f73333a4bf0a2f8b26500066011 [3mchannel[0m[2m=[0mprivate-ai-ably-ait-1788872030858 [3mrecovery_source[0m[2m=[0m"none"
[2m2026-09-08T12:53:50.894597Z[0m [32m INFO[0m [2msockudo_adapter::handler::connection_management[0m[2m:[0m Applied versioned message.create [3mapp_id[0m[2m=[0mapp-id [3mchannel[0m[2m=[0mprivate-ai-ably-ait-1788872030858 [3mmessage_serial[0m[2m=[0m00000001788872030894:c88168cf-3a30-4ef9-b995-f1e1bc2a480c:00000000000000000001 [3mversion_serial[0m[2m=[0m00000001788872030894:c88168cf-3a30-4ef9-b995-f1e1bc2a480c:00000000000000000001 [3mhistory_serial[0m[2m=[0m1 [3mdelivery_serial[0m[2m=[0m1 [3mactor_client_id[0m[2m=[0m"sockudo-ably-ait"
[2m2026-09-08T12:53:50.896152Z[0m [32m INFO[0m [2msockudo_adapter::handler::connection_management[0m[2m:[0m Applied versioned message.create [3mapp_id[0m[2m=[0mapp-id [3mchannel[0m[2m=[0mprivate-ai-ably-ait-1788872030858 [3mmessage_serial[0m[2m=[0m00000001788872030895:c88168cf-3a30-4ef9-b995-f1e1bc2a480c:00000000000000000002 [3mversion_serial[0m[2m=[0m00000001788872030895:c88168cf-3a30-4ef9-b995-f1e1bc2a480c:00000000000000000002 [3mhistory_serial[0m[2m=[0m2 [3mdelivery_serial[0m[2m=[0m2 [3mactor_client_id[0m[2m=[0m"sockudo-ably-ait"
[2m2026-09-08T12:53:50.996353Z[0m [32m INFO[0m [2msockudo_adapter::handler::connection_management[0m[2m:[0m Applied versioned message.create [3mapp_id[0m[2m=[0mapp-id [3mchannel[0m[2m=[0mprivate-ai-ably-ait-1788872030858 [3mmessage_serial[0m[2m=[0m00000001788872030996:c88168cf-3a30-4ef9-b995-f1e1bc2a480c:00000000000000000008 [3mversion_serial[0m[2m=[0m00000001788872030996:c88168cf-3a30-4ef9-b995-f1e1bc2a480c:00000000000000000008 [3mhistory_serial[0m[2m=[0m3 [3mdelivery_serial[0m[2m=[0m8 [3mactor_client_id[0m[2m=[0m"sockudo-ably-ait"
[2m2026-09-08T12:53:51.022280Z[0m [32m INFO[0m [2msockudo_ably_compat::runtime::realtime[0m[2m:[0m socket disconnected [3mprotocol[0m[2m=[0m"ably" [3mapp_id[0m[2m=[0mapp-id [3mconnection_id[0m[2m=[0msockudo-ably-e1ba1f73333a4bf0a2f8b26500066011 [3mchannel_count[0m[2m=[0m1 [3mgraceful[0m[2m=[0mtrue
[2m2026-09-08T12:54:08.894358Z[0m [31mERROR[0m [1mwebsocket.connection[0m[1m{[0m[3motel.kind[0m[2m=[0m"server" [3motel.name[0m[2m=[0m"websocket connection" [3mnetwork.protocol.name[0m[2m=[0m"websocket" [3msockudo.protocol.version[0m[2m=[0m2 [3mapp_id[0m[2m=[0m"app-id" [3msocket_id[0m[2m=[0m"6032777277.9449980651"[1m}[0m[2m:[0m [2msockudo_adapter::handler[0m[2m:[0m socket message handling failed [3msocket_id[0m[2m=[0m6032777277.9449980651 [3merror[0m[2m=[0mAuthentication error: Authentication signature required for this channel
[2m2026-09-08T12:54:41.181762Z[0m [32m INFO[0m [1mwebsocket.connection[0m[1m{[0m[3motel.kind[0m[2m=[0m"server" [3motel.name[0m[2m=[0m"websocket connection" [3mnetwork.protocol.name[0m[2m=[0m"websocket" [3msockudo.protocol.version[0m[2m=[0m2 [3mapp_id[0m[2m=[0m"app-id" [3msocket_id[0m[2m=[0m"1857014183.6303036158"[1m}[0m[2m:[0m [2msockudo_adapter::handler::subscription_management[0m[2m:[0m socket subscribed [3mapp_id[0m[2m=[0mapp-id [3msocket_id[0m[2m=[0m1857014183.6303036158 [3mchannel[0m[2m=[0mprivate-ai-normal-golden [3mchannel_type[0m[2m=[0mprivate [3muser_id[0m[2m=[0m"" [3mchannel_connections[0m[2m=[0m1
[2m2026-09-08T12:54:46.270950Z[0m [32m INFO[0m [2msockudo_ably_compat::runtime::realtime[0m[2m:[0m socket connected [3mprotocol[0m[2m=[0m"ably" [3mapp_id[0m[2m=[0mapp-id [3mconnection_id[0m[2m=[0msockudo-ably-9d216d9e455348f6a80fc773e2a54c50 [3mresumed[0m[2m=[0mfalse [3mwire_format[0m[2m=[0mJson
[2m2026-09-08T12:54:46.270950Z[0m [32m INFO[0m [2msockudo_ably_compat::runtime::realtime[0m[2m:[0m socket connected [3mprotocol[0m[2m=[0m"ably" [3mapp_id[0m[2m=[0mapp-id [3mconnection_id[0m[2m=[0msockudo-ably-a355e106fdeb48988a65b449b16c5f83 [3mresumed[0m[2m=[0mfalse [3mwire_format[0m[2m=[0mJson
[2m2026-09-08T12:54:46.284847Z[0m [32m INFO[0m [2msockudo_ably_compat::runtime::realtime[0m[2m:[0m channel attached [3mprotocol[0m[2m=[0m"ably" [3mapp_id[0m[2m=[0mapp-id [3mconnection_id[0m[2m=[0msockudo-ably-9d216d9e455348f6a80fc773e2a54c50 [3mchannel[0m[2m=[0mprivate-ai-ably-recovery-1788872086254 [3mrecovery_source[0m[2m=[0m"none"
[2m2026-09-08T12:54:46.285638Z[0m [32m INFO[0m [2msockudo_ably_compat::runtime::realtime[0m[2m:[0m channel attached [3mprotocol[0m[2m=[0m"ably" [3mapp_id[0m[2m=[0mapp-id [3mconnection_id[0m[2m=[0msockudo-ably-a355e106fdeb48988a65b449b16c5f83 [3mchannel[0m[2m=[0mprivate-ai-ably-recovery-1788872086254 [3mrecovery_source[0m[2m=[0m"none"
[2m2026-09-08T12:54:46.286537Z[0m [32m INFO[0m [2msockudo_adapter::handler::connection_management[0m[2m:[0m Applied versioned message.create [3mapp_id[0m[2m=[0mapp-id [3mchannel[0m[2m=[0mprivate-ai-ably-recovery-1788872086254 [3mmessage_serial[0m[2m=[0m00000001788872086286:c88168cf-3a30-4ef9-b995-f1e1bc2a480c:00000000000000000009 [3mversion_serial[0m[2m=[0m00000001788872086286:c88168cf-3a30-4ef9-b995-f1e1bc2a480c:00000000000000000009 [3mhistory_serial[0m[2m=[0m1 [3mdelivery_serial[0m[2m=[0m1 [3mactor_client_id[0m[2m=[0m"sockudo-ably-ait-recovery"
[2m2026-09-08T12:54:46.313215Z[0m [32m INFO[0m [2msockudo_ably_compat::runtime::realtime[0m[2m:[0m socket disconnected [3mprotocol[0m[2m=[0m"ably" [3mapp_id[0m[2m=[0mapp-id [3mconnection_id[0m[2m=[0msockudo-ably-9d216d9e455348f6a80fc773e2a54c50 [3mchannel_count[0m[2m=[0m1 [3mgraceful[0m[2m=[0mtrue
[2m2026-09-08T12:54:46.340449Z[0m [32m INFO[0m [2msockudo_ably_compat::runtime::realtime[0m[2m:[0m socket connected [3mprotocol[0m[2m=[0m"ably" [3mapp_id[0m[2m=[0mapp-id [3mconnection_id[0m[2m=[0msockudo-ably-0b6240262f694e0eb1658330e05de070 [3mresumed[0m[2m=[0mfalse [3mwire_format[0m[2m=[0mJson
[2m2026-09-08T12:54:46.344241Z[0m [32m INFO[0m [2msockudo_ably_compat::runtime::realtime[0m[2m:[0m channel attached [3mprotocol[0m[2m=[0m"ably" [3mapp_id[0m[2m=[0mapp-id [3mconnection_id[0m[2m=[0msockudo-ably-0b6240262f694e0eb1658330e05de070 [3mchannel[0m[2m=[0mprivate-ai-ably-recovery-1788872086254 [3mrecovery_source[0m[2m=[0m"cold"
[2m2026-09-08T12:54:46.401943Z[0m [32m INFO[0m [2msockudo_ably_compat::runtime::realtime[0m[2m:[0m socket disconnected [3mprotocol[0m[2m=[0m"ably" [3mapp_id[0m[2m=[0mapp-id [3mconnection_id[0m[2m=[0msockudo-ably-a355e106fdeb48988a65b449b16c5f83 [3mchannel_count[0m[2m=[0m1 [3mgraceful[0m[2m=[0mtrue
[2m2026-09-08T12:54:46.414695Z[0m [32m INFO[0m [2msockudo_ably_compat::runtime::realtime[0m[2m:[0m socket disconnected [3mprotocol[0m[2m=[0m"ably" [3mapp_id[0m[2m=[0mapp-id [3mconnection_id[0m[2m=[0msockudo-ably-0b6240262f694e0eb1658330e05de070 [3mchannel_count[0m[2m=[0m1 [3mgraceful[0m[2m=[0mtrue
[2m2026-09-08T12:56:39.515138Z[0m [32m INFO[0m [1mwebsocket.connection[0m[1m{[0m[3motel.kind[0m[2m=[0m"server" [3motel.name[0m[2m=[0m"websocket connection" [3mnetwork.protocol.name[0m[2m=[0m"websocket" [3msockudo.protocol.version[0m[2m=[0m1 [3mapp_id[0m[2m=[0m"app-id" [3msocket_id[0m[2m=[0m"2494249861.3991545996"[1m}[0m[2m:[0m [2msockudo_adapter::handler::subscription_management[0m[2m:[0m socket subscribed [3mapp_id[0m[2m=[0mapp-id [3msocket_id[0m[2m=[0m2494249861.3991545996 [3mchannel[0m[2m=[0mprivate-c1-1788872199498 [3mchannel_type[0m[2m=[0mprivate [3muser_id[0m[2m=[0m"" [3mchannel_connections[0m[2m=[0m1
[2m2026-09-08T12:56:39.526494Z[0m [32m INFO[0m [1mwebsocket.connection[0m[1m{[0m[3motel.kind[0m[2m=[0m"server" [3motel.name[0m[2m=[0m"websocket connection" [3mnetwork.protocol.name[0m[2m=[0m"websocket" [3msockudo.protocol.version[0m[2m=[0m2 [3mapp_id[0m[2m=[0m"app-id" [3msocket_id[0m[2m=[0m"6909001617.2252742916"[1m}[0m[2m:[0m [2msockudo_adapter::handler::subscription_management[0m[2m:[0m socket subscribed [3mapp_id[0m[2m=[0mapp-id [3msocket_id[0m[2m=[0m6909001617.2252742916 [3mchannel[0m[2m=[0mprivate-c1-1788872199498 [3mchannel_type[0m[2m=[0mprivate [3muser_id[0m[2m=[0m"" [3mchannel_connections[0m[2m=[0m2
[2m2026-09-08T12:56:39.543380Z[0m [32m INFO[0m [1mevents[0m[1m{[0m[3mapp_id[0m[2m=[0mapp-id[1m}[0m[2m:[0m[1mprocess_single_event_parallel[0m[1m{[0m[3mcollect_info[0m[2m=[0mtrue [3midempotency_key[0m[2m=[0mNone [3mapp_id[0m[2m=[0m"app-id" [3mevent_name[0m[2m=[0m"c1-event"[1m}[0m[2m:[0m [2msockudo_adapter::handler::connection_management[0m[2m:[0m Applied versioned message.create [3mapp_id[0m[2m=[0mapp-id [3mchannel[0m[2m=[0mprivate-c1-1788872199498 [3mmessage_serial[0m[2m=[0m00000001788872199543:c88168cf-3a30-4ef9-b995-f1e1bc2a480c:00000000000000000013 [3mversion_serial[0m[2m=[0m00000001788872199543:c88168cf-3a30-4ef9-b995-f1e1bc2a480c:00000000000000000013 [3mhistory_serial[0m[2m=[0m1 [3mdelivery_serial[0m[2m=[0m1 [3mactor_client_id[0m[2m=[0m""
[2m2026-09-08T12:56:39.555713Z[0m [33m WARN[0m [1mappend_message[0m[1m{[0m[3mpath[0m[2m=[0mVersionMutationPath { app_id: "app-id", channel_name: "private-c1-1788872199498", message_serial: "00000001788872199543:c88168cf-3a30-4ef9-b995-f1e1bc2a480c:00000000000000000013" } [3mapp[0m[2m=[0mApp { id: "app-id", key: "<redacted>", secret: "<redacted>", enabled: true, policy: "<redacted>" } [3mapp_id[0m[2m=[0mapp-id [3mchannel[0m[2m=[0mprivate-c1-1788872199498 [3mmessage_serial[0m[2m=[0m00000001788872199543:c88168cf-3a30-4ef9-b995-f1e1bc2a480c:00000000000000000013[1m}[0m[2m:[0m [2msockudo::http_handler::errors[0m[2m:[0m Converting internal error to AppError for HTTP response
[2m2026-09-08T12:56:39.555769Z[0m [31mERROR[0m [2msockudo::http_handler::errors[0m[2m:[0m HTTP request failed [3merror.code[0m[2m=[0m"invalid_input" [3mstatus_code[0m[2m=[0m400 Bad Request
[2m2026-09-08T12:57:52.013477Z[0m [32m INFO[0m [1mwebsocket.connection[0m[1m{[0m[3motel.kind[0m[2m=[0m"server" [3motel.name[0m[2m=[0m"websocket connection" [3mnetwork.protocol.name[0m[2m=[0m"websocket" [3msockudo.protocol.version[0m[2m=[0m1 [3mapp_id[0m[2m=[0m"app-id" [3msocket_id[0m[2m=[0m"6497125965.9955952050"[1m}[0m[2m:[0m [2msockudo_adapter::handler::subscription_management[0m[2m:[0m socket subscribed [3mapp_id[0m[2m=[0mapp-id [3msocket_id[0m[2m=[0m6497125965.9955952050 [3mchannel[0m[2m=[0mprivate-c1-1788872271997 [3mchannel_type[0m[2m=[0mprivate [3muser_id[0m[2m=[0m"" [3mchannel_connections[0m[2m=[0m1
[2m2026-09-08T12:57:52.025431Z[0m [32m INFO[0m [1mwebsocket.connection[0m[1m{[0m[3motel.kind[0m[2m=[0m"server" [3motel.name[0m[2m=[0m"websocket connection" [3mnetwork.protocol.name[0m[2m=[0m"websocket" [3msockudo.protocol.version[0m[2m=[0m2 [3mapp_id[0m[2m=[0m"app-id" [3msocket_id[0m[2m=[0m"9431876138.6935532164"[1m}[0m[2m:[0m [2msockudo_adapter::handler::subscription_management[0m[2m:[0m socket subscribed [3mapp_id[0m[2m=[0mapp-id [3msocket_id[0m[2m=[0m9431876138.6935532164 [3mchannel[0m[2m=[0mprivate-c1-1788872271997 [3mchannel_type[0m[2m=[0mprivate [3muser_id[0m[2m=[0m"" [3mchannel_connections[0m[2m=[0m2
[2m2026-09-08T12:57:52.038593Z[0m [32m INFO[0m [1mevents[0m[1m{[0m[3mapp_id[0m[2m=[0mapp-id[1m}[0m[2m:[0m[1mprocess_single_event_parallel[0m[1m{[0m[3mcollect_info[0m[2m=[0mtrue [3midempotency_key[0m[2m=[0mNone [3mapp_id[0m[2m=[0m"app-id" [3mevent_name[0m[2m=[0m"c1-event"[1m}[0m[2m:[0m [2msockudo_adapter::handler::connection_management[0m[2m:[0m Applied versioned message.create [3mapp_id[0m[2m=[0mapp-id [3mchannel[0m[2m=[0mprivate-c1-1788872271997 [3mmessage_serial[0m[2m=[0m00000001788872272038:c88168cf-3a30-4ef9-b995-f1e1bc2a480c:00000000000000000027 [3mversion_serial[0m[2m=[0m00000001788872272038:c88168cf-3a30-4ef9-b995-f1e1bc2a480c:00000000000000000027 [3mhistory_serial[0m[2m=[0m1 [3mdelivery_serial[0m[2m=[0m1 [3mactor_client_id[0m[2m=[0m""
[2m2026-09-08T12:57:52.048601Z[0m [33m WARN[0m [1mappend_message[0m[1m{[0m[3mpath[0m[2m=[0mVersionMutationPath { app_id: "app-id", channel_name: "private-c1-1788872271997", message_serial: "00000001788872272038:c88168cf-3a30-4ef9-b995-f1e1bc2a480c:00000000000000000027" } [3mapp[0m[2m=[0mApp { id: "app-id", key: "<redacted>", secret: "<redacted>", enabled: true, policy: "<redacted>" } [3mapp_id[0m[2m=[0mapp-id [3mchannel[0m[2m=[0mprivate-c1-1788872271997 [3mmessage_serial[0m[2m=[0m00000001788872272038:c88168cf-3a30-4ef9-b995-f1e1bc2a480c:00000000000000000027[1m}[0m[2m:[0m [2msockudo::http_handler::errors[0m[2m:[0m Converting internal error to AppError for HTTP response
[2m2026-09-08T12:57:52.048646Z[0m [31mERROR[0m [2msockudo::http_handler::errors[0m[2m:[0m HTTP request failed [3merror.code[0m[2m=[0m"invalid_input" [3mstatus_code[0m[2m=[0m400 Bad Request
[2m2026-09-08T12:58:33.208025Z[0m [32m INFO[0m [1mwebsocket.connection[0m[1m{[0m[3motel.kind[0m[2m=[0m"server" [3motel.name[0m[2m=[0m"websocket connection" [3mnetwork.protocol.name[0m[2m=[0m"websocket" [3msockudo.protocol.version[0m[2m=[0m1 [3mapp_id[0m[2m=[0m"app-id" [3msocket_id[0m[2m=[0m"5350859178.6192702798"[1m}[0m[2m:[0m [2msockudo_adapter::handler::subscription_management[0m[2m:[0m socket subscribed [3mapp_id[0m[2m=[0mapp-id [3msocket_id[0m[2m=[0m5350859178.6192702798 [3mchannel[0m[2m=[0mprivate-c1-1788872313192 [3mchannel_type[0m[2m=[0mprivate [3muser_id[0m[2m=[0m"" [3mchannel_connections[0m[2m=[0m1
[2m2026-09-08T12:58:33.219546Z[0m [32m INFO[0m [1mwebsocket.connection[0m[1m{[0m[3motel.kind[0m[2m=[0m"server" [3motel.name[0m[2m=[0m"websocket connection" [3mnetwork.protocol.name[0m[2m=[0m"websocket" [3msockudo.protocol.version[0m[2m=[0m2 [3mapp_id[0m[2m=[0m"app-id" [3msocket_id[0m[2m=[0m"6944215785.8711471127"[1m}[0m[2m:[0m [2msockudo_adapter::handler::subscription_management[0m[2m:[0m socket subscribed [3mapp_id[0m[2m=[0mapp-id [3msocket_id[0m[2m=[0m6944215785.8711471127 [3mchannel[0m[2m=[0mprivate-c1-1788872313192 [3mchannel_type[0m[2m=[0mprivate [3muser_id[0m[2m=[0m"" [3mchannel_connections[0m[2m=[0m2
[2m2026-09-08T12:58:33.232916Z[0m [32m INFO[0m [1mevents[0m[1m{[0m[3mapp_id[0m[2m=[0mapp-id[1m}[0m[2m:[0m[1mprocess_single_event_parallel[0m[1m{[0m[3mcollect_info[0m[2m=[0mtrue [3midempotency_key[0m[2m=[0mNone [3mapp_id[0m[2m=[0m"app-id" [3mevent_name[0m[2m=[0m"c1-event"[1m}[0m[2m:[0m [2msockudo_adapter::handler::connection_management[0m[2m:[0m Applied versioned message.create [3mapp_id[0m[2m=[0mapp-id [3mchannel[0m[2m=[0mprivate-c1-1788872313192 [3mmessage_serial[0m[2m=[0m00000001788872313232:c88168cf-3a30-4ef9-b995-f1e1bc2a480c:00000000000000000046 [3mversion_serial[0m[2m=[0m00000001788872313232:c88168cf-3a30-4ef9-b995-f1e1bc2a480c:00000000000000000046 [3mhistory_serial[0m[2m=[0m1 [3mdelivery_serial[0m[2m=[0m1 [3mactor_client_id[0m[2m=[0m""
[2m2026-09-08T12:58:33.245057Z[0m [33m WARN[0m [1mappend_message[0m[1m{[0m[3mpath[0m[2m=[0mVersionMutationPath { app_id: "app-id", channel_name: "private-c1-1788872313192", message_serial: "00000001788872313232:c88168cf-3a30-4ef9-b995-f1e1bc2a480c:00000000000000000046" } [3mapp[0m[2m=[0mApp { id: "app-id", key: "<redacted>", secret: "<redacted>", enabled: true, policy: "<redacted>" } [3mapp_id[0m[2m=[0mapp-id [3mchannel[0m[2m=[0mprivate-c1-1788872313192 [3mmessage_serial[0m[2m=[0m00000001788872313232:c88168cf-3a30-4ef9-b995-f1e1bc2a480c:00000000000000000046[1m}[0m[2m:[0m [2msockudo::http_handler::errors[0m[2m:[0m Converting internal error to AppError for HTTP response
[2m2026-09-08T12:58:33.245112Z[0m [31mERROR[0m [2msockudo::http_handler::errors[0m[2m:[0m HTTP request failed [3merror.code[0m[2m=[0m"invalid_input" [3mstatus_code[0m[2m=[0m400 Bad Request
[2m2026-09-08T12:58:33.246262Z[0m [31mERROR[0m [2msockudo::http_handler::errors[0m[2m:[0m HTTP request failed [3merror.code[0m[2m=[0m"auth_failed" [3mstatus_code[0m[2m=[0m401 Unauthorized
[2m2026-09-08T12:58:50.990229Z[0m [32m INFO[0m [1mwebsocket.connection[0m[1m{[0m[3motel.kind[0m[2m=[0m"server" [3motel.name[0m[2m=[0m"websocket connection" [3mnetwork.protocol.name[0m[2m=[0m"websocket" [3msockudo.protocol.version[0m[2m=[0m1 [3mapp_id[0m[2m=[0m"app-id" [3msocket_id[0m[2m=[0m"2624828214.6321161094"[1m}[0m[2m:[0m [2msockudo_adapter::handler::subscription_management[0m[2m:[0m socket subscribed [3mapp_id[0m[2m=[0mapp-id [3msocket_id[0m[2m=[0m2624828214.6321161094 [3mchannel[0m[2m=[0mprivate-c1-1788872330974 [3mchannel_type[0m[2m=[0mprivate [3muser_id[0m[2m=[0m"" [3mchannel_connections[0m[2m=[0m1
[2m2026-09-08T12:58:51.002368Z[0m [32m INFO[0m [1mwebsocket.connection[0m[1m{[0m[3motel.kind[0m[2m=[0m"server" [3motel.name[0m[2m=[0m"websocket connection" [3mnetwork.protocol.name[0m[2m=[0m"websocket" [3msockudo.protocol.version[0m[2m=[0m2 [3mapp_id[0m[2m=[0m"app-id" [3msocket_id[0m[2m=[0m"3257290168.7015687208"[1m}[0m[2m:[0m [2msockudo_adapter::handler::subscription_management[0m[2m:[0m socket subscribed [3mapp_id[0m[2m=[0mapp-id [3msocket_id[0m[2m=[0m3257290168.7015687208 [3mchannel[0m[2m=[0mprivate-c1-1788872330974 [3mchannel_type[0m[2m=[0mprivate [3muser_id[0m[2m=[0m"" [3mchannel_connections[0m[2m=[0m2
[2m2026-09-08T12:58:51.014125Z[0m [32m INFO[0m [1mevents[0m[1m{[0m[3mapp_id[0m[2m=[0mapp-id[1m}[0m[2m:[0m[1mprocess_single_event_parallel[0m[1m{[0m[3mcollect_info[0m[2m=[0mtrue [3midempotency_key[0m[2m=[0mNone [3mapp_id[0m[2m=[0m"app-id" [3mevent_name[0m[2m=[0m"c1-event"[1m}[0m[2m:[0m [2msockudo_adapter::handler::connection_management[0m[2m:[0m Applied versioned message.create [3mapp_id[0m[2m=[0mapp-id [3mchannel[0m[2m=[0mprivate-c1-1788872330974 [3mmessage_serial[0m[2m=[0m00000001788872331014:c88168cf-3a30-4ef9-b995-f1e1bc2a480c:00000000000000000062 [3mversion_serial[0m[2m=[0m00000001788872331014:c88168cf-3a30-4ef9-b995-f1e1bc2a480c:00000000000000000062 [3mhistory_serial[0m[2m=[0m1 [3mdelivery_serial[0m[2m=[0m1 [3mactor_client_id[0m[2m=[0m""
[2m2026-09-08T12:58:51.024588Z[0m [33m WARN[0m [1mappend_message[0m[1m{[0m[3mpath[0m[2m=[0mVersionMutationPath { app_id: "app-id", channel_name: "private-c1-1788872330974", message_serial: "00000001788872331014:c88168cf-3a30-4ef9-b995-f1e1bc2a480c:00000000000000000062" } [3mapp[0m[2m=[0mApp { id: "app-id", key: "<redacted>", secret: "<redacted>", enabled: true, policy: "<redacted>" } [3mapp_id[0m[2m=[0mapp-id [3mchannel[0m[2m=[0mprivate-c1-1788872330974 [3mmessage_serial[0m[2m=[0m00000001788872331014:c88168cf-3a30-4ef9-b995-f1e1bc2a480c:00000000000000000062[1m}[0m[2m:[0m [2msockudo::http_handler::errors[0m[2m:[0m Converting internal error to AppError for HTTP response
[2m2026-09-08T12:58:51.024622Z[0m [31mERROR[0m [2msockudo::http_handler::errors[0m[2m:[0m HTTP request failed [3merror.code[0m[2m=[0m"invalid_input" [3mstatus_code[0m[2m=[0m400 Bad Request
[2m2026-09-08T12:58:51.025612Z[0m [31mERROR[0m [2msockudo::http_handler::errors[0m[2m:[0m HTTP request failed [3merror.code[0m[2m=[0m"auth_failed" [3mstatus_code[0m[2m=[0m401 Unauthorized
[2m2026-09-08T13:05:56.293189Z[0m [32m INFO[0m [2msockudo::bootstrap::runtime[0m[2m:[0m Terminate signal received, initiating shutdown...
[2m2026-09-08T13:05:56.293256Z[0m [32m INFO[0m [2msockudo::bootstrap::runtime[0m[2m:[0m Shutdown signal received, stopping HTTP server...
[2m2026-09-08T13:05:56.293265Z[0m [32m INFO[0m [2msockudo::bootstrap::runtime[0m[2m:[0m HTTP server stopped. Initiating final stop sequence.
[2m2026-09-08T13:05:56.293570Z[0m [32m INFO[0m [2msockudo[0m[2m:[0m Server main services concluded. Performing final shutdown...
[2m2026-09-08T13:05:56.293590Z[0m [32m INFO[0m [2msockudo::bootstrap::runtime[0m[2m:[0m Stopping server...
[2m2026-09-08T13:05:56.293748Z[0m [32m INFO[0m [2msockudo::bootstrap::runtime[0m[2m:[0m collected connections to cleanup [3mconnection_count[0m[2m=[0m0
[2m2026-09-08T13:05:56.293764Z[0m [32m INFO[0m [2msockudo::bootstrap::runtime[0m[2m:[0m No connections to cleanup.
[2m2026-09-08T13:05:56.293771Z[0m [32m INFO[0m [2msockudo::bootstrap::runtime[0m[2m:[0m Cleanup system will shutdown when server process ends
[2m2026-09-08T13:05:56.293791Z[0m [32m INFO[0m [2msockudo_delta::manager[0m[2m:[0m delta compression cleanup task stopped
[2m2026-09-08T13:05:56.293833Z[0m [32m INFO[0m [2msockudo::bootstrap::runtime[0m[2m:[0m waiting for shutdown grace period [3mgrace_period_s[0m[2m=[0m10
[2m2026-09-08T13:06:06.295760Z[0m [32m INFO[0m [2msockudo::bootstrap::runtime[0m[2m:[0m Server stopped
[2m2026-09-08T13:06:06.295945Z[0m [32m INFO[0m [2msockudo[0m[2m:[0m Sockudo server shutdown complete.
[2m2026-09-08T13:06:06.297457Z[0m [32m INFO[0m [2msockudo::cleanup::worker[0m[2m:[0m cleanup worker stopping [3mshutdown_reason[0m[2m=[0m"channel_closed"
[2m2026-09-08T13:06:06.297562Z[0m [32m INFO[0m [2msockudo::cleanup::multi_worker[0m[2m:[0m cleanup worker stopped [3mworker_id[0m[2m=[0m0
