node:internal/modules/run_main:107
    triggerUncaughtException(
    ^

AssertionError [ERR_ASSERTION]: The input did not match the regular expression /HTTP 409/. Input:

'Error: HTTP 400: {"status":400,"error":"idempotency key was already used with a different payload","code":"invalid_input"}'

    at process.processTicksAndRejections (node:internal/process/task_queues:104:5)
    at async file:///Users/radudiaconu/Desktop/Code/Rust/sockudo/audits/performance-2026-09-05/c1/live_native.mjs:41:3 {
  generatedMessage: true,
  code: 'ERR_ASSERTION',
  actual: Error: HTTP 400: {"status":400,"error":"idempotency key was already used with a different payload","code":"invalid_input"}
      at AitProtocolClient.signedJson (file:///Users/radudiaconu/Desktop/Code/Rust/sockudo/tests/ai-conformance/src/protocol-client.mjs:110:13)
      at process.processTicksAndRejections (node:internal/process/task_queues:104:5)
      at async waitForActual (node:assert:646:5)
      at async strict.rejects (node:assert:769:25)
      at async file:///Users/radudiaconu/Desktop/Code/Rust/sockudo/audits/performance-2026-09-05/c1/live_native.mjs:41:3,
  expected: /HTTP 409/,
  operator: 'rejects',
  diff: 'simple'
}

Node.js v24.20.0
