   Compiling sockudo-filter v5.0.1 (/Users/radudiaconu/Desktop/Code/Rust/sockudo-c1-pr/crates/sockudo-filter)
   Compiling sockudo-protocol v5.0.1 (/Users/radudiaconu/Desktop/Code/Rust/sockudo-c1-pr/crates/sockudo-protocol)
   Compiling sockudo-core v5.0.1 (/Users/radudiaconu/Desktop/Code/Rust/sockudo-c1-pr/crates/sockudo-core)
warning: constant `CGROUP_V1_UNLIMITED_FLOOR` is never used
  --> crates/sockudo-core/src/memory_pressure.rs:14:7
   |
14 | const CGROUP_V1_UNLIMITED_FLOOR: u64 = 1 << 60;
   |       ^^^^^^^^^^^^^^^^^^^^^^^^^
   |
   = note: `#[warn(dead_code)]` (part of `#[warn(unused)]`) on by default

warning: function `parse_linux_resident_memory_bytes` is never used
   --> crates/sockudo-core/src/memory_pressure.rs:255:4
    |
255 | fn parse_linux_resident_memory_bytes(status: &str) -> Option<u64> {
    |    ^^^^^^^^^^^^^^^^^^^^^^^^^^^^^^^^^

warning: function `parse_cgroup_limit` is never used
   --> crates/sockudo-core/src/memory_pressure.rs:266:4
    |
266 | fn parse_cgroup_limit(value: &str, is_v1: bool) -> Option<u64> {
    |    ^^^^^^^^^^^^^^^^^^

warning: `sockudo-core` (lib) generated 3 warnings
    Finished `test` profile [unoptimized + debuginfo] target(s) in 12.48s
     Running unittests src/lib.rs (/Users/radudiaconu/Desktop/Code/Rust/sockudo/target/debug/deps/sockudo_core-0e590b9e7e8a5a17)

running 23 tests
test version_store::tests::memory_store_rejects_invalid_append_without_corrupting_chain ... ok
test version_store::tests::leased_store_discards_stale_local_range_when_reserving_after_latest ... ok
test version_store::tests::memory_store_rejects_duplicate_channel_delivery_serial ... ok
test version_store::tests::memory_store_replay_log_rebuilds_identical_aggregates ... ok
test version_store::tests::atomic_create_abort_before_commit_does_not_expose_recovery_gap ... ok
test version_store::tests::memory_store_projects_latest_by_history_order ... ok
test version_store::tests::memory_store_replays_in_delivery_order ... ok
test version_store::tests::imported_receipt_index_preserves_first_inserted_winner_after_partial_purge ... ok
test version_store::tests::memory_batch_projection_returns_latest_records_for_requested_serials ... ok
test version_store::tests::memory_store_pages_version_history ... ok
test version_store::tests::atomic_mutation_id_replay_returns_original_receipt_and_rejects_payload_change ... ok
test version_store::tests::default_batch_projection_uses_one_history_read_and_zero_row_reads ... ok
test version_store::tests::memory_store_reserves_delivery_positions_with_stable_stream_id ... ok
test version_store::tests::atomic_terminal_race_applies_one_terminal_append_and_rejects_the_other ... ok
test version_store::tests::memory_store_returns_latest_visible_by_version_serial ... ok
test version_store::tests::purge_of_out_of_order_terminal_winner_restores_open_stream_cap ... ok
test version_store::tests::out_of_order_imports_preserve_latest_caps_and_reclaimed_identities ... ok
test version_store::tests::shared_store_two_node_create_admission_enforces_open_stream_limit_atomically ... ok
test version_store::tests::memory_store_aggregates_many_appends_for_latest_and_history_reads ... ok
test version_store::tests::leased_store_reserves_gapless_serials_with_amortized_backend_calls ... ok
test version_store::tests::independent_channels_preserve_each_channels_cas_and_replay ... ok
test version_store::tests::memory_store_preserves_channel_delivery_order_under_concurrent_appends ... ok
test version_store::tests::atomic_compare_and_apply_preserves_one_hundred_concurrent_append_fragments ... ok

test result: ok. 23 passed; 0 failed; 0 ignored; 0 measured; 346 filtered out; finished in 0.05s

     Running tests/cors_specific_case.rs (/Users/radudiaconu/Desktop/Code/Rust/sockudo/target/debug/deps/cors_specific_case-ac28f501cc104785)

running 0 tests

test result: ok. 0 passed; 0 failed; 0 ignored; 0 measured; 4 filtered out; finished in 0.00s

     Running tests/docs_config_defaults.rs (/Users/radudiaconu/Desktop/Code/Rust/sockudo/target/debug/deps/docs_config_defaults-e07c25b81dbf7157)

running 0 tests

test result: ok. 0 passed; 0 failed; 0 ignored; 0 measured; 2 filtered out; finished in 0.00s

     Running tests/origin_validation_integration.rs (/Users/radudiaconu/Desktop/Code/Rust/sockudo/target/debug/deps/origin_validation_integration-8ec5aa6169345595)

running 0 tests

test result: ok. 0 passed; 0 failed; 0 ignored; 0 measured; 2 filtered out; finished in 0.00s

     Running tests/unix_socket_config.rs (/Users/radudiaconu/Desktop/Code/Rust/sockudo/target/debug/deps/unix_socket_config-72ecf271fcb7621a)

running 0 tests

test result: ok. 0 passed; 0 failed; 0 ignored; 0 measured; 18 filtered out; finished in 0.00s

     Running tests/v2_feature_config.rs (/Users/radudiaconu/Desktop/Code/Rust/sockudo/target/debug/deps/v2_feature_config-3d6332b2c412e40b)

running 0 tests

test result: ok. 0 passed; 0 failed; 0 ignored; 0 measured; 2 filtered out; finished in 0.00s

