command: cargo clippy -p sockudo --all-targets --no-default-features --features local,v2,ai-transport,ably-compat,redis,postgres,mysql,push -- -D warnings
env: REDIS_URL=redis://127.0.0.1:25463/
    Checking sockudo-filter v5.0.1 (/Users/radudiaconu/Desktop/Code/Rust/sockudo/crates/sockudo-filter)
    Checking sockudo-protocol v5.0.1 (/Users/radudiaconu/Desktop/Code/Rust/sockudo/crates/sockudo-protocol)
    Checking sockudo-push v5.0.1 (/Users/radudiaconu/Desktop/Code/Rust/sockudo/crates/sockudo-push)
    Checking sockudo-core v5.0.1 (/Users/radudiaconu/Desktop/Code/Rust/sockudo/crates/sockudo-core)
    Checking sockudo-metrics v5.0.1 (/Users/radudiaconu/Desktop/Code/Rust/sockudo/crates/sockudo-metrics)
    Checking sockudo-webhook v5.0.1 (/Users/radudiaconu/Desktop/Code/Rust/sockudo/crates/sockudo-webhook)
    Checking sockudo-delta v5.0.1 (/Users/radudiaconu/Desktop/Code/Rust/sockudo/crates/sockudo-delta)
    Checking sockudo-ai-transport v5.0.1 (/Users/radudiaconu/Desktop/Code/Rust/sockudo/crates/sockudo-ai-transport)
    Checking sockudo-app v5.0.1 (/Users/radudiaconu/Desktop/Code/Rust/sockudo/crates/sockudo-app)
    Checking sockudo-cache v5.0.1 (/Users/radudiaconu/Desktop/Code/Rust/sockudo/crates/sockudo-cache)
    Checking sockudo-queue v5.0.1 (/Users/radudiaconu/Desktop/Code/Rust/sockudo/crates/sockudo-queue)
    Checking sockudo-rate-limiter v5.0.1 (/Users/radudiaconu/Desktop/Code/Rust/sockudo/crates/sockudo-rate-limiter)
    Checking sockudo-adapter v5.0.1 (/Users/radudiaconu/Desktop/Code/Rust/sockudo/crates/sockudo-adapter)
    Checking sockudo-ably-compat v5.0.1 (/Users/radudiaconu/Desktop/Code/Rust/sockudo/crates/sockudo-ably-compat)
    Checking sockudo v5.0.1 (/Users/radudiaconu/Desktop/Code/Rust/sockudo/crates/sockudo-server)
error: variable does not need to be mutable
   --> crates/sockudo-server/src/bootstrap/push/queue.rs:257:13
    |
257 |         let mut job = push_queue_job_data(&envelope)?;
    |             ----^^^
    |             |
    |             help: remove this `mut`
    |
    = note: `-D unused-mut` implied by `-D warnings`
    = help: to override `-D warnings` add `#[allow(unused_mut)]`

error: could not compile `sockudo` (bin "sockudo") due to 1 previous error
warning: build failed, waiting for other jobs to finish...
error: could not compile `sockudo` (bin "sockudo" test) due to 1 previous error
