cwd: /Users/radudiaconu/Desktop/Code/Rust/sockudo
command: cargo check -p sockudo --no-default-features --features local,v2,ai-transport,redis,postgres,mysql,push
    Checking smallvec v1.15.2
   Compiling serde_json v1.0.151
   Compiling prost-derive v0.14.4
    Checking security-framework v3.7.0
   Compiling tinystr v0.8.3
   Compiling zerotrie v0.2.4
    Checking num-integer v0.1.46
   Compiling icu_collections v2.2.0
    Checking tungstenite v0.29.0
   Compiling generic-array v0.14.7
   Compiling getrandom v0.2.17
   Compiling parking_lot_core v0.9.12
   Compiling socket2 v0.6.5
   Compiling mio v1.2.2
   Compiling rustls v0.23.42
   Compiling cpufeatures v0.3.0
   Compiling cpufeatures v0.2.17
   Compiling rustix v1.1.4
    Checking icu_normalizer v2.2.0
   Compiling ring v0.17.14
   Compiling icu_locale_core v2.2.0
   Compiling sha2 v0.11.0
   Compiling getrandom v0.4.3
    Checking num-bigint v0.4.8
    Checking parking_lot v0.12.5
    Checking dashmap v6.2.1
   Compiling tokio v1.53.1
    Checking either v1.16.0
   Compiling rand v0.10.2
    Checking idna_adapter v1.2.2
   Compiling crypto-common v0.1.7
   Compiling block-buffer v0.10.4
   Compiling futures-intrusive v0.5.0
    Checking idna v1.1.0
   Compiling sha1 v0.11.0
   Compiling digest v0.10.7
    Checking nibble_vec v0.1.0
    Checking rustls-native-certs v0.8.4
    Checking radix_trie v0.2.1
    Checking evmap v11.0.0
   Compiling sha2 v0.10.9
   Compiling icu_provider v2.2.0
   Compiling tempfile v3.27.0
    Checking url v2.5.8
    Checking atoi v2.0.0
   Compiling jmespath v0.5.0
    Checking simple_asn1 v0.6.4
    Checking metrics-util v0.20.4
    Checking moka v0.12.15
    Checking oxidelta v0.1.4
    Checking futures-executor v0.3.33
    Checking objc2-io-kit v0.3.2
    Checking tracing-subscriber v0.3.23
   Compiling icu_properties v2.2.0
    Checking jsonwebtoken v11.0.0
    Checking prost v0.14.4
   Compiling rustls-webpki v0.103.13
    Checking futures v0.3.33
    Checking metrics-exporter-prometheus v0.18.3
    Checking sysinfo v0.37.2
    Checking native-tls v0.2.18
    Checking sockudo-filter v5.0.1 (/Users/radudiaconu/Desktop/Code/Rust/sockudo/crates/sockudo-filter)
    Checking sockudo-protocol v5.0.1 (/Users/radudiaconu/Desktop/Code/Rust/sockudo/crates/sockudo-protocol)
    Checking prost-types v0.14.4
   Compiling prost-build v0.14.4
   Compiling tokio-stream v0.1.19
   Compiling metrics-exporter-tcp v0.11.2
    Checking tokio-util v0.7.19
    Checking tower v0.5.3
    Checking tokio-rustls v0.26.4
    Checking tokio-tungstenite v0.29.0
    Checking crossfire v3.1.19
    Checking tokio-native-tls v0.3.1
    Checking fs-err v3.3.1
   Compiling sqlx-core v0.9.0
    Checking tower-http v0.6.11
    Checking h2 v0.4.16
    Checking combine v4.6.7
    Checking sqlx-postgres v0.9.0
    Checking sqlx-mysql v0.9.0
    Checking hyper v1.11.0
    Checking redis v1.4.1
    Checking hyper-util v0.1.20
    Checking axum v0.8.9
    Checking hyper-rustls v0.27.9
    Checking hyper-tls v0.6.0
    Checking axum-server v0.8.0
    Checking reqwest v0.12.28
   Compiling sqlx-macros-core v0.9.0
   Compiling sqlx-macros v0.9.0
    Checking sqlx v0.9.0
    Checking sockudo-ws v2.0.1
    Checking sockudo-push v5.0.1 (/Users/radudiaconu/Desktop/Code/Rust/sockudo/crates/sockudo-push)
    Checking sockudo-core v5.0.1 (/Users/radudiaconu/Desktop/Code/Rust/sockudo/crates/sockudo-core)
    Checking sockudo-metrics v5.0.1 (/Users/radudiaconu/Desktop/Code/Rust/sockudo/crates/sockudo-metrics)
    Checking sockudo-delta v5.0.1 (/Users/radudiaconu/Desktop/Code/Rust/sockudo/crates/sockudo-delta)
    Checking sockudo-webhook v5.0.1 (/Users/radudiaconu/Desktop/Code/Rust/sockudo/crates/sockudo-webhook)
    Checking sockudo-ai-transport v5.0.1 (/Users/radudiaconu/Desktop/Code/Rust/sockudo/crates/sockudo-ai-transport)
    Checking sockudo-cache v5.0.1 (/Users/radudiaconu/Desktop/Code/Rust/sockudo/crates/sockudo-cache)
    Checking sockudo-app v5.0.1 (/Users/radudiaconu/Desktop/Code/Rust/sockudo/crates/sockudo-app)
    Checking sockudo-queue v5.0.1 (/Users/radudiaconu/Desktop/Code/Rust/sockudo/crates/sockudo-queue)
    Checking sockudo-rate-limiter v5.0.1 (/Users/radudiaconu/Desktop/Code/Rust/sockudo/crates/sockudo-rate-limiter)
    Checking sockudo-adapter v5.0.1 (/Users/radudiaconu/Desktop/Code/Rust/sockudo/crates/sockudo-adapter)
    Checking sockudo v5.0.1 (/Users/radudiaconu/Desktop/Code/Rust/sockudo/crates/sockudo-server)
warning: variable does not need to be mutable
   --> crates/sockudo-server/src/bootstrap/push/queue.rs:257:13
    |
257 |         let mut job = push_queue_job_data(&envelope)?;
    |             ----^^^
    |             |
    |             help: remove this `mut`
    |
    = note: `#[warn(unused_mut)]` (part of `#[warn(unused)]`) on by default

warning: `sockudo` (bin "sockudo") generated 1 warning (run `cargo fix --bin "sockudo" -p sockudo` to apply 1 suggestion)
    Finished `dev` profile [unoptimized + debuginfo] target(s) in 24.12s
