
running 1 test
C1,postgres,16,1,0,4053500
C1A,postgres,16,1,0,2587084
C1,postgres,16,1,1,3079791
C1A,postgres,16,1,1,2366500
C1,postgres,16,1,2,2344459
C1A,postgres,16,1,2,2644500
C1,postgres,16,1,3,2317500
C1A,postgres,16,1,3,2318083
C1,postgres,16,1,4,2284625
C1A,postgres,16,1,4,2361000
C1,postgres,16,1,5,2232042
C1A,postgres,16,1,5,2332750
C1,postgres,16,1,6,2318041
C1A,postgres,16,1,6,2507417
C1,postgres,16,1,7,2497500
C1A,postgres,16,1,7,2253000
C1,postgres,16,1,8,2467500
C1A,postgres,16,1,8,2333917
C1,postgres,16,1,9,2238250
C1A,postgres,16,1,9,2677750
C1,postgres,16,1,10,2617917
C1A,postgres,16,1,10,2627958
C1,postgres,16,8,0,10757042
C1A,postgres,16,8,0,4346917
C1,postgres,16,8,1,4648709
C1A,postgres,16,8,1,5049166
C1,postgres,16,8,2,4684208
C1A,postgres,16,8,2,4706791
C1,postgres,16,8,3,4171208
C1A,postgres,16,8,3,4685917
C1,postgres,16,8,4,4836042
C1A,postgres,16,8,4,4421250
C1,postgres,16,8,5,4830250
C1A,postgres,16,8,5,4003458
C1,postgres,16,8,6,4018084
C1A,postgres,16,8,6,4194916
C1,postgres,16,8,7,4120250
C1A,postgres,16,8,7,4388041
C1,postgres,16,8,8,4407458
C1A,postgres,16,8,8,4096167
C1,postgres,16,8,9,4432708
C1A,postgres,16,8,9,4329917
C1,postgres,16,8,10,4436458
C1A,postgres,16,8,10,4602083
C1,postgres,128,1,0,2385917
C1A,postgres,128,1,0,2355042
C1,postgres,128,1,1,1998459
C1A,postgres,128,1,1,2038458
C1,postgres,128,1,2,2270000
C1A,postgres,128,1,2,2349042
C1,postgres,128,1,3,2334375
C1A,postgres,128,1,3,2357917
C1,postgres,128,1,4,2294917
C1A,postgres,128,1,4,2348875
C1,postgres,128,1,5,2406458
C1A,postgres,128,1,5,2667750
C1,postgres,128,1,6,2391459
C1A,postgres,128,1,6,2638625
C1,postgres,128,1,7,2450375
C1A,postgres,128,1,7,2532209
C1,postgres,128,1,8,2242667
C1A,postgres,128,1,8,2300000
C1,postgres,128,1,9,2338334
C1A,postgres,128,1,9,2204459
C1,postgres,128,1,10,2341000
C1A,postgres,128,1,10,2284750
C1,postgres,128,8,0,4822750
C1A,postgres,128,8,0,5063750
C1,postgres,128,8,1,4288208
C1A,postgres,128,8,1,4538708
C1,postgres,128,8,2,4594500
C1A,postgres,128,8,2,4158042
C1,postgres,128,8,3,4394333
C1A,postgres,128,8,3,4775459
C1,postgres,128,8,4,4722667
C1A,postgres,128,8,4,4878291
C1,postgres,128,8,5,4339375
C1A,postgres,128,8,5,4136375
C1,postgres,128,8,6,4629250
C1A,postgres,128,8,6,3853292
C1,postgres,128,8,7,4068875
C1A,postgres,128,8,7,4142750
C1,postgres,128,8,8,3461708
C1A,postgres,128,8,8,3995000
C1,postgres,128,8,9,3641916
C1A,postgres,128,8,9,3860709
C1,postgres,128,8,10,6732084
C1A,postgres,128,8,10,5607000
C1,postgres,1024,1,0,2785500
C1A,postgres,1024,1,0,2352416
C1,postgres,1024,1,1,3010041
C1A,postgres,1024,1,1,3103042
C1,postgres,1024,1,2,3372708
C1A,postgres,1024,1,2,2865458
C1,postgres,1024,1,3,2991500
C1A,postgres,1024,1,3,2589000
C1,postgres,1024,1,4,3422208
C1A,postgres,1024,1,4,2882042
C1,postgres,1024,1,5,2958375
C1A,postgres,1024,1,5,2723167
C1,postgres,1024,1,6,3142958
C1A,postgres,1024,1,6,2678042
C1,postgres,1024,1,7,2892459
C1A,postgres,1024,1,7,2731708
C1,postgres,1024,1,8,2910250
C1A,postgres,1024,1,8,2691000
C1,postgres,1024,1,9,3021000
C1A,postgres,1024,1,9,3243834
C1,postgres,1024,1,10,3229083
C1A,postgres,1024,1,10,2331125
C1,postgres,1024,8,0,5807917
C1A,postgres,1024,8,0,6174834
C1,postgres,1024,8,1,5083541
C1A,postgres,1024,8,1,4972500
C1,postgres,1024,8,2,6466125
C1A,postgres,1024,8,2,4290000
C1,postgres,1024,8,3,5341292
C1A,postgres,1024,8,3,4568084
C1,postgres,1024,8,4,5131584
C1A,postgres,1024,8,4,4053333
C1,postgres,1024,8,5,5902333
C1A,postgres,1024,8,5,4751875
C1,postgres,1024,8,6,5208583
C1A,postgres,1024,8,6,4379084
C1,postgres,1024,8,7,4623583
C1A,postgres,1024,8,7,4119416
C1,postgres,1024,8,8,4592541
C1A,postgres,1024,8,8,3831416
C1,postgres,1024,8,9,5960875
C1A,postgres,1024,8,9,4510083
C1,postgres,1024,8,10,6518042
C1A,postgres,1024,8,10,5157334
C1,mysql,16,1,0,5171584
C1A,mysql,16,1,0,2791416
C1,mysql,16,1,1,3934250
C1A,mysql,16,1,1,2695250
C1,mysql,16,1,2,2534167
C1A,mysql,16,1,2,2502667
C1,mysql,16,1,3,2689125
C1A,mysql,16,1,3,3873875
C1,mysql,16,1,4,2595709
C1A,mysql,16,1,4,2557584
C1,mysql,16,1,5,2527000
C1A,mysql,16,1,5,2792583
C1,mysql,16,1,6,2794958
C1A,mysql,16,1,6,2657291
C1,mysql,16,1,7,3311542
C1A,mysql,16,1,7,3550167
C1,mysql,16,1,8,3083041
C1A,mysql,16,1,8,2557083
C1,mysql,16,1,9,2958833
C1A,mysql,16,1,9,3417042
C1,mysql,16,1,10,3772042
C1A,mysql,16,1,10,2834250
C1,mysql,16,8,0,13978834
C1A,mysql,16,8,0,6952625
C1,mysql,16,8,1,6391959
C1A,mysql,16,8,1,6631292
C1,mysql,16,8,2,6895000
C1A,mysql,16,8,2,7467042
C1,mysql,16,8,3,6722500
C1A,mysql,16,8,3,6570292
C1,mysql,16,8,4,8118291
C1A,mysql,16,8,4,5479583
C1,mysql,16,8,5,7152791
C1A,mysql,16,8,5,5730750
C1,mysql,16,8,6,15333625
C1A,mysql,16,8,6,5973625
C1,mysql,16,8,7,5596084
C1A,mysql,16,8,7,4562250
C1,mysql,16,8,8,5061000
C1A,mysql,16,8,8,5705666
C1,mysql,16,8,9,6257541
C1A,mysql,16,8,9,5813916
C1,mysql,16,8,10,7628917
C1A,mysql,16,8,10,4953792
C1,mysql,128,1,0,3012625
C1A,mysql,128,1,0,2891125
C1,mysql,128,1,1,3197833
C1A,mysql,128,1,1,2837250
C1,mysql,128,1,2,3645292
C1A,mysql,128,1,2,3318917
C1,mysql,128,1,3,7865167
C1A,mysql,128,1,3,2697292
C1,mysql,128,1,4,2656083
C1A,mysql,128,1,4,2956792
C1,mysql,128,1,5,2611791
C1A,mysql,128,1,5,2668625
C1,mysql,128,1,6,2540000
C1A,mysql,128,1,6,2730792
C1,mysql,128,1,7,2676458
C1A,mysql,128,1,7,2421375
C1,mysql,128,1,8,2512625
C1A,mysql,128,1,8,2587041
C1,mysql,128,1,9,3555542
C1A,mysql,128,1,9,2566167
C1,mysql,128,1,10,3914583
C1A,mysql,128,1,10,2596792
C1,mysql,128,8,0,6576083
C1A,mysql,128,8,0,6405500
C1,mysql,128,8,1,5907083
C1A,mysql,128,8,1,5503375
C1,mysql,128,8,2,6130959
C1A,mysql,128,8,2,7224458
C1,mysql,128,8,3,6317708
C1A,mysql,128,8,3,6246458
C1,mysql,128,8,4,6288250
C1A,mysql,128,8,4,6656250
C1,mysql,128,8,5,5584625
C1A,mysql,128,8,5,5657625
C1,mysql,128,8,6,6171125
C1A,mysql,128,8,6,8106542
C1,mysql,128,8,7,6051042
C1A,mysql,128,8,7,6224583
C1,mysql,128,8,8,5296792
C1A,mysql,128,8,8,6829625
C1,mysql,128,8,9,5807958
C1A,mysql,128,8,9,6170000
C1,mysql,128,8,10,6674209
C1A,mysql,128,8,10,6670875
C1,mysql,1024,1,0,5452208
C1A,mysql,1024,1,0,5032833
C1,mysql,1024,1,1,4816541
C1A,mysql,1024,1,1,4378166
C1,mysql,1024,1,2,4827709
C1A,mysql,1024,1,2,4207625
C1,mysql,1024,1,3,4355917
C1A,mysql,1024,1,3,5330500
C1,mysql,1024,1,4,4524916
C1A,mysql,1024,1,4,4268416
C1,mysql,1024,1,5,4434292
C1A,mysql,1024,1,5,4087459
C1,mysql,1024,1,6,4242333
C1A,mysql,1024,1,6,4141375
C1,mysql,1024,1,7,4303583
C1A,mysql,1024,1,7,4475875
C1,mysql,1024,1,8,4503583
C1A,mysql,1024,1,8,4211834
C1,mysql,1024,1,9,4793167
C1A,mysql,1024,1,9,4836750
C1,mysql,1024,1,10,4917834
C1A,mysql,1024,1,10,4671125
C1,mysql,1024,8,0,10726917
C1A,mysql,1024,8,0,12970584
C1,mysql,1024,8,1,10440333
C1A,mysql,1024,8,1,11373208
C1,mysql,1024,8,2,22936625
C1A,mysql,1024,8,2,11790834
C1,mysql,1024,8,3,12388000
C1A,mysql,1024,8,3,13321667
C1,mysql,1024,8,4,10903084
C1A,mysql,1024,8,4,11276084
C1,mysql,1024,8,5,11363125
C1A,mysql,1024,8,5,12417625
C1,mysql,1024,8,6,10832625
C1A,mysql,1024,8,6,12748542
C1,mysql,1024,8,7,12777125
C1A,mysql,1024,8,7,9797084
C1,mysql,1024,8,8,9975041
C1A,mysql,1024,8,8,9116625
C1,mysql,1024,8,9,11584667
C1A,mysql,1024,8,9,10761042
C1,mysql,1024,8,10,10895000
C1A,mysql,1024,8,10,9357958
test history::c1_tests::c1_sql_fixed_revisions ... ok

test result: ok. 1 passed; 0 failed; 0 ignored; 0 measured; 101 filtered out; finished in 11.21s

