
running 1 test
C1,postgres,16,1,0,3580458
C1A,postgres,16,1,0,2899875
C1,postgres,16,1,1,2202583
C1A,postgres,16,1,1,2177833
C1,postgres,16,1,2,2002583
C1A,postgres,16,1,2,2213459
C1,postgres,16,1,3,1952417
C1A,postgres,16,1,3,2221833
C1,postgres,16,1,4,2004875
C1A,postgres,16,1,4,2097000
C1,postgres,16,1,5,2025708
C1A,postgres,16,1,5,2241333
C1,postgres,16,1,6,2222166
C1A,postgres,16,1,6,2174708
C1,postgres,16,1,7,2064292
C1A,postgres,16,1,7,2209417
C1,postgres,16,1,8,2123917
C1A,postgres,16,1,8,2283917
C1,postgres,16,1,9,2881334
C1A,postgres,16,1,9,2241708
C1,postgres,16,1,10,2053209
C1A,postgres,16,1,10,2563000
C1,postgres,16,8,0,11573167
C1A,postgres,16,8,0,5794709
C1,postgres,16,8,1,3856250
C1A,postgres,16,8,1,4229750
C1,postgres,16,8,2,4148625
C1A,postgres,16,8,2,4395917
C1,postgres,16,8,3,4092500
C1A,postgres,16,8,3,4475750
C1,postgres,16,8,4,5655375
C1A,postgres,16,8,4,4174875
C1,postgres,16,8,5,4537875
C1A,postgres,16,8,5,4514458
C1,postgres,16,8,6,4223584
C1A,postgres,16,8,6,4962625
C1,postgres,16,8,7,3963792
C1A,postgres,16,8,7,4319250
C1,postgres,16,8,8,3986542
C1A,postgres,16,8,8,4051542
C1,postgres,16,8,9,3921041
C1A,postgres,16,8,9,3931584
C1,postgres,16,8,10,4152208
C1A,postgres,16,8,10,4604291
C1,postgres,128,1,0,1880208
C1A,postgres,128,1,0,2120667
C1,postgres,128,1,1,1953708
C1A,postgres,128,1,1,2393916
C1,postgres,128,1,2,2167500
C1A,postgres,128,1,2,2380000
C1,postgres,128,1,3,2414459
C1A,postgres,128,1,3,2182000
C1,postgres,128,1,4,2083583
C1A,postgres,128,1,4,2001709
C1,postgres,128,1,5,1930834
C1A,postgres,128,1,5,2281333
C1,postgres,128,1,6,1936541
C1A,postgres,128,1,6,2361000
C1,postgres,128,1,7,1988375
C1A,postgres,128,1,7,2229083
C1,postgres,128,1,8,2029000
C1A,postgres,128,1,8,2330667
C1,postgres,128,1,9,1985834
C1A,postgres,128,1,9,2520375
C1,postgres,128,1,10,2045833
C1A,postgres,128,1,10,2050958
C1,postgres,128,8,0,3491917
C1A,postgres,128,8,0,4105917
C1,postgres,128,8,1,4770292
C1A,postgres,128,8,1,6677459
C1,postgres,128,8,2,4948292
C1A,postgres,128,8,2,4896250
C1,postgres,128,8,3,4099667
C1A,postgres,128,8,3,4733958
C1,postgres,128,8,4,4353750
C1A,postgres,128,8,4,4834292
C1,postgres,128,8,5,4486708
C1A,postgres,128,8,5,4774875
C1,postgres,128,8,6,4109625
C1A,postgres,128,8,6,4584375
C1,postgres,128,8,7,4954709
C1A,postgres,128,8,7,5058792
C1,postgres,128,8,8,4225625
C1A,postgres,128,8,8,5219334
C1,postgres,128,8,9,4325125
C1A,postgres,128,8,9,5895875
C1,postgres,128,8,10,4216709
C1A,postgres,128,8,10,4292541
C1,postgres,1024,1,0,2306292
C1A,postgres,1024,1,0,2222916
C1,postgres,1024,1,1,2292834
C1A,postgres,1024,1,1,2491334
C1,postgres,1024,1,2,2052917
C1A,postgres,1024,1,2,2473541
C1,postgres,1024,1,3,2084542
C1A,postgres,1024,1,3,2355625
C1,postgres,1024,1,4,2069917
C1A,postgres,1024,1,4,3108209
C1,postgres,1024,1,5,2086583
C1A,postgres,1024,1,5,2694750
C1,postgres,1024,1,6,3451208
C1A,postgres,1024,1,6,2672000
C1,postgres,1024,1,7,2485709
C1A,postgres,1024,1,7,2594959
C1,postgres,1024,1,8,2245292
C1A,postgres,1024,1,8,2634375
C1,postgres,1024,1,9,2354583
C1A,postgres,1024,1,9,2538750
C1,postgres,1024,1,10,2136792
C1A,postgres,1024,1,10,2553334
C1,postgres,1024,8,0,4679667
C1A,postgres,1024,8,0,5349667
C1,postgres,1024,8,1,4767250
C1A,postgres,1024,8,1,4637708
C1,postgres,1024,8,2,4448958
C1A,postgres,1024,8,2,4680667
C1,postgres,1024,8,3,4469500
C1A,postgres,1024,8,3,3761583
C1,postgres,1024,8,4,4380666
C1A,postgres,1024,8,4,4770375
C1,postgres,1024,8,5,4430542
C1A,postgres,1024,8,5,4103959
C1,postgres,1024,8,6,4030917
C1A,postgres,1024,8,6,4331416
C1,postgres,1024,8,7,5388416
C1A,postgres,1024,8,7,3821000
C1,postgres,1024,8,8,3979458
C1A,postgres,1024,8,8,3675334
C1,postgres,1024,8,9,4070625
C1A,postgres,1024,8,9,4923667
C1,postgres,1024,8,10,4599791
C1A,postgres,1024,8,10,4873541
C1,mysql,16,1,0,4148209
C1A,mysql,16,1,0,3642250
C1,mysql,16,1,1,5107458
C1A,mysql,16,1,1,3075917
C1,mysql,16,1,2,2682625
C1A,mysql,16,1,2,3137000
C1,mysql,16,1,3,3079208
C1A,mysql,16,1,3,2596375
C1,mysql,16,1,4,2353875
C1A,mysql,16,1,4,3529709
C1,mysql,16,1,5,5010750
C1A,mysql,16,1,5,5656250
C1,mysql,16,1,6,5344416
C1A,mysql,16,1,6,5468125
C1,mysql,16,1,7,2693584
C1A,mysql,16,1,7,2959209
C1,mysql,16,1,8,2540875
C1A,mysql,16,1,8,2709083
C1,mysql,16,1,9,2930375
C1A,mysql,16,1,9,2678167
C1,mysql,16,1,10,3372292
C1A,mysql,16,1,10,3081458
C1,mysql,16,8,0,13965542
C1A,mysql,16,8,0,7388166
C1,mysql,16,8,1,29354166
C1A,mysql,16,8,1,6730000
C1,mysql,16,8,2,8027625
C1A,mysql,16,8,2,8326667
C1,mysql,16,8,3,8860666
C1A,mysql,16,8,3,8104083
C1,mysql,16,8,4,8381291
C1A,mysql,16,8,4,8903292
C1,mysql,16,8,5,9471958
C1A,mysql,16,8,5,8179708
C1,mysql,16,8,6,8238291
C1A,mysql,16,8,6,9303875
C1,mysql,16,8,7,9154916
C1A,mysql,16,8,7,8189916
C1,mysql,16,8,8,8162000
C1A,mysql,16,8,8,8138416
C1,mysql,16,8,9,6752125
C1A,mysql,16,8,9,7686417
C1,mysql,16,8,10,8963083
C1A,mysql,16,8,10,7784333
C1,mysql,128,1,0,5317500
C1A,mysql,128,1,0,4640875
C1,mysql,128,1,1,4994667
C1A,mysql,128,1,1,5319667
C1,mysql,128,1,2,8069291
C1A,mysql,128,1,2,3642291
C1,mysql,128,1,3,4479875
C1A,mysql,128,1,3,4304125
C1,mysql,128,1,4,3460750
C1A,mysql,128,1,4,2824416
C1,mysql,128,1,5,4751083
C1A,mysql,128,1,5,5555542
C1,mysql,128,1,6,4423000
C1A,mysql,128,1,6,5254791
C1,mysql,128,1,7,5257791
C1A,mysql,128,1,7,4660458
C1,mysql,128,1,8,5049000
C1A,mysql,128,1,8,5935917
C1,mysql,128,1,9,5112458
C1A,mysql,128,1,9,5439666
C1,mysql,128,1,10,4762500
C1A,mysql,128,1,10,4903667
C1,mysql,128,8,0,8422625
C1A,mysql,128,8,0,15071500
C1,mysql,128,8,1,13616833
C1A,mysql,128,8,1,10914958
C1,mysql,128,8,2,7467625
C1A,mysql,128,8,2,9430417
C1,mysql,128,8,3,8251791
C1A,mysql,128,8,3,9614166
C1,mysql,128,8,4,8212667
C1A,mysql,128,8,4,8905375
C1,mysql,128,8,5,9530000
C1A,mysql,128,8,5,10308416
C1,mysql,128,8,6,8449458
C1A,mysql,128,8,6,10639292
C1,mysql,128,8,7,7080291
C1A,mysql,128,8,7,7071708
C1,mysql,128,8,8,6687750
C1A,mysql,128,8,8,7692500
C1,mysql,128,8,9,6663000
C1A,mysql,128,8,9,6578417
C1,mysql,128,8,10,7313375
C1A,mysql,128,8,10,7674542
C1,mysql,1024,1,0,3142167
C1A,mysql,1024,1,0,3506375
C1,mysql,1024,1,1,3897583
C1A,mysql,1024,1,1,3717584
C1,mysql,1024,1,2,3667042
C1A,mysql,1024,1,2,3533000
C1,mysql,1024,1,3,3269583
C1A,mysql,1024,1,3,3730250
C1,mysql,1024,1,4,2854250
C1A,mysql,1024,1,4,2833208
C1,mysql,1024,1,5,2508750
C1A,mysql,1024,1,5,2931125
C1,mysql,1024,1,6,2601667
C1A,mysql,1024,1,6,2542666
C1,mysql,1024,1,7,2595250
C1A,mysql,1024,1,7,2818584
C1,mysql,1024,1,8,2549625
C1A,mysql,1024,1,8,2868208
C1,mysql,1024,1,9,3461500
C1A,mysql,1024,1,9,2832791
C1,mysql,1024,1,10,2851417
C1A,mysql,1024,1,10,2738042
C1,mysql,1024,8,0,6487292
C1A,mysql,1024,8,0,10767625
C1,mysql,1024,8,1,7905041
C1A,mysql,1024,8,1,10511291
C1,mysql,1024,8,2,9709500
C1A,mysql,1024,8,2,8387334
C1,mysql,1024,8,3,8983334
C1A,mysql,1024,8,3,11722834
C1,mysql,1024,8,4,5935750
C1A,mysql,1024,8,4,5083750
C1,mysql,1024,8,5,7339292
C1A,mysql,1024,8,5,7760958
C1,mysql,1024,8,6,6164583
C1A,mysql,1024,8,6,6538333
C1,mysql,1024,8,7,9841250
C1A,mysql,1024,8,7,5431834
C1,mysql,1024,8,8,5820042
C1A,mysql,1024,8,8,6529750
C1,mysql,1024,8,9,6290500
C1A,mysql,1024,8,9,5862750
C1,mysql,1024,8,10,5607500
C1A,mysql,1024,8,10,5542500
test history::c1_tests::c1_sql_fixed_revisions ... ok

test result: ok. 1 passed; 0 failed; 0 ignored; 0 measured; 101 filtered out; finished in 13.51s

