
running 1 test
C1,postgres,16,1,0,3876083
C1A,postgres,16,1,0,2727708
C1,postgres,16,1,1,2198041
C1A,postgres,16,1,1,2149084
C1,postgres,16,1,2,1933875
C1A,postgres,16,1,2,2495625
C1,postgres,16,1,3,2075833
C1A,postgres,16,1,3,2198833
C1,postgres,16,1,4,1879417
C1A,postgres,16,1,4,2179333
C1,postgres,16,1,5,1951125
C1A,postgres,16,1,5,2129667
C1,postgres,16,1,6,2102458
C1A,postgres,16,1,6,2301667
C1,postgres,16,1,7,1978250
C1A,postgres,16,1,7,2255041
C1,postgres,16,1,8,2214917
C1A,postgres,16,1,8,2174667
C1,postgres,16,1,9,2027709
C1A,postgres,16,1,9,2466250
C1,postgres,16,1,10,2048083
C1A,postgres,16,1,10,2535333
C1,postgres,16,8,0,11934541
C1A,postgres,16,8,0,4922666
C1,postgres,16,8,1,4377583
C1A,postgres,16,8,1,4533375
C1,postgres,16,8,2,3945208
C1A,postgres,16,8,2,4047000
C1,postgres,16,8,3,3693584
C1A,postgres,16,8,3,4339833
C1,postgres,16,8,4,3718583
C1A,postgres,16,8,4,4331500
C1,postgres,16,8,5,3879791
C1A,postgres,16,8,5,4452666
C1,postgres,16,8,6,3740333
C1A,postgres,16,8,6,4314125
C1,postgres,16,8,7,3775334
C1A,postgres,16,8,7,4722292
C1,postgres,16,8,8,3986166
C1A,postgres,16,8,8,4373167
C1,postgres,16,8,9,3767875
C1A,postgres,16,8,9,4415375
C1,postgres,16,8,10,4129375
C1A,postgres,16,8,10,4247917
C1,postgres,128,1,0,1987833
C1A,postgres,128,1,0,2106500
C1,postgres,128,1,1,1817083
C1A,postgres,128,1,1,2213417
C1,postgres,128,1,2,2002542
C1A,postgres,128,1,2,2528084
C1,postgres,128,1,3,1869125
C1A,postgres,128,1,3,2465459
C1,postgres,128,1,4,1956125
C1A,postgres,128,1,4,2363583
C1,postgres,128,1,5,1956375
C1A,postgres,128,1,5,2419542
C1,postgres,128,1,6,1974833
C1A,postgres,128,1,6,2485833
C1,postgres,128,1,7,2068833
C1A,postgres,128,1,7,2471833
C1,postgres,128,1,8,2038833
C1A,postgres,128,1,8,2390667
C1,postgres,128,1,9,2135042
C1A,postgres,128,1,9,2368750
C1,postgres,128,1,10,2112000
C1A,postgres,128,1,10,2252834
C1,postgres,128,8,0,4500084
C1A,postgres,128,8,0,4536125
C1,postgres,128,8,1,3831250
C1A,postgres,128,8,1,3998708
C1,postgres,128,8,2,4018167
C1A,postgres,128,8,2,4352625
C1,postgres,128,8,3,3800417
C1A,postgres,128,8,3,4422750
C1,postgres,128,8,4,4150792
C1A,postgres,128,8,4,3972958
C1,postgres,128,8,5,3840250
C1A,postgres,128,8,5,4046750
C1,postgres,128,8,6,3876708
C1A,postgres,128,8,6,4317708
C1,postgres,128,8,7,4072417
C1A,postgres,128,8,7,4690833
C1,postgres,128,8,8,3900166
C1A,postgres,128,8,8,4589958
C1,postgres,128,8,9,4141000
C1A,postgres,128,8,9,4967291
C1,postgres,128,8,10,4464333
C1A,postgres,128,8,10,5047375
C1,postgres,1024,1,0,2332583
C1A,postgres,1024,1,0,2431750
C1,postgres,1024,1,1,2398084
C1A,postgres,1024,1,1,2331125
C1,postgres,1024,1,2,2383875
C1A,postgres,1024,1,2,2309625
C1,postgres,1024,1,3,2146167
C1A,postgres,1024,1,3,2714458
C1,postgres,1024,1,4,2325417
C1A,postgres,1024,1,4,2173333
C1,postgres,1024,1,5,2264292
C1A,postgres,1024,1,5,2389042
C1,postgres,1024,1,6,2170958
C1A,postgres,1024,1,6,2297417
C1,postgres,1024,1,7,2045834
C1A,postgres,1024,1,7,2354709
C1,postgres,1024,1,8,2306334
C1A,postgres,1024,1,8,2371667
C1,postgres,1024,1,9,2321791
C1A,postgres,1024,1,9,2236583
C1,postgres,1024,1,10,2564000
C1A,postgres,1024,1,10,2264500
C1,postgres,1024,8,0,4078875
C1A,postgres,1024,8,0,4360750
C1,postgres,1024,8,1,4229917
C1A,postgres,1024,8,1,4543417
C1,postgres,1024,8,2,4551625
C1A,postgres,1024,8,2,5046083
C1,postgres,1024,8,3,4546375
C1A,postgres,1024,8,3,4664125
C1,postgres,1024,8,4,4521584
C1A,postgres,1024,8,4,5157875
C1,postgres,1024,8,5,4982791
C1A,postgres,1024,8,5,4561208
C1,postgres,1024,8,6,4720792
C1A,postgres,1024,8,6,4026792
C1,postgres,1024,8,7,4615833
C1A,postgres,1024,8,7,4333292
C1,postgres,1024,8,8,4590375
C1A,postgres,1024,8,8,5108375
C1,postgres,1024,8,9,3758625
C1A,postgres,1024,8,9,4934417
C1,postgres,1024,8,10,4142250
C1A,postgres,1024,8,10,4088667
C1,mysql,16,1,0,3590083
C1A,mysql,16,1,0,2984042
C1,mysql,16,1,1,3911500
C1A,mysql,16,1,1,2807875
C1,mysql,16,1,2,2484333
C1A,mysql,16,1,2,2742625
C1,mysql,16,1,3,3338417
C1A,mysql,16,1,3,2762292
C1,mysql,16,1,4,2506250
C1A,mysql,16,1,4,3078875
C1,mysql,16,1,5,2451541
C1A,mysql,16,1,5,2474375
C1,mysql,16,1,6,2580208
C1A,mysql,16,1,6,2632791
C1,mysql,16,1,7,2551875
C1A,mysql,16,1,7,3009084
C1,mysql,16,1,8,3371083
C1A,mysql,16,1,8,2746583
C1,mysql,16,1,9,2690834
C1A,mysql,16,1,9,2583542
C1,mysql,16,1,10,2689791
C1A,mysql,16,1,10,2836708
C1,mysql,16,8,0,13526291
C1A,mysql,16,8,0,6848833
C1,mysql,16,8,1,5733750
C1A,mysql,16,8,1,5993583
C1,mysql,16,8,2,5399875
C1A,mysql,16,8,2,5332125
C1,mysql,16,8,3,6477375
C1A,mysql,16,8,3,6758458
C1,mysql,16,8,4,6745583
C1A,mysql,16,8,4,6800375
C1,mysql,16,8,5,6599292
C1A,mysql,16,8,5,6039208
C1,mysql,16,8,6,5222375
C1A,mysql,16,8,6,6632959
C1,mysql,16,8,7,5312875
C1A,mysql,16,8,7,5384042
C1,mysql,16,8,8,5368333
C1A,mysql,16,8,8,7095167
C1,mysql,16,8,9,5895625
C1A,mysql,16,8,9,5731334
C1,mysql,16,8,10,14676750
C1A,mysql,16,8,10,7675167
C1,mysql,128,1,0,5374584
C1A,mysql,128,1,0,4145625
C1,mysql,128,1,1,2990583
C1A,mysql,128,1,1,2893333
C1,mysql,128,1,2,2642292
C1A,mysql,128,1,2,3077000
C1,mysql,128,1,3,3094583
C1A,mysql,128,1,3,2811000
C1,mysql,128,1,4,2386667
C1A,mysql,128,1,4,2673542
C1,mysql,128,1,5,3213792
C1A,mysql,128,1,5,3215917
C1,mysql,128,1,6,2584292
C1A,mysql,128,1,6,2438542
C1,mysql,128,1,7,2419375
C1A,mysql,128,1,7,2744791
C1,mysql,128,1,8,2406458
C1A,mysql,128,1,8,2903125
C1,mysql,128,1,9,2570250
C1A,mysql,128,1,9,2784834
C1,mysql,128,1,10,3623583
C1A,mysql,128,1,10,2931417
C1,mysql,128,8,0,5895875
C1A,mysql,128,8,0,7487500
C1,mysql,128,8,1,6964167
C1A,mysql,128,8,1,7982750
C1,mysql,128,8,2,6548666
C1A,mysql,128,8,2,7717166
C1,mysql,128,8,3,6163583
C1A,mysql,128,8,3,5365708
C1,mysql,128,8,4,4529292
C1A,mysql,128,8,4,7070000
C1,mysql,128,8,5,4793583
C1A,mysql,128,8,5,6246000
C1,mysql,128,8,6,5542792
C1A,mysql,128,8,6,6964333
C1,mysql,128,8,7,4967208
C1A,mysql,128,8,7,8203833
C1,mysql,128,8,8,4912041
C1A,mysql,128,8,8,7796625
C1,mysql,128,8,9,6514875
C1A,mysql,128,8,9,6481042
C1,mysql,128,8,10,6466416
C1A,mysql,128,8,10,7615250
C1,mysql,1024,1,0,2472750
C1A,mysql,1024,1,0,2852458
C1,mysql,1024,1,1,2489500
C1A,mysql,1024,1,1,2625208
C1,mysql,1024,1,2,3492708
C1A,mysql,1024,1,2,3168291
C1,mysql,1024,1,3,2935250
C1A,mysql,1024,1,3,2850417
C1,mysql,1024,1,4,2885875
C1A,mysql,1024,1,4,3086333
C1,mysql,1024,1,5,3022125
C1A,mysql,1024,1,5,3238083
C1,mysql,1024,1,6,4530958
C1A,mysql,1024,1,6,2999000
C1,mysql,1024,1,7,2574084
C1A,mysql,1024,1,7,11494500
C1,mysql,1024,1,8,3512125
C1A,mysql,1024,1,8,2841500
C1,mysql,1024,1,9,2634667
C1A,mysql,1024,1,9,3022208
C1,mysql,1024,1,10,3858958
C1A,mysql,1024,1,10,3109792
C1,mysql,1024,8,0,5509875
C1A,mysql,1024,8,0,8177375
C1,mysql,1024,8,1,5098875
C1A,mysql,1024,8,1,6696708
C1,mysql,1024,8,2,21058541
C1A,mysql,1024,8,2,5060083
C1,mysql,1024,8,3,5137500
C1A,mysql,1024,8,3,7491084
C1,mysql,1024,8,4,5606125
C1A,mysql,1024,8,4,5847208
C1,mysql,1024,8,5,7220708
C1A,mysql,1024,8,5,9120917
C1,mysql,1024,8,6,5718291
C1A,mysql,1024,8,6,7490833
C1,mysql,1024,8,7,6940791
C1A,mysql,1024,8,7,5541583
C1,mysql,1024,8,8,4814459
C1A,mysql,1024,8,8,5508750
C1,mysql,1024,8,9,5687625
C1A,mysql,1024,8,9,5175708
C1,mysql,1024,8,10,8100625
C1A,mysql,1024,8,10,4897542
test history::c1_tests::c1_sql_fixed_revisions ... ok

test result: ok. 1 passed; 0 failed; 0 ignored; 0 measured; 101 filtered out; finished in 11.09s

