
running 1 test
C1,postgres,16,1,0,3535792
C1A,postgres,16,1,0,2656291
C1,postgres,16,1,1,1948750
C1A,postgres,16,1,1,2305750
C1,postgres,16,1,2,1963250
C1A,postgres,16,1,2,2470250
C1,postgres,16,1,3,1958250
C1A,postgres,16,1,3,2312666
C1,postgres,16,1,4,2045375
C1A,postgres,16,1,4,2421500
C1,postgres,16,1,5,1824916
C1A,postgres,16,1,5,2223334
C1,postgres,16,1,6,2012750
C1A,postgres,16,1,6,2156084
C1,postgres,16,1,7,1821625
C1A,postgres,16,1,7,2244625
C1,postgres,16,1,8,1985958
C1A,postgres,16,1,8,2030042
C1,postgres,16,1,9,1817958
C1A,postgres,16,1,9,2212666
C1,postgres,16,1,10,1964667
C1A,postgres,16,1,10,2053125
C1,postgres,16,8,0,10296625
C1A,postgres,16,8,0,4731542
C1,postgres,16,8,1,3793167
C1A,postgres,16,8,1,4695542
C1,postgres,16,8,2,3973208
C1A,postgres,16,8,2,3990750
C1,postgres,16,8,3,3604292
C1A,postgres,16,8,3,3799417
C1,postgres,16,8,4,3422750
C1A,postgres,16,8,4,7022709
C1,postgres,16,8,5,3534041
C1A,postgres,16,8,5,6110459
C1,postgres,16,8,6,3257333
C1A,postgres,16,8,6,3990083
C1,postgres,16,8,7,3463792
C1A,postgres,16,8,7,4268750
C1,postgres,16,8,8,3524375
C1A,postgres,16,8,8,3504917
C1,postgres,16,8,9,3594250
C1A,postgres,16,8,9,3662708
C1,postgres,16,8,10,3901208
C1A,postgres,16,8,10,4064167
C1,postgres,128,1,0,1923584
C1A,postgres,128,1,0,2179583
C1,postgres,128,1,1,1896958
C1A,postgres,128,1,1,2062083
C1,postgres,128,1,2,1774041
C1A,postgres,128,1,2,2107125
C1,postgres,128,1,3,1911250
C1A,postgres,128,1,3,2013708
C1,postgres,128,1,4,2071667
C1A,postgres,128,1,4,2081750
C1,postgres,128,1,5,1896042
C1A,postgres,128,1,5,2033458
C1,postgres,128,1,6,1779500
C1A,postgres,128,1,6,2124750
C1,postgres,128,1,7,1807291
C1A,postgres,128,1,7,2034166
C1,postgres,128,1,8,1999083
C1A,postgres,128,1,8,2072375
C1,postgres,128,1,9,1967416
C1A,postgres,128,1,9,2063208
C1,postgres,128,1,10,1914666
C1A,postgres,128,1,10,2198375
C1,postgres,128,8,0,4250834
C1A,postgres,128,8,0,4342333
C1,postgres,128,8,1,3775458
C1A,postgres,128,8,1,4387167
C1,postgres,128,8,2,4198709
C1A,postgres,128,8,2,4665542
C1,postgres,128,8,3,3576416
C1A,postgres,128,8,3,4559584
C1,postgres,128,8,4,3958875
C1A,postgres,128,8,4,4205000
C1,postgres,128,8,5,3832917
C1A,postgres,128,8,5,4988625
C1,postgres,128,8,6,4029667
C1A,postgres,128,8,6,4379833
C1,postgres,128,8,7,3709750
C1A,postgres,128,8,7,3882000
C1,postgres,128,8,8,3523834
C1A,postgres,128,8,8,4285750
C1,postgres,128,8,9,3881083
C1A,postgres,128,8,9,4198958
C1,postgres,128,8,10,3997875
C1A,postgres,128,8,10,3997792
C1,postgres,1024,1,0,1870083
C1A,postgres,1024,1,0,2376833
C1,postgres,1024,1,1,2173042
C1A,postgres,1024,1,1,2242458
C1,postgres,1024,1,2,2089334
C1A,postgres,1024,1,2,2249792
C1,postgres,1024,1,3,2079167
C1A,postgres,1024,1,3,2424166
C1,postgres,1024,1,4,2180666
C1A,postgres,1024,1,4,2183042
C1,postgres,1024,1,5,1853834
C1A,postgres,1024,1,5,2320125
C1,postgres,1024,1,6,2098709
C1A,postgres,1024,1,6,2188000
C1,postgres,1024,1,7,2141042
C1A,postgres,1024,1,7,2601334
C1,postgres,1024,1,8,2103458
C1A,postgres,1024,1,8,2182500
C1,postgres,1024,1,9,2041042
C1A,postgres,1024,1,9,2395625
C1,postgres,1024,1,10,2404792
C1A,postgres,1024,1,10,2426125
C1,postgres,1024,8,0,4149167
C1A,postgres,1024,8,0,3958708
C1,postgres,1024,8,1,3992791
C1A,postgres,1024,8,1,3965000
C1,postgres,1024,8,2,3633916
C1A,postgres,1024,8,2,3927583
C1,postgres,1024,8,3,4063125
C1A,postgres,1024,8,3,3715042
C1,postgres,1024,8,4,3628084
C1A,postgres,1024,8,4,3929667
C1,postgres,1024,8,5,4588042
C1A,postgres,1024,8,5,4243500
C1,postgres,1024,8,6,4004875
C1A,postgres,1024,8,6,3854041
C1,postgres,1024,8,7,4150291
C1A,postgres,1024,8,7,4193250
C1,postgres,1024,8,8,4371625
C1A,postgres,1024,8,8,4100875
C1,postgres,1024,8,9,3927792
C1A,postgres,1024,8,9,3885166
C1,postgres,1024,8,10,4757333
C1A,postgres,1024,8,10,4200666
C1,mysql,16,1,0,4444708
C1A,mysql,16,1,0,2603209
C1,mysql,16,1,1,4904625
C1A,mysql,16,1,1,3755209
C1,mysql,16,1,2,4361667
C1A,mysql,16,1,2,4302125
C1,mysql,16,1,3,3883791
C1A,mysql,16,1,3,4401167
C1,mysql,16,1,4,4000209
C1A,mysql,16,1,4,4471250
C1,mysql,16,1,5,4602458
C1A,mysql,16,1,5,3981500
C1,mysql,16,1,6,3955958
C1A,mysql,16,1,6,4733375
C1,mysql,16,1,7,5536291
C1A,mysql,16,1,7,8522417
C1,mysql,16,1,8,3259833
C1A,mysql,16,1,8,3545042
C1,mysql,16,1,9,4490875
C1A,mysql,16,1,9,3821583
C1,mysql,16,1,10,2668542
C1A,mysql,16,1,10,2588042
C1,mysql,16,8,0,12370833
C1A,mysql,16,8,0,5626750
C1,mysql,16,8,1,14069625
C1A,mysql,16,8,1,6308500
C1,mysql,16,8,2,5166042
C1A,mysql,16,8,2,6426250
C1,mysql,16,8,3,5955625
C1A,mysql,16,8,3,5451583
C1,mysql,16,8,4,7340041
C1A,mysql,16,8,4,5150250
C1,mysql,16,8,5,6298750
C1A,mysql,16,8,5,4510459
C1,mysql,16,8,6,6313833
C1A,mysql,16,8,6,7257625
C1,mysql,16,8,7,6462917
C1A,mysql,16,8,7,7085333
C1,mysql,16,8,8,5898083
C1A,mysql,16,8,8,6082333
C1,mysql,16,8,9,6098500
C1A,mysql,16,8,9,6179709
C1,mysql,16,8,10,9567125
C1A,mysql,16,8,10,8626583
C1,mysql,128,1,0,4779375
C1A,mysql,128,1,0,5175959
C1,mysql,128,1,1,6630333
C1A,mysql,128,1,1,5221750
C1,mysql,128,1,2,3500208
C1A,mysql,128,1,2,3482708
C1,mysql,128,1,3,4462792
C1A,mysql,128,1,3,4874791
C1,mysql,128,1,4,4586542
C1A,mysql,128,1,4,4565166
C1,mysql,128,1,5,3728084
C1A,mysql,128,1,5,3769708
C1,mysql,128,1,6,4802375
C1A,mysql,128,1,6,3663834
C1,mysql,128,1,7,3977625
C1A,mysql,128,1,7,3602250
C1,mysql,128,1,8,4656875
C1A,mysql,128,1,8,4678542
C1,mysql,128,1,9,4975167
C1A,mysql,128,1,9,5050458
C1,mysql,128,1,10,4016541
C1A,mysql,128,1,10,4786458
C1,mysql,128,8,0,7432542
C1A,mysql,128,8,0,10790000
C1,mysql,128,8,1,7861375
C1A,mysql,128,8,1,8566709
C1,mysql,128,8,2,9710625
C1A,mysql,128,8,2,10727917
C1,mysql,128,8,3,9874000
C1A,mysql,128,8,3,8040333
C1,mysql,128,8,4,5649125
C1A,mysql,128,8,4,6618958
C1,mysql,128,8,5,6038000
C1A,mysql,128,8,5,6365792
C1,mysql,128,8,6,6800625
C1A,mysql,128,8,6,6582667
C1,mysql,128,8,7,5130666
C1A,mysql,128,8,7,5550500
C1,mysql,128,8,8,6665625
C1A,mysql,128,8,8,6981708
C1,mysql,128,8,9,7356792
C1A,mysql,128,8,9,7662375
C1,mysql,128,8,10,9280000
C1A,mysql,128,8,10,9202167
C1,mysql,1024,1,0,2992416
C1A,mysql,1024,1,0,4391792
C1,mysql,1024,1,1,3709583
C1A,mysql,1024,1,1,3554333
C1,mysql,1024,1,2,2749167
C1A,mysql,1024,1,2,3053916
C1,mysql,1024,1,3,2898292
C1A,mysql,1024,1,3,2875833
C1,mysql,1024,1,4,2951416
C1A,mysql,1024,1,4,3121417
C1,mysql,1024,1,5,2930042
C1A,mysql,1024,1,5,3195292
C1,mysql,1024,1,6,4834334
C1A,mysql,1024,1,6,2971208
C1,mysql,1024,1,7,2923417
C1A,mysql,1024,1,7,2762667
C1,mysql,1024,1,8,3143541
C1A,mysql,1024,1,8,2869291
C1,mysql,1024,1,9,2900458
C1A,mysql,1024,1,9,2830625
C1,mysql,1024,1,10,3273000
C1A,mysql,1024,1,10,2918083
C1,mysql,1024,8,0,7400083
C1A,mysql,1024,8,0,11399000
C1,mysql,1024,8,1,10409209
C1A,mysql,1024,8,1,9932958
C1,mysql,1024,8,2,4991042
C1A,mysql,1024,8,2,4921792
C1,mysql,1024,8,3,5481291
C1A,mysql,1024,8,3,7855667
C1,mysql,1024,8,4,4901625
C1A,mysql,1024,8,4,5740333
C1,mysql,1024,8,5,7210750
C1A,mysql,1024,8,5,6436375
C1,mysql,1024,8,6,9449125
C1A,mysql,1024,8,6,11066125
C1,mysql,1024,8,7,6289750
C1A,mysql,1024,8,7,5451750
C1,mysql,1024,8,8,5433208
C1A,mysql,1024,8,8,7102584
C1,mysql,1024,8,9,5939584
C1A,mysql,1024,8,9,6920500
C1,mysql,1024,8,10,6933792
C1A,mysql,1024,8,10,5949333
test history::c1_tests::c1_sql_fixed_revisions ... ok

test result: ok. 1 passed; 0 failed; 0 ignored; 0 measured; 101 filtered out; finished in 12.38s

