
running 1 test
C1,postgres,16,1,0,5617042
C1A,postgres,16,1,0,3091625
C1,postgres,16,1,1,2844125
C1A,postgres,16,1,1,2721958
C1,postgres,16,1,2,2364667
C1A,postgres,16,1,2,2380208
C1,postgres,16,1,3,2274542
C1A,postgres,16,1,3,2362541
C1,postgres,16,1,4,2227416
C1A,postgres,16,1,4,2229458
C1,postgres,16,1,5,1994750
C1A,postgres,16,1,5,2042541
C1,postgres,16,1,6,2102083
C1A,postgres,16,1,6,1928333
C1,postgres,16,1,7,1985500
C1A,postgres,16,1,7,2052750
C1,postgres,16,1,8,2168458
C1A,postgres,16,1,8,2110666
C1,postgres,16,1,9,2123709
C1A,postgres,16,1,9,2235000
C1,postgres,16,1,10,2265542
C1A,postgres,16,1,10,2236583
C1,postgres,16,8,0,12538667
C1A,postgres,16,8,0,3817458
C1,postgres,16,8,1,3937667
C1A,postgres,16,8,1,4273625
C1,postgres,16,8,2,5087500
C1A,postgres,16,8,2,4243917
C1,postgres,16,8,3,4291333
C1A,postgres,16,8,3,3922417
C1,postgres,16,8,4,4314500
C1A,postgres,16,8,4,3814375
C1,postgres,16,8,5,4542750
C1A,postgres,16,8,5,4281084
C1,postgres,16,8,6,4364292
C1A,postgres,16,8,6,4088375
C1,postgres,16,8,7,4293792
C1A,postgres,16,8,7,4381833
C1,postgres,16,8,8,4368708
C1A,postgres,16,8,8,3861875
C1,postgres,16,8,9,3948875
C1A,postgres,16,8,9,4233208
C1,postgres,16,8,10,3993208
C1A,postgres,16,8,10,3870041
C1,postgres,128,1,0,2231458
C1A,postgres,128,1,0,2255417
C1,postgres,128,1,1,2323250
C1A,postgres,128,1,1,2253958
C1,postgres,128,1,2,2498708
C1A,postgres,128,1,2,2269042
C1,postgres,128,1,3,2257417
C1A,postgres,128,1,3,2316750
C1,postgres,128,1,4,2358042
C1A,postgres,128,1,4,2280000
C1,postgres,128,1,5,2185667
C1A,postgres,128,1,5,2277042
C1,postgres,128,1,6,2205334
C1A,postgres,128,1,6,2225875
C1,postgres,128,1,7,2262750
C1A,postgres,128,1,7,2210000
C1,postgres,128,1,8,2281333
C1A,postgres,128,1,8,2090208
C1,postgres,128,1,9,2247750
C1A,postgres,128,1,9,2174250
C1,postgres,128,1,10,2398500
C1A,postgres,128,1,10,2213625
C1,postgres,128,8,0,4865041
C1A,postgres,128,8,0,3728042
C1,postgres,128,8,1,3547333
C1A,postgres,128,8,1,3383125
C1,postgres,128,8,2,3327542
C1A,postgres,128,8,2,3684875
C1,postgres,128,8,3,3888125
C1A,postgres,128,8,3,3863167
C1,postgres,128,8,4,4006416
C1A,postgres,128,8,4,3878250
C1,postgres,128,8,5,3998417
C1A,postgres,128,8,5,3838625
C1,postgres,128,8,6,3673667
C1A,postgres,128,8,6,3702708
C1,postgres,128,8,7,3849500
C1A,postgres,128,8,7,4179833
C1,postgres,128,8,8,4243417
C1A,postgres,128,8,8,3474458
C1,postgres,128,8,9,3709834
C1A,postgres,128,8,9,3657708
C1,postgres,128,8,10,13173042
C1A,postgres,128,8,10,3904791
C1,postgres,1024,1,0,2637916
C1A,postgres,1024,1,0,2321416
C1,postgres,1024,1,1,2412625
C1A,postgres,1024,1,1,2403125
C1,postgres,1024,1,2,2739209
C1A,postgres,1024,1,2,2360083
C1,postgres,1024,1,3,2501750
C1A,postgres,1024,1,3,2440667
C1,postgres,1024,1,4,2545250
C1A,postgres,1024,1,4,2248041
C1,postgres,1024,1,5,2571750
C1A,postgres,1024,1,5,2305500
C1,postgres,1024,1,6,2390709
C1A,postgres,1024,1,6,2264834
C1,postgres,1024,1,7,2817333
C1A,postgres,1024,1,7,2591834
C1,postgres,1024,1,8,2613750
C1A,postgres,1024,1,8,2842958
C1,postgres,1024,1,9,2738583
C1A,postgres,1024,1,9,2485167
C1,postgres,1024,1,10,2408167
C1A,postgres,1024,1,10,2606333
C1,postgres,1024,8,0,4408542
C1A,postgres,1024,8,0,3928792
C1,postgres,1024,8,1,4830166
C1A,postgres,1024,8,1,3906500
C1,postgres,1024,8,2,4543625
C1A,postgres,1024,8,2,3976875
C1,postgres,1024,8,3,4565458
C1A,postgres,1024,8,3,3618583
C1,postgres,1024,8,4,4417417
C1A,postgres,1024,8,4,3791958
C1,postgres,1024,8,5,4325167
C1A,postgres,1024,8,5,3778625
C1,postgres,1024,8,6,4775208
C1A,postgres,1024,8,6,4454292
C1,postgres,1024,8,7,4988250
C1A,postgres,1024,8,7,3761042
C1,postgres,1024,8,8,5145750
C1A,postgres,1024,8,8,3669166
C1,postgres,1024,8,9,7428666
C1A,postgres,1024,8,9,5403959
C1,postgres,1024,8,10,5176917
C1A,postgres,1024,8,10,4550917
test history::c1_tests::c1_sql_fixed_revisions ... FAILED

failures:

failures:
    history::c1_tests::c1_sql_fixed_revisions

test result: FAILED. 0 passed; 1 failed; 0 ignored; 0 measured; 101 filtered out; finished in 4.20s

