
running 1 test
C1,postgres,16,1,0,4506959
C1A,postgres,16,1,0,3316417
C1,postgres,16,1,1,2147083
C1A,postgres,16,1,1,2522333
C1,postgres,16,1,2,2078291
C1A,postgres,16,1,2,2369709
C1,postgres,16,1,3,2222041
C1A,postgres,16,1,3,2182625
C1,postgres,16,1,4,1740459
C1A,postgres,16,1,4,2118834
C1,postgres,16,1,5,2429125
C1A,postgres,16,1,5,2031875
C1,postgres,16,1,6,1680125
C1A,postgres,16,1,6,2013584
C1,postgres,16,1,7,1912750
C1A,postgres,16,1,7,2084833
C1,postgres,16,1,8,1896875
C1A,postgres,16,1,8,2452250
C1,postgres,16,1,9,1942833
C1A,postgres,16,1,9,2032625
C1,postgres,16,1,10,1891250
C1A,postgres,16,1,10,2253791
C1,postgres,16,8,0,10538833
C1A,postgres,16,8,0,4629083
C1,postgres,16,8,1,3991709
C1A,postgres,16,8,1,4128125
C1,postgres,16,8,2,3510292
C1A,postgres,16,8,2,4117500
C1,postgres,16,8,3,3958250
C1A,postgres,16,8,3,4563167
C1,postgres,16,8,4,3683125
C1A,postgres,16,8,4,4506166
C1,postgres,16,8,5,4171041
C1A,postgres,16,8,5,4699250
C1,postgres,16,8,6,3793084
C1A,postgres,16,8,6,5132250
C1,postgres,16,8,7,3597125
C1A,postgres,16,8,7,4185542
C1,postgres,16,8,8,3891500
C1A,postgres,16,8,8,3830250
C1,postgres,16,8,9,3615791
C1A,postgres,16,8,9,4037042
C1,postgres,16,8,10,3689291
C1A,postgres,16,8,10,4010000
C1,postgres,128,1,0,2105125
C1A,postgres,128,1,0,5856667
C1,postgres,128,1,1,1896291
C1A,postgres,128,1,1,2407917
C1,postgres,128,1,2,1955042
C1A,postgres,128,1,2,2372708
C1,postgres,128,1,3,1992416
C1A,postgres,128,1,3,2138500
C1,postgres,128,1,4,1986250
C1A,postgres,128,1,4,2002416
C1,postgres,128,1,5,1939125
C1A,postgres,128,1,5,2253375
C1,postgres,128,1,6,1999583
C1A,postgres,128,1,6,2267333
C1,postgres,128,1,7,2142042
C1A,postgres,128,1,7,2209750
C1,postgres,128,1,8,1930083
C1A,postgres,128,1,8,2299917
C1,postgres,128,1,9,1937625
C1A,postgres,128,1,9,2330708
C1,postgres,128,1,10,2071000
C1A,postgres,128,1,10,2493708
C1,postgres,128,8,0,3395625
C1A,postgres,128,8,0,3695500
C1,postgres,128,8,1,3598292
C1A,postgres,128,8,1,3591334
C1,postgres,128,8,2,3555750
C1A,postgres,128,8,2,3870792
C1,postgres,128,8,3,3569125
C1A,postgres,128,8,3,4334958
C1,postgres,128,8,4,3790583
C1A,postgres,128,8,4,4256459
C1,postgres,128,8,5,3392750
C1A,postgres,128,8,5,3998292
C1,postgres,128,8,6,3534417
C1A,postgres,128,8,6,4059750
C1,postgres,128,8,7,4011500
C1A,postgres,128,8,7,4061542
C1,postgres,128,8,8,3802083
C1A,postgres,128,8,8,3782458
C1,postgres,128,8,9,3681959
C1A,postgres,128,8,9,3974500
C1,postgres,128,8,10,3248625
C1A,postgres,128,8,10,3818334
C1,postgres,1024,1,0,1990542
C1A,postgres,1024,1,0,2248375
C1,postgres,1024,1,1,1962542
C1A,postgres,1024,1,1,2380417
C1,postgres,1024,1,2,2408834
C1A,postgres,1024,1,2,2353458
C1,postgres,1024,1,3,2174583
C1A,postgres,1024,1,3,2328875
C1,postgres,1024,1,4,2227333
C1A,postgres,1024,1,4,2479500
C1,postgres,1024,1,5,2152875
C1A,postgres,1024,1,5,2339417
C1,postgres,1024,1,6,2063416
C1A,postgres,1024,1,6,2292834
C1,postgres,1024,1,7,2160709
C1A,postgres,1024,1,7,2221291
C1,postgres,1024,1,8,2035250
C1A,postgres,1024,1,8,2309625
C1,postgres,1024,1,9,2191625
C1A,postgres,1024,1,9,2262375
C1,postgres,1024,1,10,2098667
C1A,postgres,1024,1,10,2405334
C1,postgres,1024,8,0,3674875
C1A,postgres,1024,8,0,3830458
C1,postgres,1024,8,1,4567042
C1A,postgres,1024,8,1,6991042
C1,postgres,1024,8,2,5040750
C1A,postgres,1024,8,2,4978417
C1,postgres,1024,8,3,4761084
C1A,postgres,1024,8,3,4685542
C1,postgres,1024,8,4,4195667
C1A,postgres,1024,8,4,4503875
C1,postgres,1024,8,5,4156500
C1A,postgres,1024,8,5,4452833
C1,postgres,1024,8,6,4450333
C1A,postgres,1024,8,6,4069041
C1,postgres,1024,8,7,3855250
C1A,postgres,1024,8,7,4136709
C1,postgres,1024,8,8,3963583
C1A,postgres,1024,8,8,4077333
C1,postgres,1024,8,9,4090167
C1A,postgres,1024,8,9,3989209
C1,postgres,1024,8,10,3586625
C1A,postgres,1024,8,10,3738500
C1,mysql,16,1,0,3730542
C1A,mysql,16,1,0,2778875
C1,mysql,16,1,1,4296000
C1A,mysql,16,1,1,2971208
C1,mysql,16,1,2,2432584
C1A,mysql,16,1,2,2683958
C1,mysql,16,1,3,2394334
C1A,mysql,16,1,3,2512333
C1,mysql,16,1,4,2370042
C1A,mysql,16,1,4,2579750
C1,mysql,16,1,5,2340250
C1A,mysql,16,1,5,2405959
C1,mysql,16,1,6,2556334
C1A,mysql,16,1,6,2363625
C1,mysql,16,1,7,2265166
C1A,mysql,16,1,7,2464334
C1,mysql,16,1,8,2229833
C1A,mysql,16,1,8,2414833
C1,mysql,16,1,9,2396666
C1A,mysql,16,1,9,2342416
C1,mysql,16,1,10,2211916
C1A,mysql,16,1,10,2838000
C1,mysql,16,8,0,12652000
C1A,mysql,16,8,0,9215458
C1,mysql,16,8,1,4535250
C1A,mysql,16,8,1,5829792
C1,mysql,16,8,2,6093792
C1A,mysql,16,8,2,4676541
C1,mysql,16,8,3,4407000
C1A,mysql,16,8,3,5045875
C1,mysql,16,8,4,4936750
C1A,mysql,16,8,4,4840083
C1,mysql,16,8,5,6000459
C1A,mysql,16,8,5,5442542
C1,mysql,16,8,6,4827625
C1A,mysql,16,8,6,6250458
C1,mysql,16,8,7,5011708
C1A,mysql,16,8,7,5745334
C1,mysql,16,8,8,7197000
C1A,mysql,16,8,8,5828583
C1,mysql,16,8,9,5220917
C1A,mysql,16,8,9,6663708
C1,mysql,16,8,10,5821583
C1A,mysql,16,8,10,4922333
C1,mysql,128,1,0,3092833
C1A,mysql,128,1,0,3101208
C1,mysql,128,1,1,2535250
C1A,mysql,128,1,1,3536250
C1,mysql,128,1,2,2426375
C1A,mysql,128,1,2,2621625
C1,mysql,128,1,3,2139125
C1A,mysql,128,1,3,3298292
C1,mysql,128,1,4,2357083
C1A,mysql,128,1,4,2583083
C1,mysql,128,1,5,2293125
C1A,mysql,128,1,5,2520084
C1,mysql,128,1,6,2310042
C1A,mysql,128,1,6,2543458
C1,mysql,128,1,7,2287375
C1A,mysql,128,1,7,2702833
C1,mysql,128,1,8,2283458
C1A,mysql,128,1,8,2372375
C1,mysql,128,1,9,2392708
C1A,mysql,128,1,9,2642167
C1,mysql,128,1,10,2826750
C1A,mysql,128,1,10,2448333
C1,mysql,128,8,0,4907042
C1A,mysql,128,8,0,5498291
C1,mysql,128,8,1,5783417
C1A,mysql,128,8,1,6163709
C1,mysql,128,8,2,5597125
C1A,mysql,128,8,2,5395833
C1,mysql,128,8,3,4238625
C1A,mysql,128,8,3,5792000
C1,mysql,128,8,4,4703583
C1A,mysql,128,8,4,6225208
C1,mysql,128,8,5,5296833
C1A,mysql,128,8,5,6037500
C1,mysql,128,8,6,4850792
C1A,mysql,128,8,6,8060875
C1,mysql,128,8,7,4676375
C1A,mysql,128,8,7,5534041
C1,mysql,128,8,8,5189667
C1A,mysql,128,8,8,6303125
C1,mysql,128,8,9,6127167
C1A,mysql,128,8,9,7558583
C1,mysql,128,8,10,5680416
C1A,mysql,128,8,10,6439667
C1,mysql,1024,1,0,2781000
C1A,mysql,1024,1,0,2648209
C1,mysql,1024,1,1,3022042
C1A,mysql,1024,1,1,3165541
C1,mysql,1024,1,2,2972000
C1A,mysql,1024,1,2,2997333
C1,mysql,1024,1,3,2784208
C1A,mysql,1024,1,3,2768333
C1,mysql,1024,1,4,3039042
C1A,mysql,1024,1,4,3331708
C1,mysql,1024,1,5,3003292
C1A,mysql,1024,1,5,3420208
C1,mysql,1024,1,6,2712375
C1A,mysql,1024,1,6,2780459
C1,mysql,1024,1,7,3059375
C1A,mysql,1024,1,7,3925084
C1,mysql,1024,1,8,2596125
C1A,mysql,1024,1,8,3287833
C1,mysql,1024,1,9,2628375
C1A,mysql,1024,1,9,2853083
C1,mysql,1024,1,10,3396792
C1A,mysql,1024,1,10,2928916
C1,mysql,1024,8,0,5387583
C1A,mysql,1024,8,0,9100667
C1,mysql,1024,8,1,5015250
C1A,mysql,1024,8,1,7416791
C1,mysql,1024,8,2,5588708
C1A,mysql,1024,8,2,6527625
C1,mysql,1024,8,3,5310417
C1A,mysql,1024,8,3,7992209
C1,mysql,1024,8,4,7701791
C1A,mysql,1024,8,4,5919583
C1,mysql,1024,8,5,9666542
C1A,mysql,1024,8,5,6615208
C1,mysql,1024,8,6,6661916
C1A,mysql,1024,8,6,6774583
C1,mysql,1024,8,7,7106083
C1A,mysql,1024,8,7,4784291
C1,mysql,1024,8,8,5051125
C1A,mysql,1024,8,8,5683917
C1,mysql,1024,8,9,5152458
C1A,mysql,1024,8,9,7539708
C1,mysql,1024,8,10,5160708
C1A,mysql,1024,8,10,6487375
test history::c1_tests::c1_sql_fixed_revisions ... ok

test result: ok. 1 passed; 0 failed; 0 ignored; 0 measured; 101 filtered out; finished in 10.94s

