
running 1 test
C1,postgres,16,1,0,4395333
C1A,postgres,16,1,0,2794750
C1,postgres,16,1,1,2427834
C1A,postgres,16,1,1,2690959
C1,postgres,16,1,2,2467708
C1A,postgres,16,1,2,2415125
C1,postgres,16,1,3,2367375
C1A,postgres,16,1,3,2353458
C1,postgres,16,1,4,2284834
C1A,postgres,16,1,4,2136500
C1,postgres,16,1,5,2252834
C1A,postgres,16,1,5,2307459
C1,postgres,16,1,6,2192625
C1A,postgres,16,1,6,2226208
C1,postgres,16,1,7,2308625
C1A,postgres,16,1,7,2187625
C1,postgres,16,1,8,2245791
C1A,postgres,16,1,8,2160292
C1,postgres,16,1,9,2257000
C1A,postgres,16,1,9,2083917
C1,postgres,16,1,10,2113958
C1A,postgres,16,1,10,2122334
C1,postgres,16,8,0,10736083
C1A,postgres,16,8,0,4258708
C1,postgres,16,8,1,3956875
C1A,postgres,16,8,1,4809459
C1,postgres,16,8,2,4382333
C1A,postgres,16,8,2,4772833
C1,postgres,16,8,3,4743166
C1A,postgres,16,8,3,4524666
C1,postgres,16,8,4,4757458
C1A,postgres,16,8,4,3925083
C1,postgres,16,8,5,4431791
C1A,postgres,16,8,5,4151708
C1,postgres,16,8,6,4325042
C1A,postgres,16,8,6,4453250
C1,postgres,16,8,7,4377833
C1A,postgres,16,8,7,3783708
C1,postgres,16,8,8,4055292
C1A,postgres,16,8,8,3601166
C1,postgres,16,8,9,3592750
C1A,postgres,16,8,9,4326125
C1,postgres,16,8,10,4524209
C1A,postgres,16,8,10,4188625
C1,postgres,128,1,0,2422000
C1A,postgres,128,1,0,2507042
C1,postgres,128,1,1,2310375
C1A,postgres,128,1,1,2549125
C1,postgres,128,1,2,2469416
C1A,postgres,128,1,2,2981333
C1,postgres,128,1,3,2313458
C1A,postgres,128,1,3,2677000
C1,postgres,128,1,4,3537459
C1A,postgres,128,1,4,2420334
C1,postgres,128,1,5,2543625
C1A,postgres,128,1,5,2455209
C1,postgres,128,1,6,2293584
C1A,postgres,128,1,6,2501708
C1,postgres,128,1,7,2383208
C1A,postgres,128,1,7,2305500
C1,postgres,128,1,8,3202292
C1A,postgres,128,1,8,2908166
C1,postgres,128,1,9,2880000
C1A,postgres,128,1,9,2706125
C1,postgres,128,1,10,2642375
C1A,postgres,128,1,10,2413709
C1,postgres,128,8,0,4564458
C1A,postgres,128,8,0,4798542
C1,postgres,128,8,1,4570875
C1A,postgres,128,8,1,4931334
C1,postgres,128,8,2,4150416
C1A,postgres,128,8,2,4167959
C1,postgres,128,8,3,5137542
C1A,postgres,128,8,3,5197208
C1,postgres,128,8,4,4194459
C1A,postgres,128,8,4,4736167
C1,postgres,128,8,5,4902208
C1A,postgres,128,8,5,4386333
C1,postgres,128,8,6,4562250
C1A,postgres,128,8,6,4756250
C1,postgres,128,8,7,4444875
C1A,postgres,128,8,7,4665250
C1,postgres,128,8,8,4359208
C1A,postgres,128,8,8,4105416
C1,postgres,128,8,9,4454959
C1A,postgres,128,8,9,3849750
C1,postgres,128,8,10,5809416
C1A,postgres,128,8,10,3603875
C1,postgres,1024,1,0,2624791
C1A,postgres,1024,1,0,2462958
C1,postgres,1024,1,1,3050042
C1A,postgres,1024,1,1,2544708
C1,postgres,1024,1,2,3255041
C1A,postgres,1024,1,2,2698708
C1,postgres,1024,1,3,3097666
C1A,postgres,1024,1,3,2553500
C1,postgres,1024,1,4,3168375
C1A,postgres,1024,1,4,2764750
C1,postgres,1024,1,5,2890041
C1A,postgres,1024,1,5,2460166
C1,postgres,1024,1,6,2939708
C1A,postgres,1024,1,6,2396541
C1,postgres,1024,1,7,2996250
C1A,postgres,1024,1,7,2842041
C1,postgres,1024,1,8,3004292
C1A,postgres,1024,1,8,2740958
C1,postgres,1024,1,9,3831833
C1A,postgres,1024,1,9,2763042
C1,postgres,1024,1,10,2993458
C1A,postgres,1024,1,10,2675250
C1,postgres,1024,8,0,5189500
C1A,postgres,1024,8,0,4636750
C1,postgres,1024,8,1,5141458
C1A,postgres,1024,8,1,4742708
C1,postgres,1024,8,2,5504375
C1A,postgres,1024,8,2,4860666
C1,postgres,1024,8,3,5752666
C1A,postgres,1024,8,3,4755875
C1,postgres,1024,8,4,5018542
C1A,postgres,1024,8,4,4858459
C1,postgres,1024,8,5,4917750
C1A,postgres,1024,8,5,4228833
C1,postgres,1024,8,6,4710834
C1A,postgres,1024,8,6,3917083
C1,postgres,1024,8,7,5416167
C1A,postgres,1024,8,7,4355584
C1,postgres,1024,8,8,5396041
C1A,postgres,1024,8,8,4416458
C1,postgres,1024,8,9,5033875
C1A,postgres,1024,8,9,4148458
C1,postgres,1024,8,10,4787375
C1A,postgres,1024,8,10,4520250
C1,mysql,16,1,0,4945458
C1A,mysql,16,1,0,2897917
C1,mysql,16,1,1,3698625
C1A,mysql,16,1,1,2608500
C1,mysql,16,1,2,3019417
C1A,mysql,16,1,2,2560917
C1,mysql,16,1,3,2805667
C1A,mysql,16,1,3,2521334
C1,mysql,16,1,4,2744875
C1A,mysql,16,1,4,2500250
C1,mysql,16,1,5,2860583
C1A,mysql,16,1,5,2393667
C1,mysql,16,1,6,2535834
C1A,mysql,16,1,6,2968667
C1,mysql,16,1,7,2724333
C1A,mysql,16,1,7,2576750
C1,mysql,16,1,8,2968625
C1A,mysql,16,1,8,2820041
C1,mysql,16,1,9,2591375
C1A,mysql,16,1,9,2486417
C1,mysql,16,1,10,2886750
C1A,mysql,16,1,10,3074500
C1,mysql,16,8,0,14133875
C1A,mysql,16,8,0,6211208
C1,mysql,16,8,1,5556375
C1A,mysql,16,8,1,5638292
C1,mysql,16,8,2,5199583
C1A,mysql,16,8,2,5710125
C1,mysql,16,8,3,5522125
C1A,mysql,16,8,3,5638458
C1,mysql,16,8,4,4745334
C1A,mysql,16,8,4,4481084
C1,mysql,16,8,5,5322417
C1A,mysql,16,8,5,5372917
C1,mysql,16,8,6,5565000
C1A,mysql,16,8,6,4532834
C1,mysql,16,8,7,5583042
C1A,mysql,16,8,7,5410500
C1,mysql,16,8,8,6592834
C1A,mysql,16,8,8,5574167
C1,mysql,16,8,9,7226250
C1A,mysql,16,8,9,5045000
C1,mysql,16,8,10,5747042
C1A,mysql,16,8,10,4489250
C1,mysql,128,1,0,3438333
C1A,mysql,128,1,0,2487042
C1,mysql,128,1,1,2644417
C1A,mysql,128,1,1,2762500
C1,mysql,128,1,2,2564458
C1A,mysql,128,1,2,2524083
C1,mysql,128,1,3,2491292
C1A,mysql,128,1,3,2787625
C1,mysql,128,1,4,2543375
C1A,mysql,128,1,4,2507750
C1,mysql,128,1,5,2705875
C1A,mysql,128,1,5,3460417
C1,mysql,128,1,6,2508958
C1A,mysql,128,1,6,2679584
C1,mysql,128,1,7,2505333
C1A,mysql,128,1,7,3293792
C1,mysql,128,1,8,2490458
C1A,mysql,128,1,8,2978250
C1,mysql,128,1,9,2444041
C1A,mysql,128,1,9,2553542
C1,mysql,128,1,10,2637750
C1A,mysql,128,1,10,2377750
C1,mysql,128,8,0,6908208
C1A,mysql,128,8,0,4738250
C1,mysql,128,8,1,5149583
C1A,mysql,128,8,1,7181500
C1,mysql,128,8,2,6132834
C1A,mysql,128,8,2,7068958
C1,mysql,128,8,3,4912791
C1A,mysql,128,8,3,7208334
C1,mysql,128,8,4,6263958
C1A,mysql,128,8,4,6196875
C1,mysql,128,8,5,5345500
C1A,mysql,128,8,5,6151541
C1,mysql,128,8,6,5591500
C1A,mysql,128,8,6,8593167
C1,mysql,128,8,7,6159583
C1A,mysql,128,8,7,7484250
C1,mysql,128,8,8,5430542
C1A,mysql,128,8,8,6210916
C1,mysql,128,8,9,6025458
C1A,mysql,128,8,9,7663500
C1,mysql,128,8,10,8126334
C1A,mysql,128,8,10,7738167
C1,mysql,1024,1,0,5009208
C1A,mysql,1024,1,0,4866291
C1,mysql,1024,1,1,5044416
C1A,mysql,1024,1,1,4672458
C1,mysql,1024,1,2,4939541
C1A,mysql,1024,1,2,4482708
C1,mysql,1024,1,3,4883542
C1A,mysql,1024,1,3,4328792
C1,mysql,1024,1,4,4954500
C1A,mysql,1024,1,4,4653458
C1,mysql,1024,1,5,4286291
C1A,mysql,1024,1,5,4568167
C1,mysql,1024,1,6,4482625
C1A,mysql,1024,1,6,4359791
C1,mysql,1024,1,7,4507834
C1A,mysql,1024,1,7,4186375
C1,mysql,1024,1,8,4219500
C1A,mysql,1024,1,8,4076167
C1,mysql,1024,1,9,4516667
C1A,mysql,1024,1,9,4417500
C1,mysql,1024,1,10,6350334
C1A,mysql,1024,1,10,7102750
C1,mysql,1024,8,0,10623417
C1A,mysql,1024,8,0,13995958
C1,mysql,1024,8,1,10750209
C1A,mysql,1024,8,1,11318125
C1,mysql,1024,8,2,11337125
C1A,mysql,1024,8,2,10171209
C1,mysql,1024,8,3,9641708
C1A,mysql,1024,8,3,12553292
C1,mysql,1024,8,4,11258542
C1A,mysql,1024,8,4,9588833
C1,mysql,1024,8,5,13428709
C1A,mysql,1024,8,5,9759500
C1,mysql,1024,8,6,11359125
C1A,mysql,1024,8,6,12602791
C1,mysql,1024,8,7,14204959
C1A,mysql,1024,8,7,11261542
C1,mysql,1024,8,8,10563750
C1A,mysql,1024,8,8,12132208
C1,mysql,1024,8,9,10079166
C1A,mysql,1024,8,9,10492792
C1,mysql,1024,8,10,13820583
C1A,mysql,1024,8,10,11163875
test history::c1_tests::c1_sql_fixed_revisions ... ok

test result: ok. 1 passed; 0 failed; 0 ignored; 0 measured; 101 filtered out; finished in 11.33s

