command: cargo test -p sockudo --no-default-features --features local,v2,ai-transport,ably-compat,redis,postgres,mysql,push c1_sql_append_caps -- --ignored --nocapture
env: REDIS_URL=redis://127.0.0.1:25463/
warning: variable does not need to be mutable
   --> crates/sockudo-server/src/bootstrap/push/queue.rs:257:13
    |
257 |         let mut job = push_queue_job_data(&envelope)?;
    |             ----^^^
    |             |
    |             help: remove this `mut`
    |
    = note: `#[warn(unused_mut)]` (part of `#[warn(unused)]`) on by default

warning: `sockudo` (bin "sockudo") generated 1 warning (run `cargo fix --bin "sockudo" -p sockudo` to apply 1 suggestion)
warning: `sockudo` (bin "sockudo" test) generated 1 warning (1 duplicate)
    Finished `test` profile [unoptimized + debuginfo] target(s) in 0.31s
     Running unittests src/main.rs (target/debug/deps/sockudo-07b8b8ba00d6305e)

running 1 test
test history::c1_tests::c1_sql_append_caps_import_duplicate_and_purge ... ok

test result: ok. 1 passed; 0 failed; 0 ignored; 0 measured; 156 filtered out; finished in 0.55s

     Running tests/clustered_durable_history_redis_test.rs (target/debug/deps/clustered_durable_history_redis_test-8dc72de9113e6e16)

running 0 tests

test result: ok. 0 passed; 0 failed; 0 ignored; 0 measured; 0 filtered out; finished in 0.00s

     Running tests/native_v2_heartbeat_test.rs (target/debug/deps/native_v2_heartbeat_test-6e9661bff25f95d7)

running 0 tests

test result: ok. 0 passed; 0 failed; 0 ignored; 0 measured; 2 filtered out; finished in 0.00s

