
running 1 test
C1,postgres,16,1,0,5829750
C1A,postgres,16,1,0,3019125
C1,postgres,16,1,1,2636667
C1A,postgres,16,1,1,2550917
C1,postgres,16,1,2,2515167
C1A,postgres,16,1,2,2502166
C1,postgres,16,1,3,2386958
C1A,postgres,16,1,3,2608750
C1,postgres,16,1,4,2287708
C1A,postgres,16,1,4,2199459
C1,postgres,16,1,5,2286042
C1A,postgres,16,1,5,2316625
C1,postgres,16,1,6,2324916
C1A,postgres,16,1,6,2344375
C1,postgres,16,1,7,2381583
C1A,postgres,16,1,7,2187666
C1,postgres,16,1,8,2247041
C1A,postgres,16,1,8,2276083
C1,postgres,16,1,9,2222083
C1A,postgres,16,1,9,2162917
C1,postgres,16,1,10,2292291
C1A,postgres,16,1,10,2258083
C1,postgres,16,8,0,11730959
C1A,postgres,16,8,0,4866291
C1,postgres,16,8,1,4604166
C1A,postgres,16,8,1,4254750
C1,postgres,16,8,2,4020583
C1A,postgres,16,8,2,5365875
C1,postgres,16,8,3,4050458
C1A,postgres,16,8,3,4012541
C1,postgres,16,8,4,4855334
C1A,postgres,16,8,4,4729958
C1,postgres,16,8,5,4724666
C1A,postgres,16,8,5,4634125
C1,postgres,16,8,6,4953042
C1A,postgres,16,8,6,4744958
C1,postgres,16,8,7,3956875
C1A,postgres,16,8,7,4113875
C1,postgres,16,8,8,4582333
C1A,postgres,16,8,8,3796250
C1,postgres,16,8,9,5718166
C1A,postgres,16,8,9,5945083
C1,postgres,16,8,10,4206250
C1A,postgres,16,8,10,4875208
C1,postgres,128,1,0,2726083
C1A,postgres,128,1,0,2416667
C1,postgres,128,1,1,2325833
C1A,postgres,128,1,1,2239917
C1,postgres,128,1,2,2487208
C1A,postgres,128,1,2,2376542
C1,postgres,128,1,3,2666833
C1A,postgres,128,1,3,2587750
C1,postgres,128,1,4,2319459
C1A,postgres,128,1,4,2257750
C1,postgres,128,1,5,2335583
C1A,postgres,128,1,5,2142542
C1,postgres,128,1,6,2477917
C1A,postgres,128,1,6,2191583
C1,postgres,128,1,7,2392416
C1A,postgres,128,1,7,2174084
C1,postgres,128,1,8,2481125
C1A,postgres,128,1,8,2346417
C1,postgres,128,1,9,2464375
C1A,postgres,128,1,9,2213667
C1,postgres,128,1,10,2342959
C1A,postgres,128,1,10,2221750
C1,postgres,128,8,0,4226208
C1A,postgres,128,8,0,4300500
C1,postgres,128,8,1,3816000
C1A,postgres,128,8,1,3911917
C1,postgres,128,8,2,4052334
C1A,postgres,128,8,2,4275458
C1,postgres,128,8,3,5125666
C1A,postgres,128,8,3,4544625
C1,postgres,128,8,4,4716583
C1A,postgres,128,8,4,5035333
C1,postgres,128,8,5,5421083
C1A,postgres,128,8,5,4736291
C1,postgres,128,8,6,5352208
C1A,postgres,128,8,6,5031042
C1,postgres,128,8,7,4717000
C1A,postgres,128,8,7,4762042
C1,postgres,128,8,8,4511042
C1A,postgres,128,8,8,4142583
C1,postgres,128,8,9,4604541
C1A,postgres,128,8,9,4339417
C1,postgres,128,8,10,4731583
C1A,postgres,128,8,10,5665084
C1,postgres,1024,1,0,2803416
C1A,postgres,1024,1,0,2627834
C1,postgres,1024,1,1,3055959
C1A,postgres,1024,1,1,2575125
C1,postgres,1024,1,2,3428292
C1A,postgres,1024,1,2,2545833
C1,postgres,1024,1,3,3435958
C1A,postgres,1024,1,3,2652500
C1,postgres,1024,1,4,3357334
C1A,postgres,1024,1,4,2627584
C1,postgres,1024,1,5,2942167
C1A,postgres,1024,1,5,2703375
C1,postgres,1024,1,6,3273917
C1A,postgres,1024,1,6,2604375
C1,postgres,1024,1,7,2802167
C1A,postgres,1024,1,7,2441458
C1,postgres,1024,1,8,2897042
C1A,postgres,1024,1,8,2888250
C1,postgres,1024,1,9,2972625
C1A,postgres,1024,1,9,2506333
C1,postgres,1024,1,10,3187500
C1A,postgres,1024,1,10,2818375
C1,postgres,1024,8,0,4822166
C1A,postgres,1024,8,0,4234958
C1,postgres,1024,8,1,5541875
C1A,postgres,1024,8,1,5045125
C1,postgres,1024,8,2,5305958
C1A,postgres,1024,8,2,4736042
C1,postgres,1024,8,3,4707458
C1A,postgres,1024,8,3,3972083
C1,postgres,1024,8,4,5698875
C1A,postgres,1024,8,4,5044875
C1,postgres,1024,8,5,5771833
C1A,postgres,1024,8,5,5069500
C1,postgres,1024,8,6,5477875
C1A,postgres,1024,8,6,4476792
C1,postgres,1024,8,7,4815750
C1A,postgres,1024,8,7,4592625
C1,postgres,1024,8,8,5365916
C1A,postgres,1024,8,8,5044500
C1,postgres,1024,8,9,5257875
C1A,postgres,1024,8,9,4025458
C1,postgres,1024,8,10,5737667
C1A,postgres,1024,8,10,5203584
C1,mysql,16,1,0,5338459
C1A,mysql,16,1,0,2963834
C1,mysql,16,1,1,3958375
C1A,mysql,16,1,1,2938583
C1,mysql,16,1,2,2632417
C1A,mysql,16,1,2,3104708
C1,mysql,16,1,3,2864042
C1A,mysql,16,1,3,3655500
C1,mysql,16,1,4,3652041
C1A,mysql,16,1,4,2867583
C1,mysql,16,1,5,2756958
C1A,mysql,16,1,5,2989625
C1,mysql,16,1,6,2819041
C1A,mysql,16,1,6,2735667
C1,mysql,16,1,7,2759250
C1A,mysql,16,1,7,3072875
C1,mysql,16,1,8,3469333
C1A,mysql,16,1,8,2732500
C1,mysql,16,1,9,2947708
C1A,mysql,16,1,9,3137667
C1,mysql,16,1,10,2779834
C1A,mysql,16,1,10,3103000
C1,mysql,16,8,0,15875333
C1A,mysql,16,8,0,7121584
C1,mysql,16,8,1,16193584
C1A,mysql,16,8,1,5500833
C1,mysql,16,8,2,5690125
C1A,mysql,16,8,2,5425916
C1,mysql,16,8,3,32274500
C1A,mysql,16,8,3,6003042
C1,mysql,16,8,4,7616584
C1A,mysql,16,8,4,4999208
C1,mysql,16,8,5,6523125
C1A,mysql,16,8,5,5299792
C1,mysql,16,8,6,7857583
C1A,mysql,16,8,6,5901708
C1,mysql,16,8,7,9196417
C1A,mysql,16,8,7,5637000
C1,mysql,16,8,8,5063750
C1A,mysql,16,8,8,4845916
C1,mysql,16,8,9,6989083
C1A,mysql,16,8,9,5703083
C1,mysql,16,8,10,5809833
C1A,mysql,16,8,10,7064750
C1,mysql,128,1,0,4098833
C1A,mysql,128,1,0,2965333
C1,mysql,128,1,1,3763167
C1A,mysql,128,1,1,3273667
C1,mysql,128,1,2,2973459
C1A,mysql,128,1,2,3444167
C1,mysql,128,1,3,3339500
C1A,mysql,128,1,3,2690417
C1,mysql,128,1,4,4775625
C1A,mysql,128,1,4,3660375
C1,mysql,128,1,5,8818375
C1A,mysql,128,1,5,6678375
C1,mysql,128,1,6,3529209
C1A,mysql,128,1,6,3086458
C1,mysql,128,1,7,3065167
C1A,mysql,128,1,7,2919834
C1,mysql,128,1,8,3444834
C1A,mysql,128,1,8,3381209
C1,mysql,128,1,9,3418958
C1A,mysql,128,1,9,2876875
C1,mysql,128,1,10,2791250
C1A,mysql,128,1,10,3308208
C1,mysql,128,8,0,6403209
C1A,mysql,128,8,0,7570541
C1,mysql,128,8,1,6066958
C1A,mysql,128,8,1,6888084
C1,mysql,128,8,2,8898833
C1A,mysql,128,8,2,7943417
C1,mysql,128,8,3,6054458
C1A,mysql,128,8,3,6748875
C1,mysql,128,8,4,5419708
C1A,mysql,128,8,4,7380000
C1,mysql,128,8,5,6155875
C1A,mysql,128,8,5,7013875
C1,mysql,128,8,6,5527166
C1A,mysql,128,8,6,7140458
C1,mysql,128,8,7,6334292
C1A,mysql,128,8,7,6171750
C1,mysql,128,8,8,6594084
C1A,mysql,128,8,8,7494417
C1,mysql,128,8,9,7615917
C1A,mysql,128,8,9,6426125
C1,mysql,128,8,10,7735625
C1A,mysql,128,8,10,7532458
C1,mysql,1024,1,0,4905250
C1A,mysql,1024,1,0,4441250
C1,mysql,1024,1,1,4667500
C1A,mysql,1024,1,1,4189791
C1,mysql,1024,1,2,4470875
C1A,mysql,1024,1,2,4474041
C1,mysql,1024,1,3,5043583
C1A,mysql,1024,1,3,4194375
C1,mysql,1024,1,4,4319750
C1A,mysql,1024,1,4,4736833
C1,mysql,1024,1,5,5090500
C1A,mysql,1024,1,5,4391625
C1,mysql,1024,1,6,5088000
C1A,mysql,1024,1,6,4515750
C1,mysql,1024,1,7,4556500
C1A,mysql,1024,1,7,4805750
C1,mysql,1024,1,8,4493458
C1A,mysql,1024,1,8,4243667
C1,mysql,1024,1,9,5132333
C1A,mysql,1024,1,9,4734708
C1,mysql,1024,1,10,4255875
C1A,mysql,1024,1,10,4579208
C1,mysql,1024,8,0,12127209
C1A,mysql,1024,8,0,13596208
C1,mysql,1024,8,1,11462375
C1A,mysql,1024,8,1,12569792
C1,mysql,1024,8,2,10815250
C1A,mysql,1024,8,2,11040000
C1,mysql,1024,8,3,9756250
C1A,mysql,1024,8,3,12628125
C1,mysql,1024,8,4,10971333
C1A,mysql,1024,8,4,10829667
C1,mysql,1024,8,5,13856792
C1A,mysql,1024,8,5,13162208
C1,mysql,1024,8,6,12025667
C1A,mysql,1024,8,6,12584625
C1,mysql,1024,8,7,13476542
C1A,mysql,1024,8,7,11536833
C1,mysql,1024,8,8,10381167
C1A,mysql,1024,8,8,9980334
C1,mysql,1024,8,9,12526541
C1A,mysql,1024,8,9,11443750
C1,mysql,1024,8,10,11788292
C1A,mysql,1024,8,10,11457875
test history::c1_tests::c1_sql_fixed_revisions ... ok

test result: ok. 1 passed; 0 failed; 0 ignored; 0 measured; 101 filtered out; finished in 11.71s

