
running 1 test
C1,postgres,16,1,0,3627708
C1A,postgres,16,1,0,2870917
C1,postgres,16,1,1,4782333
C1A,postgres,16,1,1,3164500
C1,postgres,16,1,2,2327250
C1A,postgres,16,1,2,2269750
C1,postgres,16,1,3,2054375
C1A,postgres,16,1,3,2157958
C1,postgres,16,1,4,1941834
C1A,postgres,16,1,4,2203167
C1,postgres,16,1,5,1933166
C1A,postgres,16,1,5,2107875
C1,postgres,16,1,6,1948750
C1A,postgres,16,1,6,2247709
C1,postgres,16,1,7,1996417
C1A,postgres,16,1,7,2156375
C1,postgres,16,1,8,2077833
C1A,postgres,16,1,8,2542166
C1,postgres,16,1,9,2000333
C1A,postgres,16,1,9,2137375
C1,postgres,16,1,10,2099708
C1A,postgres,16,1,10,2262750
C1,postgres,16,8,0,11385125
C1A,postgres,16,8,0,4876833
C1,postgres,16,8,1,3983666
C1A,postgres,16,8,1,4455292
C1,postgres,16,8,2,4175292
C1A,postgres,16,8,2,4532167
C1,postgres,16,8,3,4622500
C1A,postgres,16,8,3,3869084
C1,postgres,16,8,4,3564167
C1A,postgres,16,8,4,3830250
C1,postgres,16,8,5,3774542
C1A,postgres,16,8,5,3731541
C1,postgres,16,8,6,3782333
C1A,postgres,16,8,6,4508375
C1,postgres,16,8,7,3693458
C1A,postgres,16,8,7,4252334
C1,postgres,16,8,8,4060167
C1A,postgres,16,8,8,4159250
C1,postgres,16,8,9,4129375
C1A,postgres,16,8,9,4717875
C1,postgres,16,8,10,3503875
C1A,postgres,16,8,10,4392584
C1,postgres,128,1,0,1941416
C1A,postgres,128,1,0,2363833
C1,postgres,128,1,1,2157959
C1A,postgres,128,1,1,2435625
C1,postgres,128,1,2,2193583
C1A,postgres,128,1,2,2457291
C1,postgres,128,1,3,2174084
C1A,postgres,128,1,3,2576875
C1,postgres,128,1,4,1979667
C1A,postgres,128,1,4,2543292
C1,postgres,128,1,5,2145750
C1A,postgres,128,1,5,2472750
C1,postgres,128,1,6,2162000
C1A,postgres,128,1,6,2454917
C1,postgres,128,1,7,2610458
C1A,postgres,128,1,7,2402167
C1,postgres,128,1,8,2745666
C1A,postgres,128,1,8,2344791
C1,postgres,128,1,9,2384708
C1A,postgres,128,1,9,2440041
C1,postgres,128,1,10,2055167
C1A,postgres,128,1,10,2592791
C1,postgres,128,8,0,4145459
C1A,postgres,128,8,0,4987708
C1,postgres,128,8,1,4705125
C1A,postgres,128,8,1,5507958
C1,postgres,128,8,2,4472083
C1A,postgres,128,8,2,4432125
C1,postgres,128,8,3,3687667
C1A,postgres,128,8,3,4561666
C1,postgres,128,8,4,3570208
C1A,postgres,128,8,4,4094542
C1,postgres,128,8,5,3736500
C1A,postgres,128,8,5,4578542
C1,postgres,128,8,6,4287209
C1A,postgres,128,8,6,4702875
C1,postgres,128,8,7,4812292
C1A,postgres,128,8,7,4721583
C1,postgres,128,8,8,3962709
C1A,postgres,128,8,8,4325959
C1,postgres,128,8,9,3501458
C1A,postgres,128,8,9,3948625
C1,postgres,128,8,10,3714875
C1A,postgres,128,8,10,5065708
C1,postgres,1024,1,0,2017917
C1A,postgres,1024,1,0,2271541
C1,postgres,1024,1,1,2366083
C1A,postgres,1024,1,1,2457875
C1,postgres,1024,1,2,2271583
C1A,postgres,1024,1,2,2563625
C1,postgres,1024,1,3,2332750
C1A,postgres,1024,1,3,2523375
C1,postgres,1024,1,4,2324125
C1A,postgres,1024,1,4,2514458
C1,postgres,1024,1,5,2226708
C1A,postgres,1024,1,5,2890667
C1,postgres,1024,1,6,2502875
C1A,postgres,1024,1,6,2614167
C1,postgres,1024,1,7,2403583
C1A,postgres,1024,1,7,2620583
C1,postgres,1024,1,8,2418458
C1A,postgres,1024,1,8,2555708
C1,postgres,1024,1,9,2189958
C1A,postgres,1024,1,9,2549542
C1,postgres,1024,1,10,2265583
C1A,postgres,1024,1,10,2992833
C1,postgres,1024,8,0,4424417
C1A,postgres,1024,8,0,4257167
C1,postgres,1024,8,1,4690500
C1A,postgres,1024,8,1,4034500
C1,postgres,1024,8,2,3617750
C1A,postgres,1024,8,2,3969541
C1,postgres,1024,8,3,3873291
C1A,postgres,1024,8,3,3651958
C1,postgres,1024,8,4,4899875
C1A,postgres,1024,8,4,4943208
C1,postgres,1024,8,5,4726000
C1A,postgres,1024,8,5,4600459
C1,postgres,1024,8,6,4339875
C1A,postgres,1024,8,6,5743125
C1,postgres,1024,8,7,4145834
C1A,postgres,1024,8,7,4935791
C1,postgres,1024,8,8,4065084
C1A,postgres,1024,8,8,4390667
C1,postgres,1024,8,9,3999667
C1A,postgres,1024,8,9,3895875
C1,postgres,1024,8,10,5476875
C1A,postgres,1024,8,10,4072000
C1,mysql,16,1,0,7223125
C1A,mysql,16,1,0,3387625
C1,mysql,16,1,1,5332583
C1A,mysql,16,1,1,7165000
C1,mysql,16,1,2,7364417
C1A,mysql,16,1,2,5728416
C1,mysql,16,1,3,5332500
C1A,mysql,16,1,3,4640458
C1,mysql,16,1,4,2646125
C1A,mysql,16,1,4,2847125
C1,mysql,16,1,5,2346416
C1A,mysql,16,1,5,3046834
C1,mysql,16,1,6,2328167
C1A,mysql,16,1,6,3092083
C1,mysql,16,1,7,3398916
C1A,mysql,16,1,7,2560000
C1,mysql,16,1,8,3258209
C1A,mysql,16,1,8,2517792
C1,mysql,16,1,9,3516625
C1A,mysql,16,1,9,3008500
C1,mysql,16,1,10,2620958
C1A,mysql,16,1,10,2494417
C1,mysql,16,8,0,15568041
C1A,mysql,16,8,0,7536584
C1,mysql,16,8,1,5494875
C1A,mysql,16,8,1,6200292
C1,mysql,16,8,2,6104292
C1A,mysql,16,8,2,5511041
C1,mysql,16,8,3,5142959
C1A,mysql,16,8,3,5733375
C1,mysql,16,8,4,6272166
C1A,mysql,16,8,4,6758333
C1,mysql,16,8,5,7637709
C1A,mysql,16,8,5,7372834
C1,mysql,16,8,6,4869333
C1A,mysql,16,8,6,5132292
C1,mysql,16,8,7,5701000
C1A,mysql,16,8,7,4672375
C1,mysql,16,8,8,6503417
C1A,mysql,16,8,8,5578125
C1,mysql,16,8,9,6507667
C1A,mysql,16,8,9,5802000
C1,mysql,16,8,10,5591292
C1A,mysql,16,8,10,6247792
C1,mysql,128,1,0,2715625
C1A,mysql,128,1,0,2776667
C1,mysql,128,1,1,2459875
C1A,mysql,128,1,1,3492958
C1,mysql,128,1,2,4075166
C1A,mysql,128,1,2,3097458
C1,mysql,128,1,3,2653041
C1A,mysql,128,1,3,2707667
C1,mysql,128,1,4,2516500
C1A,mysql,128,1,4,2678084
C1,mysql,128,1,5,2371875
C1A,mysql,128,1,5,2822917
C1,mysql,128,1,6,2462708
C1A,mysql,128,1,6,2768083
C1,mysql,128,1,7,2346000
C1A,mysql,128,1,7,2576708
C1,mysql,128,1,8,3237250
C1A,mysql,128,1,8,2539916
C1,mysql,128,1,9,2563042
C1A,mysql,128,1,9,2925208
C1,mysql,128,1,10,2804167
C1A,mysql,128,1,10,3067958
C1,mysql,128,8,0,7247167
C1A,mysql,128,8,0,5340667
C1,mysql,128,8,1,6029709
C1A,mysql,128,8,1,8492291
C1,mysql,128,8,2,6280750
C1A,mysql,128,8,2,6603250
C1,mysql,128,8,3,5900167
C1A,mysql,128,8,3,8168500
C1,mysql,128,8,4,6120625
C1A,mysql,128,8,4,5503625
C1,mysql,128,8,5,7420958
C1A,mysql,128,8,5,6954500
C1,mysql,128,8,6,6850292
C1A,mysql,128,8,6,19867708
C1,mysql,128,8,7,5558792
C1A,mysql,128,8,7,7469625
C1,mysql,128,8,8,11043583
C1A,mysql,128,8,8,8030000
C1,mysql,128,8,9,7229375
C1A,mysql,128,8,9,6448958
C1,mysql,128,8,10,5400666
C1A,mysql,128,8,10,6065625
C1,mysql,1024,1,0,2451125
C1A,mysql,1024,1,0,3280917
C1,mysql,1024,1,1,3237667
C1A,mysql,1024,1,1,5703000
C1,mysql,1024,1,2,3381583
C1A,mysql,1024,1,2,2907958
C1,mysql,1024,1,3,5603083
C1A,mysql,1024,1,3,4947708
C1,mysql,1024,1,4,2887542
C1A,mysql,1024,1,4,4663000
C1,mysql,1024,1,5,3077709
C1A,mysql,1024,1,5,3132459
C1,mysql,1024,1,6,3245916
C1A,mysql,1024,1,6,2811666
C1,mysql,1024,1,7,3553792
C1A,mysql,1024,1,7,2768333
C1,mysql,1024,1,8,2854000
C1A,mysql,1024,1,8,3017000
C1,mysql,1024,1,9,4592959
C1A,mysql,1024,1,9,3590542
C1,mysql,1024,1,10,2676125
C1A,mysql,1024,1,10,3348834
C1,mysql,1024,8,0,5202417
C1A,mysql,1024,8,0,6751625
C1,mysql,1024,8,1,7221333
C1A,mysql,1024,8,1,6903167
C1,mysql,1024,8,2,6528084
C1A,mysql,1024,8,2,6421458
C1,mysql,1024,8,3,5974417
C1A,mysql,1024,8,3,7768250
C1,mysql,1024,8,4,6057250
C1A,mysql,1024,8,4,7238584
C1,mysql,1024,8,5,7658125
C1A,mysql,1024,8,5,8849584
C1,mysql,1024,8,6,6854000
C1A,mysql,1024,8,6,7717875
C1,mysql,1024,8,7,6139708
C1A,mysql,1024,8,7,5057167
C1,mysql,1024,8,8,5466333
C1A,mysql,1024,8,8,6258334
C1,mysql,1024,8,9,4875458
C1A,mysql,1024,8,9,6126334
C1,mysql,1024,8,10,6717250
C1A,mysql,1024,8,10,4737916
test history::c1_tests::c1_sql_fixed_revisions ... ok

test result: ok. 1 passed; 0 failed; 0 ignored; 0 measured; 101 filtered out; finished in 11.42s

