
running 1 test
C1,postgres,16,1,0,3534541
C1A,postgres,16,1,0,3012667
C1,postgres,16,1,1,2151333
C1A,postgres,16,1,1,2300500
C1,postgres,16,1,2,2228833
C1A,postgres,16,1,2,2267041
C1,postgres,16,1,3,1831042
C1A,postgres,16,1,3,2265084
C1,postgres,16,1,4,2152167
C1A,postgres,16,1,4,2102083
C1,postgres,16,1,5,2183000
C1A,postgres,16,1,5,2163084
C1,postgres,16,1,6,2014334
C1A,postgres,16,1,6,2263875
C1,postgres,16,1,7,2013333
C1A,postgres,16,1,7,2166250
C1,postgres,16,1,8,2129083
C1A,postgres,16,1,8,2193042
C1,postgres,16,1,9,2037167
C1A,postgres,16,1,9,2353125
C1,postgres,16,1,10,2093750
C1A,postgres,16,1,10,2079708
C1,postgres,16,8,0,11462209
C1A,postgres,16,8,0,5384542
C1,postgres,16,8,1,3757417
C1A,postgres,16,8,1,4700292
C1,postgres,16,8,2,4007125
C1A,postgres,16,8,2,4259750
C1,postgres,16,8,3,3511084
C1A,postgres,16,8,3,4533334
C1,postgres,16,8,4,3699000
C1A,postgres,16,8,4,4291667
C1,postgres,16,8,5,3796875
C1A,postgres,16,8,5,4775666
C1,postgres,16,8,6,3547750
C1A,postgres,16,8,6,4566375
C1,postgres,16,8,7,3440416
C1A,postgres,16,8,7,3931000
C1,postgres,16,8,8,4041500
C1A,postgres,16,8,8,4207708
C1,postgres,16,8,9,3502458
C1A,postgres,16,8,9,3877042
C1,postgres,16,8,10,3695167
C1A,postgres,16,8,10,3736125
C1,postgres,128,1,0,1970958
C1A,postgres,128,1,0,2066916
C1,postgres,128,1,1,2088584
C1A,postgres,128,1,1,2125333
C1,postgres,128,1,2,2096125
C1A,postgres,128,1,2,2120625
C1,postgres,128,1,3,1965292
C1A,postgres,128,1,3,2266625
C1,postgres,128,1,4,1989541
C1A,postgres,128,1,4,2195916
C1,postgres,128,1,5,1846084
C1A,postgres,128,1,5,2376875
C1,postgres,128,1,6,1945375
C1A,postgres,128,1,6,2323042
C1,postgres,128,1,7,1844541
C1A,postgres,128,1,7,2119042
C1,postgres,128,1,8,1943833
C1A,postgres,128,1,8,1992667
C1,postgres,128,1,9,1994042
C1A,postgres,128,1,9,2000459
C1,postgres,128,1,10,1998750
C1A,postgres,128,1,10,2305750
C1,postgres,128,8,0,4207209
C1A,postgres,128,8,0,4813375
C1,postgres,128,8,1,3855125
C1A,postgres,128,8,1,4564833
C1,postgres,128,8,2,4083084
C1A,postgres,128,8,2,4681667
C1,postgres,128,8,3,3466750
C1A,postgres,128,8,3,4471041
C1,postgres,128,8,4,4130666
C1A,postgres,128,8,4,4129709
C1,postgres,128,8,5,3903459
C1A,postgres,128,8,5,4406834
C1,postgres,128,8,6,4026084
C1A,postgres,128,8,6,4027500
C1,postgres,128,8,7,3863833
C1A,postgres,128,8,7,4087541
C1,postgres,128,8,8,5518208
C1A,postgres,128,8,8,4319834
C1,postgres,128,8,9,3510417
C1A,postgres,128,8,9,4125125
C1,postgres,128,8,10,3569458
C1A,postgres,128,8,10,3971208
C1,postgres,1024,1,0,2064375
C1A,postgres,1024,1,0,2194834
C1,postgres,1024,1,1,1995583
C1A,postgres,1024,1,1,2342625
C1,postgres,1024,1,2,2142541
C1A,postgres,1024,1,2,2622166
C1,postgres,1024,1,3,2611375
C1A,postgres,1024,1,3,2418833
C1,postgres,1024,1,4,2404834
C1A,postgres,1024,1,4,2447333
C1,postgres,1024,1,5,2291541
C1A,postgres,1024,1,5,2520000
C1,postgres,1024,1,6,2061208
C1A,postgres,1024,1,6,2314459
C1,postgres,1024,1,7,2288833
C1A,postgres,1024,1,7,2162583
C1,postgres,1024,1,8,2262042
C1A,postgres,1024,1,8,2619125
C1,postgres,1024,1,9,2130584
C1A,postgres,1024,1,9,2506666
C1,postgres,1024,1,10,2319625
C1A,postgres,1024,1,10,2614209
C1,postgres,1024,8,0,4692209
C1A,postgres,1024,8,0,4533708
C1,postgres,1024,8,1,3672167
C1A,postgres,1024,8,1,4040333
C1,postgres,1024,8,2,4721917
C1A,postgres,1024,8,2,4218250
C1,postgres,1024,8,3,4324833
C1A,postgres,1024,8,3,4138958
C1,postgres,1024,8,4,4057625
C1A,postgres,1024,8,4,4382167
C1,postgres,1024,8,5,4220459
C1A,postgres,1024,8,5,4183042
C1,postgres,1024,8,6,3871041
C1A,postgres,1024,8,6,3761792
C1,postgres,1024,8,7,5773459
C1A,postgres,1024,8,7,4146709
C1,postgres,1024,8,8,4098583
C1A,postgres,1024,8,8,4099833
C1,postgres,1024,8,9,3896416
C1A,postgres,1024,8,9,4010000
C1,postgres,1024,8,10,4269250
C1A,postgres,1024,8,10,4294500
C1,mysql,16,1,0,3945750
C1A,mysql,16,1,0,4131250
C1,mysql,16,1,1,3802208
C1A,mysql,16,1,1,3291875
C1,mysql,16,1,2,3106667
C1A,mysql,16,1,2,3780833
C1,mysql,16,1,3,3950292
C1A,mysql,16,1,3,2931416
C1,mysql,16,1,4,2756958
C1A,mysql,16,1,4,3484458
C1,mysql,16,1,5,2450041
C1A,mysql,16,1,5,2655166
C1,mysql,16,1,6,3202875
C1A,mysql,16,1,6,2475833
C1,mysql,16,1,7,2255125
C1A,mysql,16,1,7,3610583
C1,mysql,16,1,8,2299875
C1A,mysql,16,1,8,3853417
C1,mysql,16,1,9,2680333
C1A,mysql,16,1,9,2528584
C1,mysql,16,1,10,2531625
C1A,mysql,16,1,10,2609125
C1,mysql,16,8,0,13528667
C1A,mysql,16,8,0,6114000
C1,mysql,16,8,1,14591958
C1A,mysql,16,8,1,5991334
C1,mysql,16,8,2,5830375
C1A,mysql,16,8,2,6983958
C1,mysql,16,8,3,6007667
C1A,mysql,16,8,3,6957958
C1,mysql,16,8,4,5431917
C1A,mysql,16,8,4,6195667
C1,mysql,16,8,5,6907792
C1A,mysql,16,8,5,5044584
C1,mysql,16,8,6,4799708
C1A,mysql,16,8,6,5990709
C1,mysql,16,8,7,6260000
C1A,mysql,16,8,7,5678667
C1,mysql,16,8,8,4912708
C1A,mysql,16,8,8,5310625
C1,mysql,16,8,9,4860791
C1A,mysql,16,8,9,7945292
C1,mysql,16,8,10,6116083
C1A,mysql,16,8,10,4788000
C1,mysql,128,1,0,2520625
C1A,mysql,128,1,0,2709042
C1,mysql,128,1,1,2429375
C1A,mysql,128,1,1,2477458
C1,mysql,128,1,2,2515375
C1A,mysql,128,1,2,2548709
C1,mysql,128,1,3,2435125
C1A,mysql,128,1,3,2513875
C1,mysql,128,1,4,2510833
C1A,mysql,128,1,4,2515875
C1,mysql,128,1,5,2323792
C1A,mysql,128,1,5,3465083
C1,mysql,128,1,6,2355083
C1A,mysql,128,1,6,2689375
C1,mysql,128,1,7,2292250
C1A,mysql,128,1,7,2705167
C1,mysql,128,1,8,2246333
C1A,mysql,128,1,8,2732542
C1,mysql,128,1,9,2287792
C1A,mysql,128,1,9,2483208
C1,mysql,128,1,10,3172333
C1A,mysql,128,1,10,2708542
C1,mysql,128,8,0,5233917
C1A,mysql,128,8,0,6444542
C1,mysql,128,8,1,6129791
C1A,mysql,128,8,1,5861458
C1,mysql,128,8,2,6280542
C1A,mysql,128,8,2,7051125
C1,mysql,128,8,3,5294125
C1A,mysql,128,8,3,6138125
C1,mysql,128,8,4,4785167
C1A,mysql,128,8,4,5755500
C1,mysql,128,8,5,6294708
C1A,mysql,128,8,5,6792583
C1,mysql,128,8,6,5083125
C1A,mysql,128,8,6,6052334
C1,mysql,128,8,7,5466125
C1A,mysql,128,8,7,7225042
C1,mysql,128,8,8,6333250
C1A,mysql,128,8,8,7593667
C1,mysql,128,8,9,6370833
C1A,mysql,128,8,9,5976042
C1,mysql,128,8,10,6604792
C1A,mysql,128,8,10,7255667
C1,mysql,1024,1,0,3052583
C1A,mysql,1024,1,0,2818958
C1,mysql,1024,1,1,3670292
C1A,mysql,1024,1,1,3197833
C1,mysql,1024,1,2,3167917
C1A,mysql,1024,1,2,3712042
C1,mysql,1024,1,3,2724625
C1A,mysql,1024,1,3,3109000
C1,mysql,1024,1,4,3204917
C1A,mysql,1024,1,4,2944958
C1,mysql,1024,1,5,2866541
C1A,mysql,1024,1,5,3126333
C1,mysql,1024,1,6,2962459
C1A,mysql,1024,1,6,2955000
C1,mysql,1024,1,7,2946667
C1A,mysql,1024,1,7,3083750
C1,mysql,1024,1,8,5531958
C1A,mysql,1024,1,8,5591416
C1,mysql,1024,1,9,3240250
C1A,mysql,1024,1,9,2756458
C1,mysql,1024,1,10,3305916
C1A,mysql,1024,1,10,3170208
C1,mysql,1024,8,0,5979333
C1A,mysql,1024,8,0,9506167
C1,mysql,1024,8,1,6022291
C1A,mysql,1024,8,1,8052000
C1,mysql,1024,8,2,6080500
C1A,mysql,1024,8,2,7216000
C1,mysql,1024,8,3,7286209
C1A,mysql,1024,8,3,11268750
C1,mysql,1024,8,4,5261250
C1A,mysql,1024,8,4,6597959
C1,mysql,1024,8,5,9217458
C1A,mysql,1024,8,5,6949375
C1,mysql,1024,8,6,5368042
C1A,mysql,1024,8,6,7258750
C1,mysql,1024,8,7,7413750
C1A,mysql,1024,8,7,6491375
C1,mysql,1024,8,8,6038209
C1A,mysql,1024,8,8,5110334
C1,mysql,1024,8,9,6047250
C1A,mysql,1024,8,9,5894042
C1,mysql,1024,8,10,7324125
C1A,mysql,1024,8,10,5307583
test history::c1_tests::c1_sql_fixed_revisions ... ok

test result: ok. 1 passed; 0 failed; 0 ignored; 0 measured; 101 filtered out; finished in 11.24s

